Archive member included to satisfy reference by file (symbol)

c:/program files (x86)/atmel/studio/7.0/toolchain/avr8/avr8-gnu-toolchain/bin/../lib/gcc/avr/5.4.0/avrxmega2\libgcc.a(_divmodhi4.o)
                              games.o (__divmodhi4)
c:/program files (x86)/atmel/studio/7.0/toolchain/avr8/avr8-gnu-toolchain/bin/../lib/gcc/avr/5.4.0/avrxmega2\libgcc.a(_exit.o)
                              C:/Program Files (x86)/Atmel/Studio/7.0/Packs/atmel/XMEGAE_DFP/1.3.114/gcc/dev/atxmega16e5/avrxmega2/crtatxmega16e5.o (exit)
c:/program files (x86)/atmel/studio/7.0/toolchain/avr8/avr8-gnu-toolchain/bin/../lib/gcc/avr/5.4.0/avrxmega2\libgcc.a(_copy_data.o)
                              games.o (__do_copy_data)
c:/program files (x86)/atmel/studio/7.0/toolchain/avr8/avr8-gnu-toolchain/bin/../lib/gcc/avr/5.4.0/avrxmega2\libgcc.a(_clear_bss.o)
                              games.o (__do_clear_bss)
c:/program files (x86)/atmel/studio/7.0/toolchain/avr8/avr8-gnu-toolchain/bin/../lib/gcc/avr/5.4.0/avrxmega2\libgcc.a(_udivmodhi4.o)
                              c:/program files (x86)/atmel/studio/7.0/toolchain/avr8/avr8-gnu-toolchain/bin/../lib/gcc/avr/5.4.0/avrxmega2\libgcc.a(_divmodhi4.o) (__udivmodhi4)
c:/program files (x86)/atmel/studio/7.0/toolchain/avr8/avr8-gnu-toolchain/bin/../lib/gcc/avr/5.4.0/../../../../avr/lib/avrxmega2\libc.a(malloc.o)
                              games.o (malloc)
c:/program files (x86)/atmel/studio/7.0/toolchain/avr8/avr8-gnu-toolchain/bin/../lib/gcc/avr/5.4.0/../../../../avr/lib/avrxmega2\libc.a(rand.o)
                              games.o (rand)
C:/Program Files (x86)/Atmel/Studio/7.0/Packs/atmel/XMEGAE_DFP/1.3.114/gcc/dev/atxmega16e5/avrxmega2\libatxmega16e5.a(eerd_byte.o)
                              start_mode.o (eeprom_read_byte)
C:/Program Files (x86)/Atmel/Studio/7.0/Packs/atmel/XMEGAE_DFP/1.3.114/gcc/dev/atxmega16e5/avrxmega2\libatxmega16e5.a(eewr_byte.o)
                              start_mode.o (eeprom_write_byte)
c:/program files (x86)/atmel/studio/7.0/toolchain/avr8/avr8-gnu-toolchain/bin/../lib/gcc/avr/5.4.0/avrxmega2\libgcc.a(_divmodsi4.o)
                              c:/program files (x86)/atmel/studio/7.0/toolchain/avr8/avr8-gnu-toolchain/bin/../lib/gcc/avr/5.4.0/../../../../avr/lib/avrxmega2\libc.a(rand.o) (__divmodsi4)
c:/program files (x86)/atmel/studio/7.0/toolchain/avr8/avr8-gnu-toolchain/bin/../lib/gcc/avr/5.4.0/avrxmega2\libgcc.a(_negsi2.o)
                              c:/program files (x86)/atmel/studio/7.0/toolchain/avr8/avr8-gnu-toolchain/bin/../lib/gcc/avr/5.4.0/avrxmega2\libgcc.a(_divmodsi4.o) (__negsi2)
c:/program files (x86)/atmel/studio/7.0/toolchain/avr8/avr8-gnu-toolchain/bin/../lib/gcc/avr/5.4.0/avrxmega2\libgcc.a(_muluhisi3.o)
                              c:/program files (x86)/atmel/studio/7.0/toolchain/avr8/avr8-gnu-toolchain/bin/../lib/gcc/avr/5.4.0/../../../../avr/lib/avrxmega2\libc.a(rand.o) (__muluhisi3)
c:/program files (x86)/atmel/studio/7.0/toolchain/avr8/avr8-gnu-toolchain/bin/../lib/gcc/avr/5.4.0/avrxmega2\libgcc.a(_mulshisi3.o)
                              c:/program files (x86)/atmel/studio/7.0/toolchain/avr8/avr8-gnu-toolchain/bin/../lib/gcc/avr/5.4.0/../../../../avr/lib/avrxmega2\libc.a(rand.o) (__mulohisi3)
c:/program files (x86)/atmel/studio/7.0/toolchain/avr8/avr8-gnu-toolchain/bin/../lib/gcc/avr/5.4.0/avrxmega2\libgcc.a(_udivmodsi4.o)
                              c:/program files (x86)/atmel/studio/7.0/toolchain/avr8/avr8-gnu-toolchain/bin/../lib/gcc/avr/5.4.0/avrxmega2\libgcc.a(_divmodsi4.o) (__udivmodsi4)
c:/program files (x86)/atmel/studio/7.0/toolchain/avr8/avr8-gnu-toolchain/bin/../lib/gcc/avr/5.4.0/avrxmega2\libgcc.a(_umulhisi3.o)
                              c:/program files (x86)/atmel/studio/7.0/toolchain/avr8/avr8-gnu-toolchain/bin/../lib/gcc/avr/5.4.0/avrxmega2\libgcc.a(_muluhisi3.o) (__umulhisi3)

Allocating common symbols
Common symbol       size              file

sequence            0x2               games.o
ch1IntroExt         0x2               song_player.o
start_size          0x2               games.o
twi_repeat_cmd_sent
                    0x1               i2c.o
ch0MainExt          0x2               song_player.o
ch0Ext              0x2               song_player.o
ch0MainTrack        0x2               song_player.o
ch0IntroTrack       0x2               song_player.o
twi_no_of_bytes     0x2               i2c.o
handle_game_won_state
                    0x2               games.o
twi_repeat_mode     0x1               i2c.o
twi_data_count      0x2               i2c.o
twi_transfer_complete
                    0x1               i2c.o
__brkval            0x2               c:/program files (x86)/atmel/studio/7.0/toolchain/avr8/avr8-gnu-toolchain/bin/../lib/gcc/avr/5.4.0/../../../../avr/lib/avrxmega2\libc.a(malloc.o)
ch1MainExt          0x2               song_player.o
twi_repeat_data     0x1               i2c.o
update_display_callback_ptr
                    0x2               song_player.o
ch0IntroExt         0x2               song_player.o
leds                0xa8              light_player.o
start_notes         0x2               games.o
ch1MainTrack        0x2               song_player.o
ch1IntroTrack       0x2               song_player.o
ch1Track            0x2               song_player.o
sequence_init       0x2               games.o
twi_data            0x2               i2c.o
step                0x2               games.o
ch0Track            0x2               song_player.o
twi_repeat_cmd      0x1               i2c.o
__flp               0x2               c:/program files (x86)/atmel/studio/7.0/toolchain/avr8/avr8-gnu-toolchain/bin/../lib/gcc/avr/5.4.0/../../../../avr/lib/avrxmega2\libc.a(malloc.o)
ch1Ext              0x2               song_player.o

Discarded input sections

 .data          0x00000000        0x0 C:/Program Files (x86)/Atmel/Studio/7.0/Packs/atmel/XMEGAE_DFP/1.3.114/gcc/dev/atxmega16e5/avrxmega2/crtatxmega16e5.o
 .bss           0x00000000        0x0 C:/Program Files (x86)/Atmel/Studio/7.0/Packs/atmel/XMEGAE_DFP/1.3.114/gcc/dev/atxmega16e5/avrxmega2/crtatxmega16e5.o
 .text          0x00000000        0x0 games.o
 .data          0x00000000        0x0 games.o
 .bss           0x00000000        0x0 games.o
 .text          0x00000000        0x0 i2c.o
 .data          0x00000000        0x0 i2c.o
 .bss           0x00000000        0x0 i2c.o
 .text.twi_repeat
                0x00000000       0x38 i2c.o
 .text          0x00000000        0x0 io_expander.o
 .data          0x00000000        0x0 io_expander.o
 .bss           0x00000000        0x0 io_expander.o
 .text          0x00000000        0x0 light_player.o
 .data          0x00000000        0x0 light_player.o
 .bss           0x00000000        0x0 light_player.o
 .text          0x00000000        0x0 main.o
 .data          0x00000000        0x0 main.o
 .bss           0x00000000        0x0 main.o
 .text.update_display_song_play_cb
                0x00000000       0x14 main.o
 .text          0x00000000        0x0 note_player.o
 .data          0x00000000        0x0 note_player.o
 .bss           0x00000000        0x0 note_player.o
 .text          0x00000000        0x0 rand_seed.o
 .data          0x00000000        0x0 rand_seed.o
 .bss           0x00000000        0x0 rand_seed.o
 .text          0x00000000        0x0 song_player.o
 .data          0x00000000        0x0 song_player.o
 .bss           0x00000000        0x0 song_player.o
 .text          0x00000000        0x0 start_mode.o
 .data          0x00000000        0x0 start_mode.o
 .bss           0x00000000        0x0 start_mode.o
 .text          0x00000000        0x0 ws2812drv.o
 .data          0x00000000        0x0 ws2812drv.o
 .bss           0x00000000        0x0 ws2812drv.o
 .text.ws2812drv_busy
                0x00000000        0xe ws2812drv.o
 .text          0x00000000        0x0 c:/program files (x86)/atmel/studio/7.0/toolchain/avr8/avr8-gnu-toolchain/bin/../lib/gcc/avr/5.4.0/avrxmega2\libgcc.a(_divmodhi4.o)
 .data          0x00000000        0x0 c:/program files (x86)/atmel/studio/7.0/toolchain/avr8/avr8-gnu-toolchain/bin/../lib/gcc/avr/5.4.0/avrxmega2\libgcc.a(_divmodhi4.o)
 .bss           0x00000000        0x0 c:/program files (x86)/atmel/studio/7.0/toolchain/avr8/avr8-gnu-toolchain/bin/../lib/gcc/avr/5.4.0/avrxmega2\libgcc.a(_divmodhi4.o)
 .text.libgcc.mul
                0x00000000        0x0 c:/program files (x86)/atmel/studio/7.0/toolchain/avr8/avr8-gnu-toolchain/bin/../lib/gcc/avr/5.4.0/avrxmega2\libgcc.a(_divmodhi4.o)
 .text.libgcc   0x00000000        0x0 c:/program files (x86)/atmel/studio/7.0/toolchain/avr8/avr8-gnu-toolchain/bin/../lib/gcc/avr/5.4.0/avrxmega2\libgcc.a(_divmodhi4.o)
 .text.libgcc.prologue
                0x00000000        0x0 c:/program files (x86)/atmel/studio/7.0/toolchain/avr8/avr8-gnu-toolchain/bin/../lib/gcc/avr/5.4.0/avrxmega2\libgcc.a(_divmodhi4.o)
 .text.libgcc.builtins
                0x00000000        0x0 c:/program files (x86)/atmel/studio/7.0/toolchain/avr8/avr8-gnu-toolchain/bin/../lib/gcc/avr/5.4.0/avrxmega2\libgcc.a(_divmodhi4.o)
 .text.libgcc.fmul
                0x00000000        0x0 c:/program files (x86)/atmel/studio/7.0/toolchain/avr8/avr8-gnu-toolchain/bin/../lib/gcc/avr/5.4.0/avrxmega2\libgcc.a(_divmodhi4.o)
 .text.libgcc.fixed
                0x00000000        0x0 c:/program files (x86)/atmel/studio/7.0/toolchain/avr8/avr8-gnu-toolchain/bin/../lib/gcc/avr/5.4.0/avrxmega2\libgcc.a(_divmodhi4.o)
 .text          0x00000000        0x0 c:/program files (x86)/atmel/studio/7.0/toolchain/avr8/avr8-gnu-toolchain/bin/../lib/gcc/avr/5.4.0/avrxmega2\libgcc.a(_exit.o)
 .data          0x00000000        0x0 c:/program files (x86)/atmel/studio/7.0/toolchain/avr8/avr8-gnu-toolchain/bin/../lib/gcc/avr/5.4.0/avrxmega2\libgcc.a(_exit.o)
 .bss           0x00000000        0x0 c:/program files (x86)/atmel/studio/7.0/toolchain/avr8/avr8-gnu-toolchain/bin/../lib/gcc/avr/5.4.0/avrxmega2\libgcc.a(_exit.o)
 .text.libgcc.mul
                0x00000000        0x0 c:/program files (x86)/atmel/studio/7.0/toolchain/avr8/avr8-gnu-toolchain/bin/../lib/gcc/avr/5.4.0/avrxmega2\libgcc.a(_exit.o)
 .text.libgcc.div
                0x00000000        0x0 c:/program files (x86)/atmel/studio/7.0/toolchain/avr8/avr8-gnu-toolchain/bin/../lib/gcc/avr/5.4.0/avrxmega2\libgcc.a(_exit.o)
 .text.libgcc   0x00000000        0x0 c:/program files (x86)/atmel/studio/7.0/toolchain/avr8/avr8-gnu-toolchain/bin/../lib/gcc/avr/5.4.0/avrxmega2\libgcc.a(_exit.o)
 .text.libgcc.prologue
                0x00000000        0x0 c:/program files (x86)/atmel/studio/7.0/toolchain/avr8/avr8-gnu-toolchain/bin/../lib/gcc/avr/5.4.0/avrxmega2\libgcc.a(_exit.o)
 .text.libgcc.builtins
                0x00000000        0x0 c:/program files (x86)/atmel/studio/7.0/toolchain/avr8/avr8-gnu-toolchain/bin/../lib/gcc/avr/5.4.0/avrxmega2\libgcc.a(_exit.o)
 .text.libgcc.fmul
                0x00000000        0x0 c:/program files (x86)/atmel/studio/7.0/toolchain/avr8/avr8-gnu-toolchain/bin/../lib/gcc/avr/5.4.0/avrxmega2\libgcc.a(_exit.o)
 .text.libgcc.fixed
                0x00000000        0x0 c:/program files (x86)/atmel/studio/7.0/toolchain/avr8/avr8-gnu-toolchain/bin/../lib/gcc/avr/5.4.0/avrxmega2\libgcc.a(_exit.o)
 .text          0x00000000        0x0 c:/program files (x86)/atmel/studio/7.0/toolchain/avr8/avr8-gnu-toolchain/bin/../lib/gcc/avr/5.4.0/avrxmega2\libgcc.a(_copy_data.o)
 .data          0x00000000        0x0 c:/program files (x86)/atmel/studio/7.0/toolchain/avr8/avr8-gnu-toolchain/bin/../lib/gcc/avr/5.4.0/avrxmega2\libgcc.a(_copy_data.o)
 .bss           0x00000000        0x0 c:/program files (x86)/atmel/studio/7.0/toolchain/avr8/avr8-gnu-toolchain/bin/../lib/gcc/avr/5.4.0/avrxmega2\libgcc.a(_copy_data.o)
 .text.libgcc.mul
                0x00000000        0x0 c:/program files (x86)/atmel/studio/7.0/toolchain/avr8/avr8-gnu-toolchain/bin/../lib/gcc/avr/5.4.0/avrxmega2\libgcc.a(_copy_data.o)
 .text.libgcc.div
                0x00000000        0x0 c:/program files (x86)/atmel/studio/7.0/toolchain/avr8/avr8-gnu-toolchain/bin/../lib/gcc/avr/5.4.0/avrxmega2\libgcc.a(_copy_data.o)
 .text.libgcc   0x00000000        0x0 c:/program files (x86)/atmel/studio/7.0/toolchain/avr8/avr8-gnu-toolchain/bin/../lib/gcc/avr/5.4.0/avrxmega2\libgcc.a(_copy_data.o)
 .text.libgcc.prologue
                0x00000000        0x0 c:/program files (x86)/atmel/studio/7.0/toolchain/avr8/avr8-gnu-toolchain/bin/../lib/gcc/avr/5.4.0/avrxmega2\libgcc.a(_copy_data.o)
 .text.libgcc.builtins
                0x00000000        0x0 c:/program files (x86)/atmel/studio/7.0/toolchain/avr8/avr8-gnu-toolchain/bin/../lib/gcc/avr/5.4.0/avrxmega2\libgcc.a(_copy_data.o)
 .text.libgcc.fmul
                0x00000000        0x0 c:/program files (x86)/atmel/studio/7.0/toolchain/avr8/avr8-gnu-toolchain/bin/../lib/gcc/avr/5.4.0/avrxmega2\libgcc.a(_copy_data.o)
 .text.libgcc.fixed
                0x00000000        0x0 c:/program files (x86)/atmel/studio/7.0/toolchain/avr8/avr8-gnu-toolchain/bin/../lib/gcc/avr/5.4.0/avrxmega2\libgcc.a(_copy_data.o)
 .text          0x00000000        0x0 c:/program files (x86)/atmel/studio/7.0/toolchain/avr8/avr8-gnu-toolchain/bin/../lib/gcc/avr/5.4.0/avrxmega2\libgcc.a(_clear_bss.o)
 .data          0x00000000        0x0 c:/program files (x86)/atmel/studio/7.0/toolchain/avr8/avr8-gnu-toolchain/bin/../lib/gcc/avr/5.4.0/avrxmega2\libgcc.a(_clear_bss.o)
 .bss           0x00000000        0x0 c:/program files (x86)/atmel/studio/7.0/toolchain/avr8/avr8-gnu-toolchain/bin/../lib/gcc/avr/5.4.0/avrxmega2\libgcc.a(_clear_bss.o)
 .text.libgcc.mul
                0x00000000        0x0 c:/program files (x86)/atmel/studio/7.0/toolchain/avr8/avr8-gnu-toolchain/bin/../lib/gcc/avr/5.4.0/avrxmega2\libgcc.a(_clear_bss.o)
 .text.libgcc.div
                0x00000000        0x0 c:/program files (x86)/atmel/studio/7.0/toolchain/avr8/avr8-gnu-toolchain/bin/../lib/gcc/avr/5.4.0/avrxmega2\libgcc.a(_clear_bss.o)
 .text.libgcc   0x00000000        0x0 c:/program files (x86)/atmel/studio/7.0/toolchain/avr8/avr8-gnu-toolchain/bin/../lib/gcc/avr/5.4.0/avrxmega2\libgcc.a(_clear_bss.o)
 .text.libgcc.prologue
                0x00000000        0x0 c:/program files (x86)/atmel/studio/7.0/toolchain/avr8/avr8-gnu-toolchain/bin/../lib/gcc/avr/5.4.0/avrxmega2\libgcc.a(_clear_bss.o)
 .text.libgcc.builtins
                0x00000000        0x0 c:/program files (x86)/atmel/studio/7.0/toolchain/avr8/avr8-gnu-toolchain/bin/../lib/gcc/avr/5.4.0/avrxmega2\libgcc.a(_clear_bss.o)
 .text.libgcc.fmul
                0x00000000        0x0 c:/program files (x86)/atmel/studio/7.0/toolchain/avr8/avr8-gnu-toolchain/bin/../lib/gcc/avr/5.4.0/avrxmega2\libgcc.a(_clear_bss.o)
 .text.libgcc.fixed
                0x00000000        0x0 c:/program files (x86)/atmel/studio/7.0/toolchain/avr8/avr8-gnu-toolchain/bin/../lib/gcc/avr/5.4.0/avrxmega2\libgcc.a(_clear_bss.o)
 .text          0x00000000        0x0 c:/program files (x86)/atmel/studio/7.0/toolchain/avr8/avr8-gnu-toolchain/bin/../lib/gcc/avr/5.4.0/avrxmega2\libgcc.a(_udivmodhi4.o)
 .data          0x00000000        0x0 c:/program files (x86)/atmel/studio/7.0/toolchain/avr8/avr8-gnu-toolchain/bin/../lib/gcc/avr/5.4.0/avrxmega2\libgcc.a(_udivmodhi4.o)
 .bss           0x00000000        0x0 c:/program files (x86)/atmel/studio/7.0/toolchain/avr8/avr8-gnu-toolchain/bin/../lib/gcc/avr/5.4.0/avrxmega2\libgcc.a(_udivmodhi4.o)
 .text.libgcc.mul
                0x00000000        0x0 c:/program files (x86)/atmel/studio/7.0/toolchain/avr8/avr8-gnu-toolchain/bin/../lib/gcc/avr/5.4.0/avrxmega2\libgcc.a(_udivmodhi4.o)
 .text.libgcc   0x00000000        0x0 c:/program files (x86)/atmel/studio/7.0/toolchain/avr8/avr8-gnu-toolchain/bin/../lib/gcc/avr/5.4.0/avrxmega2\libgcc.a(_udivmodhi4.o)
 .text.libgcc.prologue
                0x00000000        0x0 c:/program files (x86)/atmel/studio/7.0/toolchain/avr8/avr8-gnu-toolchain/bin/../lib/gcc/avr/5.4.0/avrxmega2\libgcc.a(_udivmodhi4.o)
 .text.libgcc.builtins
                0x00000000        0x0 c:/program files (x86)/atmel/studio/7.0/toolchain/avr8/avr8-gnu-toolchain/bin/../lib/gcc/avr/5.4.0/avrxmega2\libgcc.a(_udivmodhi4.o)
 .text.libgcc.fmul
                0x00000000        0x0 c:/program files (x86)/atmel/studio/7.0/toolchain/avr8/avr8-gnu-toolchain/bin/../lib/gcc/avr/5.4.0/avrxmega2\libgcc.a(_udivmodhi4.o)
 .text.libgcc.fixed
                0x00000000        0x0 c:/program files (x86)/atmel/studio/7.0/toolchain/avr8/avr8-gnu-toolchain/bin/../lib/gcc/avr/5.4.0/avrxmega2\libgcc.a(_udivmodhi4.o)
 .text          0x00000000        0x0 c:/program files (x86)/atmel/studio/7.0/toolchain/avr8/avr8-gnu-toolchain/bin/../lib/gcc/avr/5.4.0/../../../../avr/lib/avrxmega2\libc.a(malloc.o)
 .bss           0x00000000        0x0 c:/program files (x86)/atmel/studio/7.0/toolchain/avr8/avr8-gnu-toolchain/bin/../lib/gcc/avr/5.4.0/../../../../avr/lib/avrxmega2\libc.a(malloc.o)
 .text          0x00000000        0x0 c:/program files (x86)/atmel/studio/7.0/toolchain/avr8/avr8-gnu-toolchain/bin/../lib/gcc/avr/5.4.0/../../../../avr/lib/avrxmega2\libc.a(rand.o)
 .bss           0x00000000        0x0 c:/program files (x86)/atmel/studio/7.0/toolchain/avr8/avr8-gnu-toolchain/bin/../lib/gcc/avr/5.4.0/../../../../avr/lib/avrxmega2\libc.a(rand.o)
 .text          0x00000000        0x0 C:/Program Files (x86)/Atmel/Studio/7.0/Packs/atmel/XMEGAE_DFP/1.3.114/gcc/dev/atxmega16e5/avrxmega2\libatxmega16e5.a(eerd_byte.o)
 .data          0x00000000        0x0 C:/Program Files (x86)/Atmel/Studio/7.0/Packs/atmel/XMEGAE_DFP/1.3.114/gcc/dev/atxmega16e5/avrxmega2\libatxmega16e5.a(eerd_byte.o)
 .bss           0x00000000        0x0 C:/Program Files (x86)/Atmel/Studio/7.0/Packs/atmel/XMEGAE_DFP/1.3.114/gcc/dev/atxmega16e5/avrxmega2\libatxmega16e5.a(eerd_byte.o)
 .text          0x00000000        0x0 C:/Program Files (x86)/Atmel/Studio/7.0/Packs/atmel/XMEGAE_DFP/1.3.114/gcc/dev/atxmega16e5/avrxmega2\libatxmega16e5.a(eewr_byte.o)
 .data          0x00000000        0x0 C:/Program Files (x86)/Atmel/Studio/7.0/Packs/atmel/XMEGAE_DFP/1.3.114/gcc/dev/atxmega16e5/avrxmega2\libatxmega16e5.a(eewr_byte.o)
 .bss           0x00000000        0x0 C:/Program Files (x86)/Atmel/Studio/7.0/Packs/atmel/XMEGAE_DFP/1.3.114/gcc/dev/atxmega16e5/avrxmega2\libatxmega16e5.a(eewr_byte.o)
 .text          0x00000000        0x0 c:/program files (x86)/atmel/studio/7.0/toolchain/avr8/avr8-gnu-toolchain/bin/../lib/gcc/avr/5.4.0/avrxmega2\libgcc.a(_divmodsi4.o)
 .data          0x00000000        0x0 c:/program files (x86)/atmel/studio/7.0/toolchain/avr8/avr8-gnu-toolchain/bin/../lib/gcc/avr/5.4.0/avrxmega2\libgcc.a(_divmodsi4.o)
 .bss           0x00000000        0x0 c:/program files (x86)/atmel/studio/7.0/toolchain/avr8/avr8-gnu-toolchain/bin/../lib/gcc/avr/5.4.0/avrxmega2\libgcc.a(_divmodsi4.o)
 .text.libgcc.mul
                0x00000000        0x0 c:/program files (x86)/atmel/studio/7.0/toolchain/avr8/avr8-gnu-toolchain/bin/../lib/gcc/avr/5.4.0/avrxmega2\libgcc.a(_divmodsi4.o)
 .text.libgcc   0x00000000        0x0 c:/program files (x86)/atmel/studio/7.0/toolchain/avr8/avr8-gnu-toolchain/bin/../lib/gcc/avr/5.4.0/avrxmega2\libgcc.a(_divmodsi4.o)
 .text.libgcc.prologue
                0x00000000        0x0 c:/program files (x86)/atmel/studio/7.0/toolchain/avr8/avr8-gnu-toolchain/bin/../lib/gcc/avr/5.4.0/avrxmega2\libgcc.a(_divmodsi4.o)
 .text.libgcc.builtins
                0x00000000        0x0 c:/program files (x86)/atmel/studio/7.0/toolchain/avr8/avr8-gnu-toolchain/bin/../lib/gcc/avr/5.4.0/avrxmega2\libgcc.a(_divmodsi4.o)
 .text.libgcc.fmul
                0x00000000        0x0 c:/program files (x86)/atmel/studio/7.0/toolchain/avr8/avr8-gnu-toolchain/bin/../lib/gcc/avr/5.4.0/avrxmega2\libgcc.a(_divmodsi4.o)
 .text.libgcc.fixed
                0x00000000        0x0 c:/program files (x86)/atmel/studio/7.0/toolchain/avr8/avr8-gnu-toolchain/bin/../lib/gcc/avr/5.4.0/avrxmega2\libgcc.a(_divmodsi4.o)
 .text          0x00000000        0x0 c:/program files (x86)/atmel/studio/7.0/toolchain/avr8/avr8-gnu-toolchain/bin/../lib/gcc/avr/5.4.0/avrxmega2\libgcc.a(_negsi2.o)
 .data          0x00000000        0x0 c:/program files (x86)/atmel/studio/7.0/toolchain/avr8/avr8-gnu-toolchain/bin/../lib/gcc/avr/5.4.0/avrxmega2\libgcc.a(_negsi2.o)
 .bss           0x00000000        0x0 c:/program files (x86)/atmel/studio/7.0/toolchain/avr8/avr8-gnu-toolchain/bin/../lib/gcc/avr/5.4.0/avrxmega2\libgcc.a(_negsi2.o)
 .text.libgcc.mul
                0x00000000        0x0 c:/program files (x86)/atmel/studio/7.0/toolchain/avr8/avr8-gnu-toolchain/bin/../lib/gcc/avr/5.4.0/avrxmega2\libgcc.a(_negsi2.o)
 .text.libgcc   0x00000000        0x0 c:/program files (x86)/atmel/studio/7.0/toolchain/avr8/avr8-gnu-toolchain/bin/../lib/gcc/avr/5.4.0/avrxmega2\libgcc.a(_negsi2.o)
 .text.libgcc.prologue
                0x00000000        0x0 c:/program files (x86)/atmel/studio/7.0/toolchain/avr8/avr8-gnu-toolchain/bin/../lib/gcc/avr/5.4.0/avrxmega2\libgcc.a(_negsi2.o)
 .text.libgcc.builtins
                0x00000000        0x0 c:/program files (x86)/atmel/studio/7.0/toolchain/avr8/avr8-gnu-toolchain/bin/../lib/gcc/avr/5.4.0/avrxmega2\libgcc.a(_negsi2.o)
 .text.libgcc.fmul
                0x00000000        0x0 c:/program files (x86)/atmel/studio/7.0/toolchain/avr8/avr8-gnu-toolchain/bin/../lib/gcc/avr/5.4.0/avrxmega2\libgcc.a(_negsi2.o)
 .text.libgcc.fixed
                0x00000000        0x0 c:/program files (x86)/atmel/studio/7.0/toolchain/avr8/avr8-gnu-toolchain/bin/../lib/gcc/avr/5.4.0/avrxmega2\libgcc.a(_negsi2.o)
 .text          0x00000000        0x0 c:/program files (x86)/atmel/studio/7.0/toolchain/avr8/avr8-gnu-toolchain/bin/../lib/gcc/avr/5.4.0/avrxmega2\libgcc.a(_muluhisi3.o)
 .data          0x00000000        0x0 c:/program files (x86)/atmel/studio/7.0/toolchain/avr8/avr8-gnu-toolchain/bin/../lib/gcc/avr/5.4.0/avrxmega2\libgcc.a(_muluhisi3.o)
 .bss           0x00000000        0x0 c:/program files (x86)/atmel/studio/7.0/toolchain/avr8/avr8-gnu-toolchain/bin/../lib/gcc/avr/5.4.0/avrxmega2\libgcc.a(_muluhisi3.o)
 .text.libgcc.div
                0x00000000        0x0 c:/program files (x86)/atmel/studio/7.0/toolchain/avr8/avr8-gnu-toolchain/bin/../lib/gcc/avr/5.4.0/avrxmega2\libgcc.a(_muluhisi3.o)
 .text.libgcc   0x00000000        0x0 c:/program files (x86)/atmel/studio/7.0/toolchain/avr8/avr8-gnu-toolchain/bin/../lib/gcc/avr/5.4.0/avrxmega2\libgcc.a(_muluhisi3.o)
 .text.libgcc.prologue
                0x00000000        0x0 c:/program files (x86)/atmel/studio/7.0/toolchain/avr8/avr8-gnu-toolchain/bin/../lib/gcc/avr/5.4.0/avrxmega2\libgcc.a(_muluhisi3.o)
 .text.libgcc.builtins
                0x00000000        0x0 c:/program files (x86)/atmel/studio/7.0/toolchain/avr8/avr8-gnu-toolchain/bin/../lib/gcc/avr/5.4.0/avrxmega2\libgcc.a(_muluhisi3.o)
 .text.libgcc.fmul
                0x00000000        0x0 c:/program files (x86)/atmel/studio/7.0/toolchain/avr8/avr8-gnu-toolchain/bin/../lib/gcc/avr/5.4.0/avrxmega2\libgcc.a(_muluhisi3.o)
 .text.libgcc.fixed
                0x00000000        0x0 c:/program files (x86)/atmel/studio/7.0/toolchain/avr8/avr8-gnu-toolchain/bin/../lib/gcc/avr/5.4.0/avrxmega2\libgcc.a(_muluhisi3.o)
 .text          0x00000000        0x0 c:/program files (x86)/atmel/studio/7.0/toolchain/avr8/avr8-gnu-toolchain/bin/../lib/gcc/avr/5.4.0/avrxmega2\libgcc.a(_mulshisi3.o)
 .data          0x00000000        0x0 c:/program files (x86)/atmel/studio/7.0/toolchain/avr8/avr8-gnu-toolchain/bin/../lib/gcc/avr/5.4.0/avrxmega2\libgcc.a(_mulshisi3.o)
 .bss           0x00000000        0x0 c:/program files (x86)/atmel/studio/7.0/toolchain/avr8/avr8-gnu-toolchain/bin/../lib/gcc/avr/5.4.0/avrxmega2\libgcc.a(_mulshisi3.o)
 .text.libgcc.div
                0x00000000        0x0 c:/program files (x86)/atmel/studio/7.0/toolchain/avr8/avr8-gnu-toolchain/bin/../lib/gcc/avr/5.4.0/avrxmega2\libgcc.a(_mulshisi3.o)
 .text.libgcc   0x00000000        0x0 c:/program files (x86)/atmel/studio/7.0/toolchain/avr8/avr8-gnu-toolchain/bin/../lib/gcc/avr/5.4.0/avrxmega2\libgcc.a(_mulshisi3.o)
 .text.libgcc.prologue
                0x00000000        0x0 c:/program files (x86)/atmel/studio/7.0/toolchain/avr8/avr8-gnu-toolchain/bin/../lib/gcc/avr/5.4.0/avrxmega2\libgcc.a(_mulshisi3.o)
 .text.libgcc.builtins
                0x00000000        0x0 c:/program files (x86)/atmel/studio/7.0/toolchain/avr8/avr8-gnu-toolchain/bin/../lib/gcc/avr/5.4.0/avrxmega2\libgcc.a(_mulshisi3.o)
 .text.libgcc.fmul
                0x00000000        0x0 c:/program files (x86)/atmel/studio/7.0/toolchain/avr8/avr8-gnu-toolchain/bin/../lib/gcc/avr/5.4.0/avrxmega2\libgcc.a(_mulshisi3.o)
 .text.libgcc.fixed
                0x00000000        0x0 c:/program files (x86)/atmel/studio/7.0/toolchain/avr8/avr8-gnu-toolchain/bin/../lib/gcc/avr/5.4.0/avrxmega2\libgcc.a(_mulshisi3.o)
 .text          0x00000000        0x0 c:/program files (x86)/atmel/studio/7.0/toolchain/avr8/avr8-gnu-toolchain/bin/../lib/gcc/avr/5.4.0/avrxmega2\libgcc.a(_udivmodsi4.o)
 .data          0x00000000        0x0 c:/program files (x86)/atmel/studio/7.0/toolchain/avr8/avr8-gnu-toolchain/bin/../lib/gcc/avr/5.4.0/avrxmega2\libgcc.a(_udivmodsi4.o)
 .bss           0x00000000        0x0 c:/program files (x86)/atmel/studio/7.0/toolchain/avr8/avr8-gnu-toolchain/bin/../lib/gcc/avr/5.4.0/avrxmega2\libgcc.a(_udivmodsi4.o)
 .text.libgcc.mul
                0x00000000        0x0 c:/program files (x86)/atmel/studio/7.0/toolchain/avr8/avr8-gnu-toolchain/bin/../lib/gcc/avr/5.4.0/avrxmega2\libgcc.a(_udivmodsi4.o)
 .text.libgcc   0x00000000        0x0 c:/program files (x86)/atmel/studio/7.0/toolchain/avr8/avr8-gnu-toolchain/bin/../lib/gcc/avr/5.4.0/avrxmega2\libgcc.a(_udivmodsi4.o)
 .text.libgcc.prologue
                0x00000000        0x0 c:/program files (x86)/atmel/studio/7.0/toolchain/avr8/avr8-gnu-toolchain/bin/../lib/gcc/avr/5.4.0/avrxmega2\libgcc.a(_udivmodsi4.o)
 .text.libgcc.builtins
                0x00000000        0x0 c:/program files (x86)/atmel/studio/7.0/toolchain/avr8/avr8-gnu-toolchain/bin/../lib/gcc/avr/5.4.0/avrxmega2\libgcc.a(_udivmodsi4.o)
 .text.libgcc.fmul
                0x00000000        0x0 c:/program files (x86)/atmel/studio/7.0/toolchain/avr8/avr8-gnu-toolchain/bin/../lib/gcc/avr/5.4.0/avrxmega2\libgcc.a(_udivmodsi4.o)
 .text.libgcc.fixed
                0x00000000        0x0 c:/program files (x86)/atmel/studio/7.0/toolchain/avr8/avr8-gnu-toolchain/bin/../lib/gcc/avr/5.4.0/avrxmega2\libgcc.a(_udivmodsi4.o)
 .text          0x00000000        0x0 c:/program files (x86)/atmel/studio/7.0/toolchain/avr8/avr8-gnu-toolchain/bin/../lib/gcc/avr/5.4.0/avrxmega2\libgcc.a(_umulhisi3.o)
 .data          0x00000000        0x0 c:/program files (x86)/atmel/studio/7.0/toolchain/avr8/avr8-gnu-toolchain/bin/../lib/gcc/avr/5.4.0/avrxmega2\libgcc.a(_umulhisi3.o)
 .bss           0x00000000        0x0 c:/program files (x86)/atmel/studio/7.0/toolchain/avr8/avr8-gnu-toolchain/bin/../lib/gcc/avr/5.4.0/avrxmega2\libgcc.a(_umulhisi3.o)
 .text.libgcc.div
                0x00000000        0x0 c:/program files (x86)/atmel/studio/7.0/toolchain/avr8/avr8-gnu-toolchain/bin/../lib/gcc/avr/5.4.0/avrxmega2\libgcc.a(_umulhisi3.o)
 .text.libgcc   0x00000000        0x0 c:/program files (x86)/atmel/studio/7.0/toolchain/avr8/avr8-gnu-toolchain/bin/../lib/gcc/avr/5.4.0/avrxmega2\libgcc.a(_umulhisi3.o)
 .text.libgcc.prologue
                0x00000000        0x0 c:/program files (x86)/atmel/studio/7.0/toolchain/avr8/avr8-gnu-toolchain/bin/../lib/gcc/avr/5.4.0/avrxmega2\libgcc.a(_umulhisi3.o)
 .text.libgcc.builtins
                0x00000000        0x0 c:/program files (x86)/atmel/studio/7.0/toolchain/avr8/avr8-gnu-toolchain/bin/../lib/gcc/avr/5.4.0/avrxmega2\libgcc.a(_umulhisi3.o)
 .text.libgcc.fmul
                0x00000000        0x0 c:/program files (x86)/atmel/studio/7.0/toolchain/avr8/avr8-gnu-toolchain/bin/../lib/gcc/avr/5.4.0/avrxmega2\libgcc.a(_umulhisi3.o)
 .text.libgcc.fixed
                0x00000000        0x0 c:/program files (x86)/atmel/studio/7.0/toolchain/avr8/avr8-gnu-toolchain/bin/../lib/gcc/avr/5.4.0/avrxmega2\libgcc.a(_umulhisi3.o)

Memory Configuration

Name             Origin             Length             Attributes
text             0x00000000         0x00005000         xr
data             0x00802000         0x00000800         rw !x
eeprom           0x00810000         0x00000200         rw !x
fuse             0x00820000         0x00000007         rw !x
lock             0x00830000         0x00000400         rw !x
signature        0x00840000         0x00000400         rw !x
user_signatures  0x00850000         0x00000400         rw !x
*default*        0x00000000         0xffffffff

Linker script and memory map

LOAD C:/Program Files (x86)/Atmel/Studio/7.0/Packs/atmel/XMEGAE_DFP/1.3.114/gcc/dev/atxmega16e5/avrxmega2/crtatxmega16e5.o
LOAD games.o
LOAD i2c.o
LOAD io_expander.o
LOAD light_player.o
LOAD main.o
LOAD note_player.o
LOAD rand_seed.o
LOAD song_player.o
LOAD start_mode.o
LOAD ws2812drv.o
START GROUP
LOAD c:/program files (x86)/atmel/studio/7.0/toolchain/avr8/avr8-gnu-toolchain/bin/../lib/gcc/avr/5.4.0/../../../../avr/lib/avrxmega2\libm.a
END GROUP
START GROUP
LOAD c:/program files (x86)/atmel/studio/7.0/toolchain/avr8/avr8-gnu-toolchain/bin/../lib/gcc/avr/5.4.0/avrxmega2\libgcc.a
LOAD c:/program files (x86)/atmel/studio/7.0/toolchain/avr8/avr8-gnu-toolchain/bin/../lib/gcc/avr/5.4.0/../../../../avr/lib/avrxmega2\libm.a
LOAD c:/program files (x86)/atmel/studio/7.0/toolchain/avr8/avr8-gnu-toolchain/bin/../lib/gcc/avr/5.4.0/../../../../avr/lib/avrxmega2\libc.a
LOAD C:/Program Files (x86)/Atmel/Studio/7.0/Packs/atmel/XMEGAE_DFP/1.3.114/gcc/dev/atxmega16e5/avrxmega2\libatxmega16e5.a
END GROUP
                [0x00000000]                __TEXT_REGION_ORIGIN__ = DEFINED (__TEXT_REGION_ORIGIN__)?__TEXT_REGION_ORIGIN__:0x0
                [0x00802000]                __DATA_REGION_ORIGIN__ = DEFINED (__DATA_REGION_ORIGIN__)?__DATA_REGION_ORIGIN__:0x802000
                [0x00005000]                __TEXT_REGION_LENGTH__ = DEFINED (__TEXT_REGION_LENGTH__)?__TEXT_REGION_LENGTH__:0x100000
                [0x00000800]                __DATA_REGION_LENGTH__ = DEFINED (__DATA_REGION_LENGTH__)?__DATA_REGION_LENGTH__:0xffa0
                [0x00000200]                __EEPROM_REGION_LENGTH__ = DEFINED (__EEPROM_REGION_LENGTH__)?__EEPROM_REGION_LENGTH__:0x10000
                [0x00000007]                __FUSE_REGION_LENGTH__ = DEFINED (__FUSE_REGION_LENGTH__)?__FUSE_REGION_LENGTH__:0x400
                0x00000400                __LOCK_REGION_LENGTH__ = DEFINED (__LOCK_REGION_LENGTH__)?__LOCK_REGION_LENGTH__:0x400
                0x00000400                __SIGNATURE_REGION_LENGTH__ = DEFINED (__SIGNATURE_REGION_LENGTH__)?__SIGNATURE_REGION_LENGTH__:0x400
                0x00000400                __USER_SIGNATURE_REGION_LENGTH__ = DEFINED (__USER_SIGNATURE_REGION_LENGTH__)?__USER_SIGNATURE_REGION_LENGTH__:0x400

.hash
 *(.hash)

.dynsym
 *(.dynsym)

.dynstr
 *(.dynstr)

.gnu.version
 *(.gnu.version)

.gnu.version_d
 *(.gnu.version_d)

.gnu.version_r
 *(.gnu.version_r)

.rel.init
 *(.rel.init)

.rela.init
 *(.rela.init)

.rel.text
 *(.rel.text)
 *(.rel.text.*)
 *(.rel.gnu.linkonce.t*)

.rela.text
 *(.rela.text)
 *(.rela.text.*)
 *(.rela.gnu.linkonce.t*)

.rel.fini
 *(.rel.fini)

.rela.fini
 *(.rela.fini)

.rel.rodata
 *(.rel.rodata)
 *(.rel.rodata.*)
 *(.rel.gnu.linkonce.r*)

.rela.rodata
 *(.rela.rodata)
 *(.rela.rodata.*)
 *(.rela.gnu.linkonce.r*)

.rel.data
 *(.rel.data)
 *(.rel.data.*)
 *(.rel.gnu.linkonce.d*)

.rela.data
 *(.rela.data)
 *(.rela.data.*)
 *(.rela.gnu.linkonce.d*)

.rel.ctors
 *(.rel.ctors)

.rela.ctors
 *(.rela.ctors)

.rel.dtors
 *(.rel.dtors)

.rela.dtors
 *(.rela.dtors)

.rel.got
 *(.rel.got)

.rela.got
 *(.rela.got)

.rel.bss
 *(.rel.bss)

.rela.bss
 *(.rela.bss)

.rel.plt
 *(.rel.plt)

.rela.plt
 *(.rela.plt)

.text           0x00000000     0x295a
 *(.vectors)
 .vectors       0x00000000       0xac C:/Program Files (x86)/Atmel/Studio/7.0/Packs/atmel/XMEGAE_DFP/1.3.114/gcc/dev/atxmega16e5/avrxmega2/crtatxmega16e5.o
                0x00000000                __vector_default
                0x00000000                __vectors
 *(.vectors)
 *(.progmem.gcc*)
                0x000000ac                . = ALIGN (0x2)
                0x000000ac                __trampolines_start = .
 *(.trampolines)
 .trampolines   0x000000ac        0x0 linker stubs
 *(.trampolines*)
                0x000000ac                __trampolines_end = .
 *libprintf_flt.a:*(.progmem.data)
 *libc.a:*(.progmem.data)
 *(.progmem*)
 .progmem.data.easterEggMainExtBass
                0x000000ac        0x4 main.o
 .progmem.data.easterEggMainBass
                0x000000b0       0x20 main.o
 .progmem.data.easterEggIntroExtBass
                0x000000d0        0x1 main.o
 .progmem.data.easterEggIntroBass
                0x000000d1        0x1 main.o
 .progmem.data.easterEggMainExtTreble
                0x000000d2        0x3 main.o
 .progmem.data.easterEggMainTreble
                0x000000d5       0x15 main.o
 .progmem.data.easterEggIntroExtTreble
                0x000000ea        0x1 main.o
 .progmem.data.easterEggIntroTreble
                0x000000eb        0x1 main.o
 .progmem.data.portalMainExtBass
                0x000000ec       0x16 main.o
 .progmem.data.portalMainBass
                0x00000102       0xaa main.o
 .progmem.data.portalIntroExtBass
                0x000001ac        0x1 main.o
 .progmem.data.portalIntroBass
                0x000001ad        0x1 main.o
 .progmem.data.portalMainExtTreble
                0x000001ae       0x12 main.o
 .progmem.data.portalMainTreble
                0x000001c0       0x8d main.o
 .progmem.data.portalIntroExtTreble
                0x0000024d        0x1 main.o
 .progmem.data.portalIntroTreble
                0x0000024e        0x4 main.o
 .progmem.data.nyanMainExtBass
                0x00000252        0x3 main.o
 .progmem.data.nyanMainBass
                0x00000255       0x11 main.o
 .progmem.data.nyanIntroExtBass
                0x00000266        0x1 main.o
 .progmem.data.nyanIntroBass
                0x00000267        0x2 main.o
 .progmem.data.nyanMainExtTreble
                0x00000269       0x1b main.o
 .progmem.data.nyanMainTreble
                0x00000284       0xd4 main.o
 .progmem.data.nyanIntroExtTreble
                0x00000358        0x4 main.o
 .progmem.data.nyanIntroTreble
                0x0000035c       0x1f main.o
                0x0000037c                . = ALIGN (0x2)
 *fill*         0x0000037b        0x1 
 *(.jumptables)
 *(.jumptables*)
 *(.lowtext)
 *(.lowtext*)
                0x0000037c                __ctors_start = .
 *(.ctors)
                0x0000037c                __ctors_end = .
                0x0000037c                __dtors_start = .
 *(.dtors)
                0x0000037c                __dtors_end = .
 SORT(*)(.ctors)
 SORT(*)(.dtors)
 *(.init0)
 .init0         0x0000037c        0x0 C:/Program Files (x86)/Atmel/Studio/7.0/Packs/atmel/XMEGAE_DFP/1.3.114/gcc/dev/atxmega16e5/avrxmega2/crtatxmega16e5.o
                0x0000037c                __init
 *(.init0)
 *(.init1)
 *(.init1)
 *(.init2)
 .init2         0x0000037c        0xc C:/Program Files (x86)/Atmel/Studio/7.0/Packs/atmel/XMEGAE_DFP/1.3.114/gcc/dev/atxmega16e5/avrxmega2/crtatxmega16e5.o
 *(.init2)
 *(.init3)
 *(.init3)
 *(.init4)
 .init4         0x00000388       0x16 c:/program files (x86)/atmel/studio/7.0/toolchain/avr8/avr8-gnu-toolchain/bin/../lib/gcc/avr/5.4.0/avrxmega2\libgcc.a(_copy_data.o)
                0x00000388                __do_copy_data
 .init4         0x0000039e       0x10 c:/program files (x86)/atmel/studio/7.0/toolchain/avr8/avr8-gnu-toolchain/bin/../lib/gcc/avr/5.4.0/avrxmega2\libgcc.a(_clear_bss.o)
                0x0000039e                __do_clear_bss
 *(.init4)
 *(.init5)
 *(.init5)
 *(.init6)
 *(.init6)
 *(.init7)
 *(.init7)
 *(.init8)
 *(.init8)
 *(.init9)
 .init9         0x000003ae        0x8 C:/Program Files (x86)/Atmel/Studio/7.0/Packs/atmel/XMEGAE_DFP/1.3.114/gcc/dev/atxmega16e5/avrxmega2/crtatxmega16e5.o
 *(.init9)
 *(.text)
 .text          0x000003b6        0x4 C:/Program Files (x86)/Atmel/Studio/7.0/Packs/atmel/XMEGAE_DFP/1.3.114/gcc/dev/atxmega16e5/avrxmega2/crtatxmega16e5.o
                0x000003b6                __vector_22
                0x000003b6                __vector_28
                0x000003b6                __vector_1
                0x000003b6                __vector_32
                0x000003b6                __vector_34
                0x000003b6                __vector_24
                0x000003b6                __bad_interrupt
                0x000003b6                __vector_6
                0x000003b6                __vector_31
                0x000003b6                __vector_35
                0x000003b6                __vector_39
                0x000003b6                __vector_23
                0x000003b6                __vector_30
                0x000003b6                __vector_25
                0x000003b6                __vector_13
                0x000003b6                __vector_17
                0x000003b6                __vector_19
                0x000003b6                __vector_7
                0x000003b6                __vector_41
                0x000003b6                __vector_27
                0x000003b6                __vector_5
                0x000003b6                __vector_33
                0x000003b6                __vector_37
                0x000003b6                __vector_4
                0x000003b6                __vector_9
                0x000003b6                __vector_2
                0x000003b6                __vector_21
                0x000003b6                __vector_15
                0x000003b6                __vector_36
                0x000003b6                __vector_29
                0x000003b6                __vector_40
                0x000003b6                __vector_8
                0x000003b6                __vector_26
                0x000003b6                __vector_14
                0x000003b6                __vector_10
                0x000003b6                __vector_16
                0x000003b6                __vector_18
                0x000003b6                __vector_20
                0x000003b6                __vector_42
                0x000003ba                . = ALIGN (0x2)
 *(.text.*)
 .text.game_won_easy
                0x000003ba       0x6c games.o
                0x000003ba                game_won_easy
 .text.game_won_hard
                0x00000426       0x28 games.o
                0x00000426                game_won_hard
 .text.easy_sequence_init
                0x0000044e       0x64 games.o
                0x0000044e                easy_sequence_init
 .text.hard_sequence_init
                0x000004b2       0x54 games.o
                0x000004b2                hard_sequence_init
 .text.games_init
                0x00000506       0x68 games.o
                0x00000506                games_init
 .text.games_step
                0x0000056e      0x2ac games.o
                0x0000056e                games_step
 .text.twi_init
                0x0000081a       0x28 i2c.o
                0x0000081a                twi_init
 .text.twi_read
                0x00000842       0x34 i2c.o
                0x00000842                twi_read
 .text.twi_write
                0x00000876       0x32 i2c.o
                0x00000876                twi_write
 .text.__vector_11
                0x000008a8      0x168 i2c.o
                0x000008a8                __vector_11
 .text.expander_read_port
                0x00000a10       0x38 io_expander.o
                0x00000a10                expander_read_port
 .text.expander_read_ports
                0x00000a48       0x1e io_expander.o
                0x00000a48                expander_read_ports
 .text.expander_init
                0x00000a66       0x42 io_expander.o
                0x00000a66                expander_init
 .text.expander_get_last_value
                0x00000aa8        0xa io_expander.o
                0x00000aa8                expander_get_last_value
 .text.expander_get_val_changed
                0x00000ab2       0x48 io_expander.o
                0x00000ab2                expander_get_val_changed
 .text.play_lights_overlay_note_button_leds
                0x00000afa      0x122 light_player.o
                0x00000afa                play_lights_overlay_note_button_leds
 .text.overlay_dingle_pos
                0x00000c1c       0x9a light_player.o
                0x00000c1c                overlay_dingle_pos
 .text.play_lights_standby
                0x00000cb6       0x7c light_player.o
                0x00000cb6                play_lights_standby
 .text.play_lights_free_play
                0x00000d32       0xb0 light_player.o
                0x00000d32                play_lights_free_play
 .text.play_lights_nyan
                0x00000de2      0x20c light_player.o
                0x00000de2                play_lights_nyan
 .text.play_lights_portal
                0x00000fee      0x156 light_player.o
                0x00000fee                play_lights_portal
 .text.play_lights_game
                0x00001144       0x96 light_player.o
                0x00001144                play_lights_game
 .text.play_lights_game_over
                0x000011da       0x64 light_player.o
                0x000011da                play_lights_game_over
 .text.play_lights_won_easy_game
                0x0000123e       0xfa light_player.o
                0x0000123e                play_lights_won_easy_game
 .text.play_lights_easter_egg
                0x00001338       0xfc light_player.o
                0x00001338                play_lights_easter_egg
 .text.play_lights_easter_egg_intro
                0x00001434      0x144 light_player.o
                0x00001434                play_lights_easter_egg_intro
 .text.clk_init
                0x00001578       0x24 main.o
                0x00001578                clk_init
 .text.interrupt_init
                0x0000159c        0x8 main.o
                0x0000159c                interrupt_init
 .text.io_init  0x000015a4       0x32 main.o
                0x000015a4                io_init
 .text.note_buttons_init
                0x000015d6       0x1a main.o
                0x000015d6                note_buttons_init
 .text.dingle_input_init
                0x000015f0        0x6 main.o
                0x000015f0                dingle_input_init
 .text.song_out_init
                0x000015f6       0x12 main.o
                0x000015f6                song_out_init
 .text.start_up
                0x00001608      0x2fc main.o
                0x00001608                start_up
 .text.check_start_mode_pin
                0x00001904       0x30 main.o
                0x00001904                check_start_mode_pin
 .text.set_startup_mode_lights
                0x00001934       0x28 main.o
                0x00001934                set_startup_mode_lights
 .text.get_note_buttons
                0x0000195c       0x5a main.o
                0x0000195c                get_note_buttons
 .text.check_play_note
                0x000019b6       0x64 main.o
                0x000019b6                check_play_note
 .text.check_play_easter_egg
                0x00001a1a       0x2c main.o
                0x00001a1a                check_play_easter_egg
 .text.get_unlock_detected
                0x00001a46       0xa6 main.o
                0x00001a46                get_unlock_detected
 .text.main     0x00001aec       0xb0 main.o
                0x00001aec                main
 .text.__vector_12
                0x00001b9c       0x48 main.o
                0x00001b9c                __vector_12
 .text.__vector_3
                0x00001be4       0x48 main.o
                0x00001be4                __vector_3
 .text.__vector_38
                0x00001c2c       0x2e main.o
                0x00001c2c                __vector_38
 .text.note_timer_C5_init
                0x00001c5a       0x10 note_player.o
                0x00001c5a                note_timer_C5_init
 .text.sys_timer_D5_init
                0x00001c6a       0x1a note_player.o
                0x00001c6a                sys_timer_D5_init
 .text.note_decay_init
                0x00001c84       0x42 note_player.o
                0x00001c84                note_decay_init
 .text.run_note_decay
                0x00001cc6       0x1c note_player.o
                0x00001cc6                run_note_decay
 .text.note_play
                0x00001ce2       0x32 note_player.o
                0x00001ce2                note_play
 .text.reset_play
                0x00001d14       0x1a note_player.o
                0x00001d14                reset_play
 .text.note_player_init
                0x00001d2e        0xe note_player.o
                0x00001d2e                note_player_init
 .text.note_interrupt_handler
                0x00001d3c        0x6 note_player.o
                0x00001d3c                note_interrupt_handler
 .text.note_player_playing
                0x00001d42        0x6 note_player.o
                0x00001d42                note_player_playing
 .text.get_seed
                0x00001d48       0x44 rand_seed.o
                0x00001d48                get_seed
 .text.beat_timer_C4_init
                0x00001d8c       0x14 song_player.o
                0x00001d8c                beat_timer_C4_init
 .text.note_0_timer_C5_init
                0x00001da0       0x10 song_player.o
                0x00001da0                note_0_timer_C5_init
 .text.note_1_timer_D5_init
                0x00001db0       0x10 song_player.o
                0x00001db0                note_1_timer_D5_init
 .text.set_note_and_beat
                0x00001dc0       0xc0 song_player.o
                0x00001dc0                set_note_and_beat
 .text.set_ch0_note_and_beat
                0x00001e80       0x46 song_player.o
                0x00001e80                set_ch0_note_and_beat
 .text.set_ch1_note_and_beat
                0x00001ec6       0x46 song_player.o
                0x00001ec6                set_ch1_note_and_beat
 .text.song_init
                0x00001f0c      0x10e song_player.o
                0x00001f0c                song_init
 .text.load_track_into_mem
                0x0000201a       0x62 song_player.o
                0x0000201a                load_track_into_mem
 .text.song_player_init
                0x0000207c      0x126 song_player.o
                0x0000207c                song_player_init
 .text.song_start
                0x000021a2        0x8 song_player.o
                0x000021a2                song_start
 .text.song_play_once
                0x000021aa        0xe song_player.o
                0x000021aa                song_play_once
 .text.song_interrupt_handler
                0x000021b8      0x162 song_player.o
                0x000021b8                song_interrupt_handler
 .text.get_allow_portal
                0x0000231a        0x6 start_mode.o
                0x0000231a                get_allow_portal
 .text.set_allow_portal
                0x00002320       0x16 start_mode.o
                0x00002320                set_allow_portal
 .text.get_allow_easter_egg
                0x00002336        0x6 start_mode.o
                0x00002336                get_allow_easter_egg
 .text.set_allow_easter_egg
                0x0000233c       0x16 start_mode.o
                0x0000233c                set_allow_easter_egg
 .text.get_start_mode
                0x00002352        0x6 start_mode.o
                0x00002352                get_start_mode
 .text.reset_start_mode_in_eeprom
                0x00002358        0xc start_mode.o
                0x00002358                reset_start_mode_in_eeprom
 .text.enable_wdt
                0x00002364        0xc start_mode.o
                0x00002364                enable_wdt
 .text.start_mode_init
                0x00002370       0x6a start_mode.o
                0x00002370                start_mode_init
 .text.set_start_mode
                0x000023da       0x62 start_mode.o
                0x000023da                set_start_mode
 .text.next_start_mode
                0x0000243c       0x12 start_mode.o
                0x0000243c                next_start_mode
 .text.ws2812drv_init
                0x0000244e       0xa0 ws2812drv.o
                0x0000244e                ws2812drv_init
 .text.ws2812drv_start_transfer
                0x000024ee       0x1c ws2812drv.o
                0x000024ee                ws2812drv_start_transfer
 .text.libgcc.div
                0x0000250a       0x28 c:/program files (x86)/atmel/studio/7.0/toolchain/avr8/avr8-gnu-toolchain/bin/../lib/gcc/avr/5.4.0/avrxmega2\libgcc.a(_divmodhi4.o)
                0x0000250a                _div
                0x0000250a                __divmodhi4
 .text.libgcc.div
                0x00002532       0x28 c:/program files (x86)/atmel/studio/7.0/toolchain/avr8/avr8-gnu-toolchain/bin/../lib/gcc/avr/5.4.0/avrxmega2\libgcc.a(_udivmodhi4.o)
                0x00002532                __udivmodhi4
 .text.avr-libc
                0x0000255a      0x242 c:/program files (x86)/atmel/studio/7.0/toolchain/avr8/avr8-gnu-toolchain/bin/../lib/gcc/avr/5.4.0/../../../../avr/lib/avrxmega2\libc.a(malloc.o)
                0x0000255a                malloc
                0x0000268a                free
 .text.avr-libc
                0x0000279c       0xb8 c:/program files (x86)/atmel/studio/7.0/toolchain/avr8/avr8-gnu-toolchain/bin/../lib/gcc/avr/5.4.0/../../../../avr/lib/avrxmega2\libc.a(rand.o)
                0x0000282e                rand_r
                0x00002834                rand
                0x0000283e                srand
 .text.avr-libc
                0x00002854       0x10 C:/Program Files (x86)/Atmel/Studio/7.0/Packs/atmel/XMEGAE_DFP/1.3.114/gcc/dev/atxmega16e5/avrxmega2\libatxmega16e5.a(eerd_byte.o)
                0x00002854                eeprom_read_byte
                0x0000285c                eeprom_mapen
 .text.avr-libc
                0x00002864       0x2c C:/Program Files (x86)/Atmel/Studio/7.0/Packs/atmel/XMEGAE_DFP/1.3.114/gcc/dev/atxmega16e5/avrxmega2\libatxmega16e5.a(eewr_byte.o)
                0x00002864                eeprom_write_byte
                0x00002866                eeprom_write_r18
 .text.libgcc.div
                0x00002890       0x2e c:/program files (x86)/atmel/studio/7.0/toolchain/avr8/avr8-gnu-toolchain/bin/../lib/gcc/avr/5.4.0/avrxmega2\libgcc.a(_divmodsi4.o)
                0x00002890                __divmodsi4
 .text.libgcc.div
                0x000028be       0x10 c:/program files (x86)/atmel/studio/7.0/toolchain/avr8/avr8-gnu-toolchain/bin/../lib/gcc/avr/5.4.0/avrxmega2\libgcc.a(_negsi2.o)
                0x000028be                __negsi2
 .text.libgcc.mul
                0x000028ce       0x16 c:/program files (x86)/atmel/studio/7.0/toolchain/avr8/avr8-gnu-toolchain/bin/../lib/gcc/avr/5.4.0/avrxmega2\libgcc.a(_muluhisi3.o)
                0x000028ce                __muluhisi3
 .text.libgcc.mul
                0x000028e4       0x10 c:/program files (x86)/atmel/studio/7.0/toolchain/avr8/avr8-gnu-toolchain/bin/../lib/gcc/avr/5.4.0/avrxmega2\libgcc.a(_mulshisi3.o)
                0x000028e4                __mulshisi3
                0x000028ea                __mulohisi3
 .text.libgcc.div
                0x000028f4       0x44 c:/program files (x86)/atmel/studio/7.0/toolchain/avr8/avr8-gnu-toolchain/bin/../lib/gcc/avr/5.4.0/avrxmega2\libgcc.a(_udivmodsi4.o)
                0x000028f4                __udivmodsi4
 .text.libgcc.mul
                0x00002938       0x1e c:/program files (x86)/atmel/studio/7.0/toolchain/avr8/avr8-gnu-toolchain/bin/../lib/gcc/avr/5.4.0/avrxmega2\libgcc.a(_umulhisi3.o)
                0x00002938                __umulhisi3
                0x00002956                . = ALIGN (0x2)
 *(.fini9)
 .fini9         0x00002956        0x0 c:/program files (x86)/atmel/studio/7.0/toolchain/avr8/avr8-gnu-toolchain/bin/../lib/gcc/avr/5.4.0/avrxmega2\libgcc.a(_exit.o)
                0x00002956                _exit
                0x00002956                exit
 *(.fini9)
 *(.fini8)
 *(.fini8)
 *(.fini7)
 *(.fini7)
 *(.fini6)
 *(.fini6)
 *(.fini5)
 *(.fini5)
 *(.fini4)
 *(.fini4)
 *(.fini3)
 *(.fini3)
 *(.fini2)
 *(.fini2)
 *(.fini1)
 *(.fini1)
 *(.fini0)
 .fini0         0x00002956        0x4 c:/program files (x86)/atmel/studio/7.0/toolchain/avr8/avr8-gnu-toolchain/bin/../lib/gcc/avr/5.4.0/avrxmega2\libgcc.a(_exit.o)
 *(.fini0)
                0x0000295a                _etext = .

.data           0x00802000      0x1a0 load address 0x0000295a
                0x00802000                PROVIDE (__data_start, .)
 *(.data)
 .data          0x00802000        0x6 c:/program files (x86)/atmel/studio/7.0/toolchain/avr8/avr8-gnu-toolchain/bin/../lib/gcc/avr/5.4.0/../../../../avr/lib/avrxmega2\libc.a(malloc.o)
                0x00802000                __malloc_heap_end
                0x00802002                __malloc_heap_start
                0x00802004                __malloc_margin
 .data          0x00802006        0x4 c:/program files (x86)/atmel/studio/7.0/toolchain/avr8/avr8-gnu-toolchain/bin/../lib/gcc/avr/5.4.0/../../../../avr/lib/avrxmega2\libc.a(rand.o)
 *(.data*)
 .data.game_lost_notes
                0x0080200a        0x4 games.o
                0x0080200a                game_lost_notes
 .data.easy_won_notes
                0x0080200e        0xc games.o
                0x0080200e                easy_won_notes
 .data.hard_game_start_notes
                0x0080201a        0x4 games.o
                0x0080201a                hard_game_start_notes
 .data.easy_game_start_notes
                0x0080201e        0x4 games.o
                0x0080201e                easy_game_start_notes
 .data.blue     0x00802022        0x1 light_player.o
                0x00802022                blue
 .data.green    0x00802023        0x1 light_player.o
                0x00802023                green
 .data.red      0x00802024        0x1 light_player.o
                0x00802024                red
 .data.bump     0x00802025        0x1 light_player.o
 .data.easter_egg_size
                0x00802026        0x1 main.o
                0x00802026                easter_egg_size
 .data.easter_egg_pattern
                0x00802027       0x10 main.o
                0x00802027                easter_egg_pattern
 .data.meeseeks_data
                0x00802037        0x2 main.o
                0x00802037                meeseeks_data
 .data.decay_table_len
                0x00802039        0x1 note_player.o
                0x00802039                decay_table_len
 *(.gnu.linkonce.d*)
 *(.rodata)
 *(.rodata*)
 .rodata.rainbow_leds
                0x0080203a       0x24 light_player.o
 .rodata.pos_leds
                0x0080205e       0x15 light_player.o
 .rodata.game_colors
                0x00802073       0x12 light_player.o
                0x00802073                game_colors
 .rodata.expDecayVals
                0x00802085       0x1a note_player.o
 .rodata.noteClocks
                0x0080209f       0x80 note_player.o
 .rodata.noteClocks
                0x0080211f       0x80 song_player.o
 *(.gnu.linkonce.r*)
                0x008021a0                . = ALIGN (0x2)
 *fill*         0x0080219f        0x1 
                0x008021a0                _edata = .
                0x008021a0                PROVIDE (__data_end, .)

.bss            0x008021a0      0x10e
                0x008021a0                PROVIDE (__bss_start, .)
 *(.bss)
 *(.bss*)
 .bss.game_state
                0x008021a0        0x1 games.o
                0x008021a0                game_state
 .bss.sequence_initialized
                0x008021a1        0x1 games.o
                0x008021a1                sequence_initialized
 .bss.sequence_len
                0x008021a2        0x1 games.o
                0x008021a2                sequence_len
 .bss.timer_counter
                0x008021a3        0x2 games.o
                0x008021a3                timer_counter
 .bss.progress_index
                0x008021a5        0x1 games.o
                0x008021a5                progress_index
 .bss.play_index
                0x008021a6        0x1 games.o
                0x008021a6                play_index
 .bss.last_val  0x008021a7        0x2 io_expander.o
                0x008021a7                last_val
 .bss.offset    0x008021a9        0x1 light_player.o
 .bss.easter_egg_index
                0x008021aa        0x1 main.o
                0x008021aa                easter_egg_index
 .bss.display_ctr
                0x008021ab        0x2 main.o
                0x008021ab                display_ctr
 .bss.playing   0x008021ad        0x1 note_player.o
                0x008021ad                playing
 .bss.play_once_callback_ptr
                0x008021ae        0x2 song_player.o
                0x008021ae                play_once_callback_ptr
 .bss.isCh1Intro
                0x008021b0        0x1 song_player.o
                0x008021b0                isCh1Intro
 .bss.ch1NoteCount
                0x008021b1        0x2 song_player.o
                0x008021b1                ch1NoteCount
 .bss.ch1MainNoteCount
                0x008021b3        0x2 song_player.o
                0x008021b3                ch1MainNoteCount
 .bss.ch1IntroNoteCount
                0x008021b5        0x2 song_player.o
                0x008021b5                ch1IntroNoteCount
 .bss.noteCh1BeatCount
                0x008021b7        0x1 song_player.o
                0x008021b7                noteCh1BeatCount
 .bss.noteCh1ExtBitPos
                0x008021b8        0x1 song_player.o
                0x008021b8                noteCh1ExtBitPos
 .bss.noteCh1ExtIndex
                0x008021b9        0x2 song_player.o
                0x008021b9                noteCh1ExtIndex
 .bss.noteCh1Index
                0x008021bb        0x2 song_player.o
                0x008021bb                noteCh1Index
 .bss.hasCh1Main
                0x008021bd        0x1 song_player.o
                0x008021bd                hasCh1Main
 .bss.hasCh1Intro
                0x008021be        0x1 song_player.o
                0x008021be                hasCh1Intro
 .bss.isCh0Intro
                0x008021bf        0x1 song_player.o
                0x008021bf                isCh0Intro
 .bss.ch0NoteCount
                0x008021c0        0x2 song_player.o
                0x008021c0                ch0NoteCount
 .bss.ch0MainNoteCount
                0x008021c2        0x2 song_player.o
                0x008021c2                ch0MainNoteCount
 .bss.ch0IntroNoteCount
                0x008021c4        0x2 song_player.o
                0x008021c4                ch0IntroNoteCount
 .bss.noteCh0BeatCount
                0x008021c6        0x1 song_player.o
                0x008021c6                noteCh0BeatCount
 .bss.noteCh0ExtBitPos
                0x008021c7        0x1 song_player.o
                0x008021c7                noteCh0ExtBitPos
 .bss.noteCh0ExtIndex
                0x008021c8        0x2 song_player.o
                0x008021c8                noteCh0ExtIndex
 .bss.noteCh0Index
                0x008021ca        0x2 song_player.o
                0x008021ca                noteCh0Index
 .bss.hasCh0Main
                0x008021cc        0x1 song_player.o
                0x008021cc                hasCh0Main
 .bss.hasCh0Intro
                0x008021cd        0x1 song_player.o
                0x008021cd                hasCh0Intro
 .bss.allow_easter_egg
                0x008021ce        0x1 start_mode.o
                0x008021ce                allow_easter_egg
 .bss.allow_portal
                0x008021cf        0x1 start_mode.o
                0x008021cf                allow_portal
 .bss.start_mode
                0x008021d0        0x1 start_mode.o
                0x008021d0                start_mode
 *(COMMON)
 COMMON         0x008021d1        0xc games.o
                0x008021d1                sequence
                0x008021d3                start_size
                0x008021d5                handle_game_won_state
                0x008021d7                start_notes
                0x008021d9                sequence_init
                0x008021db                step
 COMMON         0x008021dd        0xb i2c.o
                0x008021dd                twi_repeat_cmd_sent
                0x008021de                twi_no_of_bytes
                0x008021e0                twi_repeat_mode
                0x008021e1                twi_data_count
                0x008021e3                twi_transfer_complete
                0x008021e4                twi_repeat_data
                0x008021e5                twi_data
                0x008021e7                twi_repeat_cmd
 COMMON         0x008021e8       0xa8 light_player.o
                0x008021e8                leds
 COMMON         0x00802290       0x1a song_player.o
                0x00802290                ch1IntroExt
                0x00802292                ch0MainExt
                0x00802294                ch0Ext
                0x00802296                ch0MainTrack
                0x00802298                ch0IntroTrack
                0x0080229a                ch1MainExt
                0x0080229c                update_display_callback_ptr
                0x0080229e                ch0IntroExt
                0x008022a0                ch1MainTrack
                0x008022a2                ch1IntroTrack
                0x008022a4                ch1Track
                0x008022a6                ch0Track
                0x008022a8                ch1Ext
 COMMON         0x008022aa        0x4 c:/program files (x86)/atmel/studio/7.0/toolchain/avr8/avr8-gnu-toolchain/bin/../lib/gcc/avr/5.4.0/../../../../avr/lib/avrxmega2\libc.a(malloc.o)
                0x008022aa                __brkval
                0x008022ac                __flp
                0x008022ae                PROVIDE (__bss_end, .)
                0x0000295a                __data_load_start = LOADADDR (.data)
                0x00002afa                __data_load_end = (__data_load_start + SIZEOF (.data))

.noinit         0x008022ae        0x0
                [!provide]                PROVIDE (__noinit_start, .)
 *(.noinit*)
                [!provide]                PROVIDE (__noinit_end, .)
                0x008022ae                _end = .
                0x008022ae                PROVIDE (__heap_start, .)

.eeprom         0x00810000        0x0
 *(.eeprom*)
                0x00810000                __eeprom_end = .

.fuse
 *(.fuse)
 *(.lfuse)
 *(.hfuse)
 *(.efuse)

.lock
 *(.lock*)

.signature
 *(.signature*)

.user_signatures
 *(.user_signatures*)

.stab
 *(.stab)

.stabstr
 *(.stabstr)

.stab.excl
 *(.stab.excl)

.stab.exclstr
 *(.stab.exclstr)

.stab.index
 *(.stab.index)

.stab.indexstr
 *(.stab.indexstr)

.comment        0x00000000       0x30
 *(.comment)
 .comment       0x00000000       0x30 games.o
                                 0x31 (size before relaxing)
 .comment       0x00000030       0x31 i2c.o
 .comment       0x00000030       0x31 io_expander.o
 .comment       0x00000030       0x31 light_player.o
 .comment       0x00000030       0x31 main.o
 .comment       0x00000030       0x31 note_player.o
 .comment       0x00000030       0x31 rand_seed.o
 .comment       0x00000030       0x31 song_player.o
 .comment       0x00000030       0x31 start_mode.o
 .comment       0x00000030       0x31 ws2812drv.o
 .comment       0x00000030       0x31 c:/program files (x86)/atmel/studio/7.0/toolchain/avr8/avr8-gnu-toolchain/bin/../lib/gcc/avr/5.4.0/../../../../avr/lib/avrxmega2\libc.a(malloc.o)
 .comment       0x00000030       0x31 c:/program files (x86)/atmel/studio/7.0/toolchain/avr8/avr8-gnu-toolchain/bin/../lib/gcc/avr/5.4.0/../../../../avr/lib/avrxmega2\libc.a(rand.o)

.note.gnu.avr.deviceinfo
                0x00000000       0x40
 .note.gnu.avr.deviceinfo
                0x00000000       0x40 C:/Program Files (x86)/Atmel/Studio/7.0/Packs/atmel/XMEGAE_DFP/1.3.114/gcc/dev/atxmega16e5/avrxmega2/crtatxmega16e5.o

.note.gnu.build-id
 *(.note.gnu.build-id)

.debug
 *(.debug)

.line
 *(.line)

.debug_srcinfo
 *(.debug_srcinfo)

.debug_sfnames
 *(.debug_sfnames)

.debug_aranges  0x00000000      0x3b0
 *(.debug_aranges)
 .debug_aranges
                0x00000000       0x48 games.o
 .debug_aranges
                0x00000048       0x40 i2c.o
 .debug_aranges
                0x00000088       0x40 io_expander.o
 .debug_aranges
                0x000000c8       0x70 light_player.o
 .debug_aranges
                0x00000138       0xa8 main.o
 .debug_aranges
                0x000001e0       0x60 note_player.o
 .debug_aranges
                0x00000240       0x20 rand_seed.o
 .debug_aranges
                0x00000260       0x78 song_player.o
 .debug_aranges
                0x000002d8       0x68 start_mode.o
 .debug_aranges
                0x00000340       0x30 ws2812drv.o
 .debug_aranges
                0x00000370       0x20 C:/Program Files (x86)/Atmel/Studio/7.0/Packs/atmel/XMEGAE_DFP/1.3.114/gcc/dev/atxmega16e5/avrxmega2\libatxmega16e5.a(eerd_byte.o)
 .debug_aranges
                0x00000390       0x20 C:/Program Files (x86)/Atmel/Studio/7.0/Packs/atmel/XMEGAE_DFP/1.3.114/gcc/dev/atxmega16e5/avrxmega2\libatxmega16e5.a(eewr_byte.o)

.debug_pubnames
 *(.debug_pubnames)

.debug_info     0x00000000     0x882d
 *(.debug_info .gnu.linkonce.wi.*)
 .debug_info    0x00000000     0x1bea C:/Program Files (x86)/Atmel/Studio/7.0/Packs/atmel/XMEGAE_DFP/1.3.114/gcc/dev/atxmega16e5/avrxmega2/crtatxmega16e5.o
 .debug_info    0x00001bea      0x5e0 games.o
 .debug_info    0x000021ca      0x2a2 i2c.o
 .debug_info    0x0000246c      0x28e io_expander.o
 .debug_info    0x000026fa      0x717 light_player.o
 .debug_info    0x00002e11     0x1132 main.o
 .debug_info    0x00003f43     0x19a2 note_player.o
 .debug_info    0x000058e5      0x397 rand_seed.o
 .debug_info    0x00005c7c     0x18de song_player.o
 .debug_info    0x0000755a      0x2e8 start_mode.o
 .debug_info    0x00007842      0xeab ws2812drv.o
 .debug_info    0x000086ed       0xa0 C:/Program Files (x86)/Atmel/Studio/7.0/Packs/atmel/XMEGAE_DFP/1.3.114/gcc/dev/atxmega16e5/avrxmega2\libatxmega16e5.a(eerd_byte.o)
 .debug_info    0x0000878d       0xa0 C:/Program Files (x86)/Atmel/Studio/7.0/Packs/atmel/XMEGAE_DFP/1.3.114/gcc/dev/atxmega16e5/avrxmega2\libatxmega16e5.a(eewr_byte.o)

.debug_abbrev   0x00000000     0x2c4f
 *(.debug_abbrev)
 .debug_abbrev  0x00000000     0x1a6e C:/Program Files (x86)/Atmel/Studio/7.0/Packs/atmel/XMEGAE_DFP/1.3.114/gcc/dev/atxmega16e5/avrxmega2/crtatxmega16e5.o
 .debug_abbrev  0x00001a6e      0x170 games.o
 .debug_abbrev  0x00001bde       0xeb i2c.o
 .debug_abbrev  0x00001cc9      0x17e io_expander.o
 .debug_abbrev  0x00001e47      0x20c light_player.o
 .debug_abbrev  0x00002053      0x30d main.o
 .debug_abbrev  0x00002360      0x1a9 note_player.o
 .debug_abbrev  0x00002509      0x106 rand_seed.o
 .debug_abbrev  0x0000260f      0x34e song_player.o
 .debug_abbrev  0x0000295d      0x16d start_mode.o
 .debug_abbrev  0x00002aca      0x15d ws2812drv.o
 .debug_abbrev  0x00002c27       0x14 C:/Program Files (x86)/Atmel/Studio/7.0/Packs/atmel/XMEGAE_DFP/1.3.114/gcc/dev/atxmega16e5/avrxmega2\libatxmega16e5.a(eerd_byte.o)
 .debug_abbrev  0x00002c3b       0x14 C:/Program Files (x86)/Atmel/Studio/7.0/Packs/atmel/XMEGAE_DFP/1.3.114/gcc/dev/atxmega16e5/avrxmega2\libatxmega16e5.a(eewr_byte.o)

.debug_line     0x00000000     0x29b9
 *(.debug_line .debug_line.* .debug_line_end)
 .debug_line    0x00000000      0x199 C:/Program Files (x86)/Atmel/Studio/7.0/Packs/atmel/XMEGAE_DFP/1.3.114/gcc/dev/atxmega16e5/avrxmega2/crtatxmega16e5.o
 .debug_line    0x00000199      0x48f games.o
 .debug_line    0x00000628      0x2b6 i2c.o
 .debug_line    0x000008de      0x17b io_expander.o
 .debug_line    0x00000a59      0x677 light_player.o
 .debug_line    0x000010d0      0x845 main.o
 .debug_line    0x00001915      0x276 note_player.o
 .debug_line    0x00001b8b      0x152 rand_seed.o
 .debug_line    0x00001cdd      0x654 song_player.o
 .debug_line    0x00002331      0x345 start_mode.o
 .debug_line    0x00002676      0x1fd ws2812drv.o
 .debug_line    0x00002873       0x79 C:/Program Files (x86)/Atmel/Studio/7.0/Packs/atmel/XMEGAE_DFP/1.3.114/gcc/dev/atxmega16e5/avrxmega2\libatxmega16e5.a(eerd_byte.o)
 .debug_line    0x000028ec       0xcd C:/Program Files (x86)/Atmel/Studio/7.0/Packs/atmel/XMEGAE_DFP/1.3.114/gcc/dev/atxmega16e5/avrxmega2\libatxmega16e5.a(eewr_byte.o)

.debug_frame    0x00000000      0x8a0
 *(.debug_frame)
 .debug_frame   0x00000000       0x9c games.o
 .debug_frame   0x0000009c       0x98 i2c.o
 .debug_frame   0x00000134       0x8c io_expander.o
 .debug_frame   0x000001c0      0x1a4 light_player.o
 .debug_frame   0x00000364      0x1fc main.o
 .debug_frame   0x00000560       0xb0 note_player.o
 .debug_frame   0x00000610       0x24 rand_seed.o
 .debug_frame   0x00000634      0x16c song_player.o
 .debug_frame   0x000007a0       0xbc start_mode.o
 .debug_frame   0x0000085c       0x44 ws2812drv.o

.debug_str      0x00000000     0x4206
 *(.debug_str)
 .debug_str     0x00000000     0x1277 C:/Program Files (x86)/Atmel/Studio/7.0/Packs/atmel/XMEGAE_DFP/1.3.114/gcc/dev/atxmega16e5/avrxmega2/crtatxmega16e5.o
 .debug_str     0x00001277      0x373 games.o
                                0x3eb (size before relaxing)
 .debug_str     0x000015ea      0x1d9 i2c.o
                                0x359 (size before relaxing)
 .debug_str     0x000017c3       0x71 io_expander.o
                                0x234 (size before relaxing)
 .debug_str     0x00001834      0x158 light_player.o
                                0x338 (size before relaxing)
 .debug_str     0x0000198c      0x788 main.o
                                0xa4e (size before relaxing)
 .debug_str     0x00002114     0x1305 note_player.o
                               0x174b (size before relaxing)
 .debug_str     0x00003419       0xbf rand_seed.o
                                0x2cc (size before relaxing)
 .debug_str     0x000034d8      0x32e song_player.o
                                0xc78 (size before relaxing)
 .debug_str     0x00003806       0x4d start_mode.o
                                0x2b1 (size before relaxing)
 .debug_str     0x00003853      0x9b3 ws2812drv.o
                               0x1966 (size before relaxing)

.debug_loc      0x00000000     0x186e
 *(.debug_loc)
 .debug_loc     0x00000000      0x157 games.o
 .debug_loc     0x00000157       0xfa i2c.o
 .debug_loc     0x00000251      0x170 io_expander.o
 .debug_loc     0x000003c1      0x716 light_player.o
 .debug_loc     0x00000ad7      0x6b0 main.o
 .debug_loc     0x00001187       0x50 note_player.o
 .debug_loc     0x000011d7      0x536 song_player.o
 .debug_loc     0x0000170d      0x109 start_mode.o
 .debug_loc     0x00001816       0x58 ws2812drv.o

.debug_macinfo
 *(.debug_macinfo)

.debug_weaknames
 *(.debug_weaknames)

.debug_funcnames
 *(.debug_funcnames)

.debug_typenames
 *(.debug_typenames)

.debug_varnames
 *(.debug_varnames)

.debug_pubtypes
 *(.debug_pubtypes)

.debug_ranges   0x00000000      0x2d0
 *(.debug_ranges)
 .debug_ranges  0x00000000       0x38 games.o
 .debug_ranges  0x00000038       0x30 i2c.o
 .debug_ranges  0x00000068       0x30 io_expander.o
 .debug_ranges  0x00000098       0x60 light_player.o
 .debug_ranges  0x000000f8       0x98 main.o
 .debug_ranges  0x00000190       0x50 note_player.o
 .debug_ranges  0x000001e0       0x10 rand_seed.o
 .debug_ranges  0x000001f0       0x68 song_player.o
 .debug_ranges  0x00000258       0x58 start_mode.o
 .debug_ranges  0x000002b0       0x20 ws2812drv.o

.debug_macro
 *(.debug_macro)
OUTPUT(xmega16e5-plumbus-full.elf elf32-avr)
LOAD linker stubs
