Archive member included to satisfy reference by file (symbol)

c:/program files (x86)/atmel/studio/7.0/toolchain/avr8/avr8-gnu-toolchain/bin/../lib/gcc/avr/5.4.0/avrxmega2\libgcc.a(_divmodhi4.o)
                              light_player.o (__divmodhi4)
c:/program files (x86)/atmel/studio/7.0/toolchain/avr8/avr8-gnu-toolchain/bin/../lib/gcc/avr/5.4.0/avrxmega2\libgcc.a(_exit.o)
                              C:/Program Files (x86)/Atmel/Studio/7.0/Packs/atmel/XMEGAE_DFP/1.3.114/gcc/dev/atxmega16e5/avrxmega2/crtatxmega16e5.o (exit)
c:/program files (x86)/atmel/studio/7.0/toolchain/avr8/avr8-gnu-toolchain/bin/../lib/gcc/avr/5.4.0/avrxmega2\libgcc.a(_tablejump2.o)
                              main.o (__tablejump2__)
c:/program files (x86)/atmel/studio/7.0/toolchain/avr8/avr8-gnu-toolchain/bin/../lib/gcc/avr/5.4.0/avrxmega2\libgcc.a(_copy_data.o)
                              light_player.o (__do_copy_data)
c:/program files (x86)/atmel/studio/7.0/toolchain/avr8/avr8-gnu-toolchain/bin/../lib/gcc/avr/5.4.0/avrxmega2\libgcc.a(_clear_bss.o)
                              i2c.o (__do_clear_bss)
c:/program files (x86)/atmel/studio/7.0/toolchain/avr8/avr8-gnu-toolchain/bin/../lib/gcc/avr/5.4.0/avrxmega2\libgcc.a(_udivmodhi4.o)
                              c:/program files (x86)/atmel/studio/7.0/toolchain/avr8/avr8-gnu-toolchain/bin/../lib/gcc/avr/5.4.0/avrxmega2\libgcc.a(_divmodhi4.o) (__udivmodhi4)
c:/program files (x86)/atmel/studio/7.0/toolchain/avr8/avr8-gnu-toolchain/bin/../lib/gcc/avr/5.4.0/../../../../avr/lib/avrxmega2\libc.a(malloc.o)
                              song_player.o (malloc)
C:/Program Files (x86)/Atmel/Studio/7.0/Packs/atmel/XMEGAE_DFP/1.3.114/gcc/dev/atxmega16e5/avrxmega2\libatxmega16e5.a(eerd_byte.o)
                              start_mode.o (eeprom_read_byte)
C:/Program Files (x86)/Atmel/Studio/7.0/Packs/atmel/XMEGAE_DFP/1.3.114/gcc/dev/atxmega16e5/avrxmega2\libatxmega16e5.a(eewr_byte.o)
                              start_mode.o (eeprom_write_byte)

Allocating common symbols
Common symbol       size              file

ch1IntroExt         0x2               song_player.o
twi_repeat_cmd_sent
                    0x1               i2c.o
ch0MainExt          0x2               song_player.o
ch0Ext              0x2               song_player.o
ch0MainTrack        0x2               song_player.o
ch0IntroTrack       0x2               song_player.o
twi_no_of_bytes     0x2               i2c.o
twi_repeat_mode     0x1               i2c.o
twi_data_count      0x2               i2c.o
twi_transfer_complete
                    0x1               i2c.o
__brkval            0x2               c:/program files (x86)/atmel/studio/7.0/toolchain/avr8/avr8-gnu-toolchain/bin/../lib/gcc/avr/5.4.0/../../../../avr/lib/avrxmega2\libc.a(malloc.o)
ch1MainExt          0x2               song_player.o
twi_repeat_data     0x1               i2c.o
update_display_callback_ptr
                    0x2               song_player.o
ch0IntroExt         0x2               song_player.o
leds                0xa8              main.o
ch1MainTrack        0x2               song_player.o
ch1IntroTrack       0x2               song_player.o
ch1Track            0x2               song_player.o
twi_data            0x2               i2c.o
ch0Track            0x2               song_player.o
twi_repeat_cmd      0x1               i2c.o
__flp               0x2               c:/program files (x86)/atmel/studio/7.0/toolchain/avr8/avr8-gnu-toolchain/bin/../lib/gcc/avr/5.4.0/../../../../avr/lib/avrxmega2\libc.a(malloc.o)
ch1Ext              0x2               song_player.o

Discarded input sections

 .data          0x00000000        0x0 C:/Program Files (x86)/Atmel/Studio/7.0/Packs/atmel/XMEGAE_DFP/1.3.114/gcc/dev/atxmega16e5/avrxmega2/crtatxmega16e5.o
 .bss           0x00000000        0x0 C:/Program Files (x86)/Atmel/Studio/7.0/Packs/atmel/XMEGAE_DFP/1.3.114/gcc/dev/atxmega16e5/avrxmega2/crtatxmega16e5.o
 .text          0x00000000        0x0 i2c.o
 .data          0x00000000        0x0 i2c.o
 .bss           0x00000000        0x0 i2c.o
 .text.twi_repeat
                0x00000000       0x38 i2c.o
 .text          0x00000000        0x0 io_expander.o
 .data          0x00000000        0x0 io_expander.o
 .bss           0x00000000        0x0 io_expander.o
 .text          0x00000000        0x0 light_player.o
 .data          0x00000000        0x0 light_player.o
 .bss           0x00000000        0x0 light_player.o
 .text.play_lights_standby
                0x00000000       0x68 light_player.o
 .text          0x00000000        0x0 main.o
 .data          0x00000000        0x0 main.o
 .bss           0x00000000        0x0 main.o
 .text          0x00000000        0x0 note_player.o
 .data          0x00000000        0x0 note_player.o
 .bss           0x00000000        0x0 note_player.o
 .text          0x00000000        0x0 song_player.o
 .data          0x00000000        0x0 song_player.o
 .bss           0x00000000        0x0 song_player.o
 .text          0x00000000        0x0 start_mode.o
 .data          0x00000000        0x0 start_mode.o
 .bss           0x00000000        0x0 start_mode.o
 .text.set_allow_portal
                0x00000000       0x16 start_mode.o
 .text.set_allow_easter_egg
                0x00000000       0x16 start_mode.o
 .text          0x00000000        0x0 ws2812drv.o
 .data          0x00000000        0x0 ws2812drv.o
 .bss           0x00000000        0x0 ws2812drv.o
 .text.ws2812drv_busy
                0x00000000        0xe ws2812drv.o
 .text          0x00000000        0x0 c:/program files (x86)/atmel/studio/7.0/toolchain/avr8/avr8-gnu-toolchain/bin/../lib/gcc/avr/5.4.0/avrxmega2\libgcc.a(_divmodhi4.o)
 .data          0x00000000        0x0 c:/program files (x86)/atmel/studio/7.0/toolchain/avr8/avr8-gnu-toolchain/bin/../lib/gcc/avr/5.4.0/avrxmega2\libgcc.a(_divmodhi4.o)
 .bss           0x00000000        0x0 c:/program files (x86)/atmel/studio/7.0/toolchain/avr8/avr8-gnu-toolchain/bin/../lib/gcc/avr/5.4.0/avrxmega2\libgcc.a(_divmodhi4.o)
 .text.libgcc.mul
                0x00000000        0x0 c:/program files (x86)/atmel/studio/7.0/toolchain/avr8/avr8-gnu-toolchain/bin/../lib/gcc/avr/5.4.0/avrxmega2\libgcc.a(_divmodhi4.o)
 .text.libgcc   0x00000000        0x0 c:/program files (x86)/atmel/studio/7.0/toolchain/avr8/avr8-gnu-toolchain/bin/../lib/gcc/avr/5.4.0/avrxmega2\libgcc.a(_divmodhi4.o)
 .text.libgcc.prologue
                0x00000000        0x0 c:/program files (x86)/atmel/studio/7.0/toolchain/avr8/avr8-gnu-toolchain/bin/../lib/gcc/avr/5.4.0/avrxmega2\libgcc.a(_divmodhi4.o)
 .text.libgcc.builtins
                0x00000000        0x0 c:/program files (x86)/atmel/studio/7.0/toolchain/avr8/avr8-gnu-toolchain/bin/../lib/gcc/avr/5.4.0/avrxmega2\libgcc.a(_divmodhi4.o)
 .text.libgcc.fmul
                0x00000000        0x0 c:/program files (x86)/atmel/studio/7.0/toolchain/avr8/avr8-gnu-toolchain/bin/../lib/gcc/avr/5.4.0/avrxmega2\libgcc.a(_divmodhi4.o)
 .text.libgcc.fixed
                0x00000000        0x0 c:/program files (x86)/atmel/studio/7.0/toolchain/avr8/avr8-gnu-toolchain/bin/../lib/gcc/avr/5.4.0/avrxmega2\libgcc.a(_divmodhi4.o)
 .text          0x00000000        0x0 c:/program files (x86)/atmel/studio/7.0/toolchain/avr8/avr8-gnu-toolchain/bin/../lib/gcc/avr/5.4.0/avrxmega2\libgcc.a(_exit.o)
 .data          0x00000000        0x0 c:/program files (x86)/atmel/studio/7.0/toolchain/avr8/avr8-gnu-toolchain/bin/../lib/gcc/avr/5.4.0/avrxmega2\libgcc.a(_exit.o)
 .bss           0x00000000        0x0 c:/program files (x86)/atmel/studio/7.0/toolchain/avr8/avr8-gnu-toolchain/bin/../lib/gcc/avr/5.4.0/avrxmega2\libgcc.a(_exit.o)
 .text.libgcc.mul
                0x00000000        0x0 c:/program files (x86)/atmel/studio/7.0/toolchain/avr8/avr8-gnu-toolchain/bin/../lib/gcc/avr/5.4.0/avrxmega2\libgcc.a(_exit.o)
 .text.libgcc.div
                0x00000000        0x0 c:/program files (x86)/atmel/studio/7.0/toolchain/avr8/avr8-gnu-toolchain/bin/../lib/gcc/avr/5.4.0/avrxmega2\libgcc.a(_exit.o)
 .text.libgcc   0x00000000        0x0 c:/program files (x86)/atmel/studio/7.0/toolchain/avr8/avr8-gnu-toolchain/bin/../lib/gcc/avr/5.4.0/avrxmega2\libgcc.a(_exit.o)
 .text.libgcc.prologue
                0x00000000        0x0 c:/program files (x86)/atmel/studio/7.0/toolchain/avr8/avr8-gnu-toolchain/bin/../lib/gcc/avr/5.4.0/avrxmega2\libgcc.a(_exit.o)
 .text.libgcc.builtins
                0x00000000        0x0 c:/program files (x86)/atmel/studio/7.0/toolchain/avr8/avr8-gnu-toolchain/bin/../lib/gcc/avr/5.4.0/avrxmega2\libgcc.a(_exit.o)
 .text.libgcc.fmul
                0x00000000        0x0 c:/program files (x86)/atmel/studio/7.0/toolchain/avr8/avr8-gnu-toolchain/bin/../lib/gcc/avr/5.4.0/avrxmega2\libgcc.a(_exit.o)
 .text.libgcc.fixed
                0x00000000        0x0 c:/program files (x86)/atmel/studio/7.0/toolchain/avr8/avr8-gnu-toolchain/bin/../lib/gcc/avr/5.4.0/avrxmega2\libgcc.a(_exit.o)
 .text          0x00000000        0x0 c:/program files (x86)/atmel/studio/7.0/toolchain/avr8/avr8-gnu-toolchain/bin/../lib/gcc/avr/5.4.0/avrxmega2\libgcc.a(_tablejump2.o)
 .data          0x00000000        0x0 c:/program files (x86)/atmel/studio/7.0/toolchain/avr8/avr8-gnu-toolchain/bin/../lib/gcc/avr/5.4.0/avrxmega2\libgcc.a(_tablejump2.o)
 .bss           0x00000000        0x0 c:/program files (x86)/atmel/studio/7.0/toolchain/avr8/avr8-gnu-toolchain/bin/../lib/gcc/avr/5.4.0/avrxmega2\libgcc.a(_tablejump2.o)
 .text.libgcc.mul
                0x00000000        0x0 c:/program files (x86)/atmel/studio/7.0/toolchain/avr8/avr8-gnu-toolchain/bin/../lib/gcc/avr/5.4.0/avrxmega2\libgcc.a(_tablejump2.o)
 .text.libgcc.div
                0x00000000        0x0 c:/program files (x86)/atmel/studio/7.0/toolchain/avr8/avr8-gnu-toolchain/bin/../lib/gcc/avr/5.4.0/avrxmega2\libgcc.a(_tablejump2.o)
 .text.libgcc.prologue
                0x00000000        0x0 c:/program files (x86)/atmel/studio/7.0/toolchain/avr8/avr8-gnu-toolchain/bin/../lib/gcc/avr/5.4.0/avrxmega2\libgcc.a(_tablejump2.o)
 .text.libgcc.builtins
                0x00000000        0x0 c:/program files (x86)/atmel/studio/7.0/toolchain/avr8/avr8-gnu-toolchain/bin/../lib/gcc/avr/5.4.0/avrxmega2\libgcc.a(_tablejump2.o)
 .text.libgcc.fmul
                0x00000000        0x0 c:/program files (x86)/atmel/studio/7.0/toolchain/avr8/avr8-gnu-toolchain/bin/../lib/gcc/avr/5.4.0/avrxmega2\libgcc.a(_tablejump2.o)
 .text.libgcc.fixed
                0x00000000        0x0 c:/program files (x86)/atmel/studio/7.0/toolchain/avr8/avr8-gnu-toolchain/bin/../lib/gcc/avr/5.4.0/avrxmega2\libgcc.a(_tablejump2.o)
 .text          0x00000000        0x0 c:/program files (x86)/atmel/studio/7.0/toolchain/avr8/avr8-gnu-toolchain/bin/../lib/gcc/avr/5.4.0/avrxmega2\libgcc.a(_copy_data.o)
 .data          0x00000000        0x0 c:/program files (x86)/atmel/studio/7.0/toolchain/avr8/avr8-gnu-toolchain/bin/../lib/gcc/avr/5.4.0/avrxmega2\libgcc.a(_copy_data.o)
 .bss           0x00000000        0x0 c:/program files (x86)/atmel/studio/7.0/toolchain/avr8/avr8-gnu-toolchain/bin/../lib/gcc/avr/5.4.0/avrxmega2\libgcc.a(_copy_data.o)
 .text.libgcc.mul
                0x00000000        0x0 c:/program files (x86)/atmel/studio/7.0/toolchain/avr8/avr8-gnu-toolchain/bin/../lib/gcc/avr/5.4.0/avrxmega2\libgcc.a(_copy_data.o)
 .text.libgcc.div
                0x00000000        0x0 c:/program files (x86)/atmel/studio/7.0/toolchain/avr8/avr8-gnu-toolchain/bin/../lib/gcc/avr/5.4.0/avrxmega2\libgcc.a(_copy_data.o)
 .text.libgcc   0x00000000        0x0 c:/program files (x86)/atmel/studio/7.0/toolchain/avr8/avr8-gnu-toolchain/bin/../lib/gcc/avr/5.4.0/avrxmega2\libgcc.a(_copy_data.o)
 .text.libgcc.prologue
                0x00000000        0x0 c:/program files (x86)/atmel/studio/7.0/toolchain/avr8/avr8-gnu-toolchain/bin/../lib/gcc/avr/5.4.0/avrxmega2\libgcc.a(_copy_data.o)
 .text.libgcc.builtins
                0x00000000        0x0 c:/program files (x86)/atmel/studio/7.0/toolchain/avr8/avr8-gnu-toolchain/bin/../lib/gcc/avr/5.4.0/avrxmega2\libgcc.a(_copy_data.o)
 .text.libgcc.fmul
                0x00000000        0x0 c:/program files (x86)/atmel/studio/7.0/toolchain/avr8/avr8-gnu-toolchain/bin/../lib/gcc/avr/5.4.0/avrxmega2\libgcc.a(_copy_data.o)
 .text.libgcc.fixed
                0x00000000        0x0 c:/program files (x86)/atmel/studio/7.0/toolchain/avr8/avr8-gnu-toolchain/bin/../lib/gcc/avr/5.4.0/avrxmega2\libgcc.a(_copy_data.o)
 .text          0x00000000        0x0 c:/program files (x86)/atmel/studio/7.0/toolchain/avr8/avr8-gnu-toolchain/bin/../lib/gcc/avr/5.4.0/avrxmega2\libgcc.a(_clear_bss.o)
 .data          0x00000000        0x0 c:/program files (x86)/atmel/studio/7.0/toolchain/avr8/avr8-gnu-toolchain/bin/../lib/gcc/avr/5.4.0/avrxmega2\libgcc.a(_clear_bss.o)
 .bss           0x00000000        0x0 c:/program files (x86)/atmel/studio/7.0/toolchain/avr8/avr8-gnu-toolchain/bin/../lib/gcc/avr/5.4.0/avrxmega2\libgcc.a(_clear_bss.o)
 .text.libgcc.mul
                0x00000000        0x0 c:/program files (x86)/atmel/studio/7.0/toolchain/avr8/avr8-gnu-toolchain/bin/../lib/gcc/avr/5.4.0/avrxmega2\libgcc.a(_clear_bss.o)
 .text.libgcc.div
                0x00000000        0x0 c:/program files (x86)/atmel/studio/7.0/toolchain/avr8/avr8-gnu-toolchain/bin/../lib/gcc/avr/5.4.0/avrxmega2\libgcc.a(_clear_bss.o)
 .text.libgcc   0x00000000        0x0 c:/program files (x86)/atmel/studio/7.0/toolchain/avr8/avr8-gnu-toolchain/bin/../lib/gcc/avr/5.4.0/avrxmega2\libgcc.a(_clear_bss.o)
 .text.libgcc.prologue
                0x00000000        0x0 c:/program files (x86)/atmel/studio/7.0/toolchain/avr8/avr8-gnu-toolchain/bin/../lib/gcc/avr/5.4.0/avrxmega2\libgcc.a(_clear_bss.o)
 .text.libgcc.builtins
                0x00000000        0x0 c:/program files (x86)/atmel/studio/7.0/toolchain/avr8/avr8-gnu-toolchain/bin/../lib/gcc/avr/5.4.0/avrxmega2\libgcc.a(_clear_bss.o)
 .text.libgcc.fmul
                0x00000000        0x0 c:/program files (x86)/atmel/studio/7.0/toolchain/avr8/avr8-gnu-toolchain/bin/../lib/gcc/avr/5.4.0/avrxmega2\libgcc.a(_clear_bss.o)
 .text.libgcc.fixed
                0x00000000        0x0 c:/program files (x86)/atmel/studio/7.0/toolchain/avr8/avr8-gnu-toolchain/bin/../lib/gcc/avr/5.4.0/avrxmega2\libgcc.a(_clear_bss.o)
 .text          0x00000000        0x0 c:/program files (x86)/atmel/studio/7.0/toolchain/avr8/avr8-gnu-toolchain/bin/../lib/gcc/avr/5.4.0/avrxmega2\libgcc.a(_udivmodhi4.o)
 .data          0x00000000        0x0 c:/program files (x86)/atmel/studio/7.0/toolchain/avr8/avr8-gnu-toolchain/bin/../lib/gcc/avr/5.4.0/avrxmega2\libgcc.a(_udivmodhi4.o)
 .bss           0x00000000        0x0 c:/program files (x86)/atmel/studio/7.0/toolchain/avr8/avr8-gnu-toolchain/bin/../lib/gcc/avr/5.4.0/avrxmega2\libgcc.a(_udivmodhi4.o)
 .text.libgcc.mul
                0x00000000        0x0 c:/program files (x86)/atmel/studio/7.0/toolchain/avr8/avr8-gnu-toolchain/bin/../lib/gcc/avr/5.4.0/avrxmega2\libgcc.a(_udivmodhi4.o)
 .text.libgcc   0x00000000        0x0 c:/program files (x86)/atmel/studio/7.0/toolchain/avr8/avr8-gnu-toolchain/bin/../lib/gcc/avr/5.4.0/avrxmega2\libgcc.a(_udivmodhi4.o)
 .text.libgcc.prologue
                0x00000000        0x0 c:/program files (x86)/atmel/studio/7.0/toolchain/avr8/avr8-gnu-toolchain/bin/../lib/gcc/avr/5.4.0/avrxmega2\libgcc.a(_udivmodhi4.o)
 .text.libgcc.builtins
                0x00000000        0x0 c:/program files (x86)/atmel/studio/7.0/toolchain/avr8/avr8-gnu-toolchain/bin/../lib/gcc/avr/5.4.0/avrxmega2\libgcc.a(_udivmodhi4.o)
 .text.libgcc.fmul
                0x00000000        0x0 c:/program files (x86)/atmel/studio/7.0/toolchain/avr8/avr8-gnu-toolchain/bin/../lib/gcc/avr/5.4.0/avrxmega2\libgcc.a(_udivmodhi4.o)
 .text.libgcc.fixed
                0x00000000        0x0 c:/program files (x86)/atmel/studio/7.0/toolchain/avr8/avr8-gnu-toolchain/bin/../lib/gcc/avr/5.4.0/avrxmega2\libgcc.a(_udivmodhi4.o)
 .text          0x00000000        0x0 c:/program files (x86)/atmel/studio/7.0/toolchain/avr8/avr8-gnu-toolchain/bin/../lib/gcc/avr/5.4.0/../../../../avr/lib/avrxmega2\libc.a(malloc.o)
 .bss           0x00000000        0x0 c:/program files (x86)/atmel/studio/7.0/toolchain/avr8/avr8-gnu-toolchain/bin/../lib/gcc/avr/5.4.0/../../../../avr/lib/avrxmega2\libc.a(malloc.o)
 .text          0x00000000        0x0 C:/Program Files (x86)/Atmel/Studio/7.0/Packs/atmel/XMEGAE_DFP/1.3.114/gcc/dev/atxmega16e5/avrxmega2\libatxmega16e5.a(eerd_byte.o)
 .data          0x00000000        0x0 C:/Program Files (x86)/Atmel/Studio/7.0/Packs/atmel/XMEGAE_DFP/1.3.114/gcc/dev/atxmega16e5/avrxmega2\libatxmega16e5.a(eerd_byte.o)
 .bss           0x00000000        0x0 C:/Program Files (x86)/Atmel/Studio/7.0/Packs/atmel/XMEGAE_DFP/1.3.114/gcc/dev/atxmega16e5/avrxmega2\libatxmega16e5.a(eerd_byte.o)
 .text          0x00000000        0x0 C:/Program Files (x86)/Atmel/Studio/7.0/Packs/atmel/XMEGAE_DFP/1.3.114/gcc/dev/atxmega16e5/avrxmega2\libatxmega16e5.a(eewr_byte.o)
 .data          0x00000000        0x0 C:/Program Files (x86)/Atmel/Studio/7.0/Packs/atmel/XMEGAE_DFP/1.3.114/gcc/dev/atxmega16e5/avrxmega2\libatxmega16e5.a(eewr_byte.o)
 .bss           0x00000000        0x0 C:/Program Files (x86)/Atmel/Studio/7.0/Packs/atmel/XMEGAE_DFP/1.3.114/gcc/dev/atxmega16e5/avrxmega2\libatxmega16e5.a(eewr_byte.o)

Memory Configuration

Name             Origin             Length             Attributes
text             0x00000000         0x00005000         xr
data             0x00802000         0x00000800         rw !x
eeprom           0x00810000         0x00000200         rw !x
fuse             0x00820000         0x00000007         rw !x
lock             0x00830000         0x00000400         rw !x
signature        0x00840000         0x00000400         rw !x
user_signatures  0x00850000         0x00000400         rw !x
*default*        0x00000000         0xffffffff

Linker script and memory map

LOAD C:/Program Files (x86)/Atmel/Studio/7.0/Packs/atmel/XMEGAE_DFP/1.3.114/gcc/dev/atxmega16e5/avrxmega2/crtatxmega16e5.o
LOAD i2c.o
LOAD io_expander.o
LOAD light_player.o
LOAD main.o
LOAD note_player.o
LOAD song_player.o
LOAD start_mode.o
LOAD ws2812drv.o
START GROUP
LOAD c:/program files (x86)/atmel/studio/7.0/toolchain/avr8/avr8-gnu-toolchain/bin/../lib/gcc/avr/5.4.0/../../../../avr/lib/avrxmega2\libm.a
END GROUP
START GROUP
LOAD c:/program files (x86)/atmel/studio/7.0/toolchain/avr8/avr8-gnu-toolchain/bin/../lib/gcc/avr/5.4.0/avrxmega2\libgcc.a
LOAD c:/program files (x86)/atmel/studio/7.0/toolchain/avr8/avr8-gnu-toolchain/bin/../lib/gcc/avr/5.4.0/../../../../avr/lib/avrxmega2\libm.a
LOAD c:/program files (x86)/atmel/studio/7.0/toolchain/avr8/avr8-gnu-toolchain/bin/../lib/gcc/avr/5.4.0/../../../../avr/lib/avrxmega2\libc.a
LOAD C:/Program Files (x86)/Atmel/Studio/7.0/Packs/atmel/XMEGAE_DFP/1.3.114/gcc/dev/atxmega16e5/avrxmega2\libatxmega16e5.a
END GROUP
                [0x00000000]                __TEXT_REGION_ORIGIN__ = DEFINED (__TEXT_REGION_ORIGIN__)?__TEXT_REGION_ORIGIN__:0x0
                [0x00802000]                __DATA_REGION_ORIGIN__ = DEFINED (__DATA_REGION_ORIGIN__)?__DATA_REGION_ORIGIN__:0x802000
                [0x00005000]                __TEXT_REGION_LENGTH__ = DEFINED (__TEXT_REGION_LENGTH__)?__TEXT_REGION_LENGTH__:0x100000
                [0x00000800]                __DATA_REGION_LENGTH__ = DEFINED (__DATA_REGION_LENGTH__)?__DATA_REGION_LENGTH__:0xffa0
                [0x00000200]                __EEPROM_REGION_LENGTH__ = DEFINED (__EEPROM_REGION_LENGTH__)?__EEPROM_REGION_LENGTH__:0x10000
                [0x00000007]                __FUSE_REGION_LENGTH__ = DEFINED (__FUSE_REGION_LENGTH__)?__FUSE_REGION_LENGTH__:0x400
                0x00000400                __LOCK_REGION_LENGTH__ = DEFINED (__LOCK_REGION_LENGTH__)?__LOCK_REGION_LENGTH__:0x400
                0x00000400                __SIGNATURE_REGION_LENGTH__ = DEFINED (__SIGNATURE_REGION_LENGTH__)?__SIGNATURE_REGION_LENGTH__:0x400
                0x00000400                __USER_SIGNATURE_REGION_LENGTH__ = DEFINED (__USER_SIGNATURE_REGION_LENGTH__)?__USER_SIGNATURE_REGION_LENGTH__:0x400

.hash
 *(.hash)

.dynsym
 *(.dynsym)

.dynstr
 *(.dynstr)

.gnu.version
 *(.gnu.version)

.gnu.version_d
 *(.gnu.version_d)

.gnu.version_r
 *(.gnu.version_r)

.rel.init
 *(.rel.init)

.rela.init
 *(.rela.init)

.rel.text
 *(.rel.text)
 *(.rel.text.*)
 *(.rel.gnu.linkonce.t*)

.rela.text
 *(.rela.text)
 *(.rela.text.*)
 *(.rela.gnu.linkonce.t*)

.rel.fini
 *(.rel.fini)

.rela.fini
 *(.rela.fini)

.rel.rodata
 *(.rel.rodata)
 *(.rel.rodata.*)
 *(.rel.gnu.linkonce.r*)

.rela.rodata
 *(.rela.rodata)
 *(.rela.rodata.*)
 *(.rela.gnu.linkonce.r*)

.rel.data
 *(.rel.data)
 *(.rel.data.*)
 *(.rel.gnu.linkonce.d*)

.rela.data
 *(.rela.data)
 *(.rela.data.*)
 *(.rela.gnu.linkonce.d*)

.rel.ctors
 *(.rel.ctors)

.rela.ctors
 *(.rela.ctors)

.rel.dtors
 *(.rel.dtors)

.rela.dtors
 *(.rela.dtors)

.rel.got
 *(.rel.got)

.rela.got
 *(.rela.got)

.rel.bss
 *(.rel.bss)

.rela.bss
 *(.rela.bss)

.rel.plt
 *(.rel.plt)

.rela.plt
 *(.rela.plt)

.text           0x00000000     0x1aa2
 *(.vectors)
 .vectors       0x00000000       0xac C:/Program Files (x86)/Atmel/Studio/7.0/Packs/atmel/XMEGAE_DFP/1.3.114/gcc/dev/atxmega16e5/avrxmega2/crtatxmega16e5.o
                0x00000000                __vector_default
                0x00000000                __vectors
 *(.vectors)
 *(.progmem.gcc*)
 .progmem.gcc_sw_table.start_up
                0x000000ac        0xe main.o
                0x000000ba                . = ALIGN (0x2)
                0x000000ba                __trampolines_start = .
 *(.trampolines)
 .trampolines   0x000000ba        0x0 linker stubs
 *(.trampolines*)
                0x000000ba                __trampolines_end = .
 *libprintf_flt.a:*(.progmem.data)
 *libc.a:*(.progmem.data)
 *(.progmem*)
 .progmem.data.portalMainExtBass
                0x000000ba       0x16 main.o
 .progmem.data.portalMainBass
                0x000000d0       0xaa main.o
 .progmem.data.portalIntroExtBass
                0x0000017a        0x1 main.o
 .progmem.data.portalIntroBass
                0x0000017b        0x1 main.o
 .progmem.data.portalMainExtTreble
                0x0000017c       0x12 main.o
 .progmem.data.portalMainTreble
                0x0000018e       0x8d main.o
 .progmem.data.portalIntroExtTreble
                0x0000021b        0x1 main.o
 .progmem.data.portalIntroTreble
                0x0000021c        0x4 main.o
 .progmem.data.nyanMainExtBass
                0x00000220        0x3 main.o
 .progmem.data.nyanMainBass
                0x00000223       0x11 main.o
 .progmem.data.nyanIntroExtBass
                0x00000234        0x1 main.o
 .progmem.data.nyanIntroBass
                0x00000235        0x2 main.o
 .progmem.data.nyanMainExtTreble
                0x00000237       0x1b main.o
 .progmem.data.nyanMainTreble
                0x00000252       0xd4 main.o
 .progmem.data.nyanIntroExtTreble
                0x00000326        0x4 main.o
 .progmem.data.nyanIntroTreble
                0x0000032a       0x1f main.o
                0x0000034a                . = ALIGN (0x2)
 *fill*         0x00000349        0x1 
 *(.jumptables)
 *(.jumptables*)
 *(.lowtext)
 *(.lowtext*)
                0x0000034a                __ctors_start = .
 *(.ctors)
                0x0000034a                __ctors_end = .
                0x0000034a                __dtors_start = .
 *(.dtors)
                0x0000034a                __dtors_end = .
 SORT(*)(.ctors)
 SORT(*)(.dtors)
 *(.init0)
 .init0         0x0000034a        0x0 C:/Program Files (x86)/Atmel/Studio/7.0/Packs/atmel/XMEGAE_DFP/1.3.114/gcc/dev/atxmega16e5/avrxmega2/crtatxmega16e5.o
                0x0000034a                __init
 *(.init0)
 *(.init1)
 *(.init1)
 *(.init2)
 .init2         0x0000034a        0xc C:/Program Files (x86)/Atmel/Studio/7.0/Packs/atmel/XMEGAE_DFP/1.3.114/gcc/dev/atxmega16e5/avrxmega2/crtatxmega16e5.o
 *(.init2)
 *(.init3)
 *(.init3)
 *(.init4)
 .init4         0x00000356       0x16 c:/program files (x86)/atmel/studio/7.0/toolchain/avr8/avr8-gnu-toolchain/bin/../lib/gcc/avr/5.4.0/avrxmega2\libgcc.a(_copy_data.o)
                0x00000356                __do_copy_data
 .init4         0x0000036c       0x10 c:/program files (x86)/atmel/studio/7.0/toolchain/avr8/avr8-gnu-toolchain/bin/../lib/gcc/avr/5.4.0/avrxmega2\libgcc.a(_clear_bss.o)
                0x0000036c                __do_clear_bss
 *(.init4)
 *(.init5)
 *(.init5)
 *(.init6)
 *(.init6)
 *(.init7)
 *(.init7)
 *(.init8)
 *(.init8)
 *(.init9)
 .init9         0x0000037c        0x8 C:/Program Files (x86)/Atmel/Studio/7.0/Packs/atmel/XMEGAE_DFP/1.3.114/gcc/dev/atxmega16e5/avrxmega2/crtatxmega16e5.o
 *(.init9)
 *(.text)
 .text          0x00000384        0x4 C:/Program Files (x86)/Atmel/Studio/7.0/Packs/atmel/XMEGAE_DFP/1.3.114/gcc/dev/atxmega16e5/avrxmega2/crtatxmega16e5.o
                0x00000384                __vector_22
                0x00000384                __vector_28
                0x00000384                __vector_1
                0x00000384                __vector_32
                0x00000384                __vector_34
                0x00000384                __vector_24
                0x00000384                __bad_interrupt
                0x00000384                __vector_6
                0x00000384                __vector_31
                0x00000384                __vector_35
                0x00000384                __vector_39
                0x00000384                __vector_23
                0x00000384                __vector_30
                0x00000384                __vector_25
                0x00000384                __vector_13
                0x00000384                __vector_17
                0x00000384                __vector_19
                0x00000384                __vector_7
                0x00000384                __vector_41
                0x00000384                __vector_27
                0x00000384                __vector_5
                0x00000384                __vector_33
                0x00000384                __vector_37
                0x00000384                __vector_4
                0x00000384                __vector_9
                0x00000384                __vector_2
                0x00000384                __vector_21
                0x00000384                __vector_15
                0x00000384                __vector_36
                0x00000384                __vector_29
                0x00000384                __vector_40
                0x00000384                __vector_8
                0x00000384                __vector_26
                0x00000384                __vector_14
                0x00000384                __vector_10
                0x00000384                __vector_16
                0x00000384                __vector_18
                0x00000384                __vector_20
                0x00000384                __vector_42
                0x00000388                . = ALIGN (0x2)
 *(.text.*)
 .text.twi_init
                0x00000388       0x28 i2c.o
                0x00000388                twi_init
 .text.twi_read
                0x000003b0       0x34 i2c.o
                0x000003b0                twi_read
 .text.twi_write
                0x000003e4       0x32 i2c.o
                0x000003e4                twi_write
 .text.__vector_11
                0x00000416      0x168 i2c.o
                0x00000416                __vector_11
 .text.expander_read_port
                0x0000057e       0x38 io_expander.o
                0x0000057e                expander_read_port
 .text.expander_read_ports
                0x000005b6       0x1e io_expander.o
                0x000005b6                expander_read_ports
 .text.expander_init
                0x000005d4       0x42 io_expander.o
                0x000005d4                expander_init
 .text.get_last_value
                0x00000616        0xa io_expander.o
                0x00000616                get_last_value
 .text.get_val_changed
                0x00000620       0x3c io_expander.o
                0x00000620                get_val_changed
 .text.overlay_note_button_leds
                0x0000065c       0xc2 light_player.o
                0x0000065c                overlay_note_button_leds
 .text.overlay_dingle_pos
                0x0000071e       0xa6 light_player.o
                0x0000071e                overlay_dingle_pos
 .text.play_lights_free_play
                0x000007c4       0xb8 light_player.o
                0x000007c4                play_lights_free_play
 .text.play_lights_nyan
                0x0000087c      0x1ba light_player.o
                0x0000087c                play_lights_nyan
 .text.play_lights_portal
                0x00000a36      0x118 light_player.o
                0x00000a36                play_lights_portal
 .text.update_display_song_play_cb
                0x00000b4e       0x28 main.o
                0x00000b4e                update_display_song_play_cb
 .text.clk_init
                0x00000b76       0x24 main.o
                0x00000b76                clk_init
 .text.interrupt_init
                0x00000b9a        0x8 main.o
                0x00000b9a                interrupt_init
 .text.io_init  0x00000ba2       0x32 main.o
                0x00000ba2                io_init
 .text.note_buttons_init
                0x00000bd4       0x1a main.o
                0x00000bd4                note_buttons_init
 .text.dingle_input_init
                0x00000bee        0x6 main.o
                0x00000bee                dingle_input_init
 .text.song_out_init
                0x00000bf4       0x12 main.o
                0x00000bf4                song_out_init
 .text.start_up
                0x00000c06      0x1e4 main.o
                0x00000c06                start_up
 .text.check_start_mode_pin
                0x00000dea       0x30 main.o
                0x00000dea                check_start_mode_pin
 .text.set_startup_mode_lights
                0x00000e1a       0x28 main.o
                0x00000e1a                set_startup_mode_lights
 .text.get_note_buttons
                0x00000e42       0x20 main.o
                0x00000e42                get_note_buttons
 .text.check_play_note
                0x00000e62       0x42 main.o
                0x00000e62                check_play_note
 .text.main     0x00000ea4       0x86 main.o
                0x00000ea4                main
 .text.__vector_12
                0x00000f2a       0x48 main.o
                0x00000f2a                __vector_12
 .text.__vector_3
                0x00000f72       0x48 main.o
                0x00000f72                __vector_3
 .text.__vector_38
                0x00000fba       0x2e main.o
                0x00000fba                __vector_38
 .text.note_timer_C5_init
                0x00000fe8       0x10 note_player.o
                0x00000fe8                note_timer_C5_init
 .text.sys_timer_D5_init
                0x00000ff8       0x1a note_player.o
                0x00000ff8                sys_timer_D5_init
 .text.note_decay_init
                0x00001012       0x42 note_player.o
                0x00001012                note_decay_init
 .text.run_note_decay
                0x00001054       0x1c note_player.o
                0x00001054                run_note_decay
 .text.note_play
                0x00001070       0x2c note_player.o
                0x00001070                note_play
 .text.reset_play
                0x0000109c       0x16 note_player.o
                0x0000109c                reset_play
 .text.note_player_init
                0x000010b2        0xe note_player.o
                0x000010b2                note_player_init
 .text.note_interrupt_handler
                0x000010c0        0x6 note_player.o
                0x000010c0                note_interrupt_handler
 .text.beat_timer_C4_init
                0x000010c6       0x14 song_player.o
                0x000010c6                beat_timer_C4_init
 .text.note_0_timer_C5_init
                0x000010da       0x10 song_player.o
                0x000010da                note_0_timer_C5_init
 .text.note_1_timer_D5_init
                0x000010ea       0x10 song_player.o
                0x000010ea                note_1_timer_D5_init
 .text.set_note_and_beat
                0x000010fa       0xc0 song_player.o
                0x000010fa                set_note_and_beat
 .text.set_ch0_note_and_beat
                0x000011ba       0x46 song_player.o
                0x000011ba                set_ch0_note_and_beat
 .text.set_ch1_note_and_beat
                0x00001200       0x46 song_player.o
                0x00001200                set_ch1_note_and_beat
 .text.song_init
                0x00001246      0x10e song_player.o
                0x00001246                song_init
 .text.load_track_into_mem
                0x00001354       0x62 song_player.o
                0x00001354                load_track_into_mem
 .text.song_player_init
                0x000013b6      0x126 song_player.o
                0x000013b6                song_player_init
 .text.song_start
                0x000014dc        0x8 song_player.o
                0x000014dc                song_start
 .text.song_interrupt_handler
                0x000014e4      0x146 song_player.o
                0x000014e4                song_interrupt_handler
 .text.get_allow_portal
                0x0000162a        0x6 start_mode.o
                0x0000162a                get_allow_portal
 .text.get_allow_easter_egg
                0x00001630        0x6 start_mode.o
                0x00001630                get_allow_easter_egg
 .text.get_start_mode
                0x00001636        0x6 start_mode.o
                0x00001636                get_start_mode
 .text.reset_start_mode_in_eeprom
                0x0000163c        0xc start_mode.o
                0x0000163c                reset_start_mode_in_eeprom
 .text.enable_wdt
                0x00001648        0xc start_mode.o
                0x00001648                enable_wdt
 .text.start_mode_init
                0x00001654       0x3c start_mode.o
                0x00001654                start_mode_init
 .text.next_start_mode
                0x00001690       0x78 start_mode.o
                0x00001690                next_start_mode
 .text.ws2812drv_init
                0x00001708       0xa0 ws2812drv.o
                0x00001708                ws2812drv_init
 .text.ws2812drv_start_transfer
                0x000017a8       0x1c ws2812drv.o
                0x000017a8                ws2812drv_start_transfer
 .text.libgcc.div
                0x000017c4       0x28 c:/program files (x86)/atmel/studio/7.0/toolchain/avr8/avr8-gnu-toolchain/bin/../lib/gcc/avr/5.4.0/avrxmega2\libgcc.a(_divmodhi4.o)
                0x000017c4                _div
                0x000017c4                __divmodhi4
 .text.libgcc   0x000017ec        0xc c:/program files (x86)/atmel/studio/7.0/toolchain/avr8/avr8-gnu-toolchain/bin/../lib/gcc/avr/5.4.0/avrxmega2\libgcc.a(_tablejump2.o)
                0x000017ec                __tablejump2__
 .text.libgcc.div
                0x000017f8       0x28 c:/program files (x86)/atmel/studio/7.0/toolchain/avr8/avr8-gnu-toolchain/bin/../lib/gcc/avr/5.4.0/avrxmega2\libgcc.a(_udivmodhi4.o)
                0x000017f8                __udivmodhi4
 .text.avr-libc
                0x00001820      0x242 c:/program files (x86)/atmel/studio/7.0/toolchain/avr8/avr8-gnu-toolchain/bin/../lib/gcc/avr/5.4.0/../../../../avr/lib/avrxmega2\libc.a(malloc.o)
                0x00001820                malloc
                0x00001950                free
 .text.avr-libc
                0x00001a62       0x10 C:/Program Files (x86)/Atmel/Studio/7.0/Packs/atmel/XMEGAE_DFP/1.3.114/gcc/dev/atxmega16e5/avrxmega2\libatxmega16e5.a(eerd_byte.o)
                0x00001a62                eeprom_read_byte
                0x00001a6a                eeprom_mapen
 .text.avr-libc
                0x00001a72       0x2c C:/Program Files (x86)/Atmel/Studio/7.0/Packs/atmel/XMEGAE_DFP/1.3.114/gcc/dev/atxmega16e5/avrxmega2\libatxmega16e5.a(eewr_byte.o)
                0x00001a72                eeprom_write_byte
                0x00001a74                eeprom_write_r18
                0x00001a9e                . = ALIGN (0x2)
 *(.fini9)
 .fini9         0x00001a9e        0x0 c:/program files (x86)/atmel/studio/7.0/toolchain/avr8/avr8-gnu-toolchain/bin/../lib/gcc/avr/5.4.0/avrxmega2\libgcc.a(_exit.o)
                0x00001a9e                _exit
                0x00001a9e                exit
 *(.fini9)
 *(.fini8)
 *(.fini8)
 *(.fini7)
 *(.fini7)
 *(.fini6)
 *(.fini6)
 *(.fini5)
 *(.fini5)
 *(.fini4)
 *(.fini4)
 *(.fini3)
 *(.fini3)
 *(.fini2)
 *(.fini2)
 *(.fini1)
 *(.fini1)
 *(.fini0)
 .fini0         0x00001a9e        0x4 c:/program files (x86)/atmel/studio/7.0/toolchain/avr8/avr8-gnu-toolchain/bin/../lib/gcc/avr/5.4.0/avrxmega2\libgcc.a(_exit.o)
 *(.fini0)
                0x00001aa2                _etext = .

.data           0x00802000      0x15c load address 0x00001aa2
                0x00802000                PROVIDE (__data_start, .)
 *(.data)
 .data          0x00802000        0x6 c:/program files (x86)/atmel/studio/7.0/toolchain/avr8/avr8-gnu-toolchain/bin/../lib/gcc/avr/5.4.0/../../../../avr/lib/avrxmega2\libc.a(malloc.o)
                0x00802000                __malloc_heap_end
                0x00802002                __malloc_heap_start
                0x00802004                __malloc_margin
 *(.data*)
 .data.bump     0x00802006        0x1 light_player.o
 .data.decay_table_len
                0x00802007        0x1 note_player.o
                0x00802007                decay_table_len
 *(.gnu.linkonce.d*)
 *(.rodata)
 *(.rodata*)
 .rodata.rainbow_leds
                0x00802008       0x24 light_player.o
 .rodata.pos_leds
                0x0080202c       0x15 light_player.o
 .rodata.expDecayVals
                0x00802041       0x1a note_player.o
 .rodata.noteClocks
                0x0080205b       0x80 note_player.o
 .rodata.noteClocks
                0x008020db       0x80 song_player.o
 *(.gnu.linkonce.r*)
                0x0080215c                . = ALIGN (0x2)
 *fill*         0x0080215b        0x1 
                0x0080215c                _edata = .
                0x0080215c                PROVIDE (__data_end, .)

.bss            0x0080215c       0xf8
                0x0080215c                PROVIDE (__bss_start, .)
 *(.bss)
 *(.bss*)
 .bss.last_val  0x0080215c        0x2 io_expander.o
                0x0080215c                last_val
 .bss.offset    0x0080215e        0x1 light_player.o
 .bss.note_played
                0x0080215f        0x1 main.o
                0x0080215f                note_played
 .bss.display_ctr
                0x00802160        0x2 main.o
                0x00802160                display_ctr
 .bss.isCh1Intro
                0x00802162        0x1 song_player.o
                0x00802162                isCh1Intro
 .bss.ch1NoteCount
                0x00802163        0x2 song_player.o
                0x00802163                ch1NoteCount
 .bss.ch1MainNoteCount
                0x00802165        0x2 song_player.o
                0x00802165                ch1MainNoteCount
 .bss.ch1IntroNoteCount
                0x00802167        0x2 song_player.o
                0x00802167                ch1IntroNoteCount
 .bss.noteCh1BeatCount
                0x00802169        0x1 song_player.o
                0x00802169                noteCh1BeatCount
 .bss.noteCh1ExtBitPos
                0x0080216a        0x1 song_player.o
                0x0080216a                noteCh1ExtBitPos
 .bss.noteCh1ExtIndex
                0x0080216b        0x2 song_player.o
                0x0080216b                noteCh1ExtIndex
 .bss.noteCh1Index
                0x0080216d        0x2 song_player.o
                0x0080216d                noteCh1Index
 .bss.hasCh1Main
                0x0080216f        0x1 song_player.o
                0x0080216f                hasCh1Main
 .bss.hasCh1Intro
                0x00802170        0x1 song_player.o
                0x00802170                hasCh1Intro
 .bss.isCh0Intro
                0x00802171        0x1 song_player.o
                0x00802171                isCh0Intro
 .bss.ch0NoteCount
                0x00802172        0x2 song_player.o
                0x00802172                ch0NoteCount
 .bss.ch0MainNoteCount
                0x00802174        0x2 song_player.o
                0x00802174                ch0MainNoteCount
 .bss.ch0IntroNoteCount
                0x00802176        0x2 song_player.o
                0x00802176                ch0IntroNoteCount
 .bss.noteCh0BeatCount
                0x00802178        0x1 song_player.o
                0x00802178                noteCh0BeatCount
 .bss.noteCh0ExtBitPos
                0x00802179        0x1 song_player.o
                0x00802179                noteCh0ExtBitPos
 .bss.noteCh0ExtIndex
                0x0080217a        0x2 song_player.o
                0x0080217a                noteCh0ExtIndex
 .bss.noteCh0Index
                0x0080217c        0x2 song_player.o
                0x0080217c                noteCh0Index
 .bss.hasCh0Main
                0x0080217e        0x1 song_player.o
                0x0080217e                hasCh0Main
 .bss.hasCh0Intro
                0x0080217f        0x1 song_player.o
                0x0080217f                hasCh0Intro
 .bss.allow_easter_egg
                0x00802180        0x1 start_mode.o
                0x00802180                allow_easter_egg
 .bss.allow_portal
                0x00802181        0x1 start_mode.o
                0x00802181                allow_portal
 .bss.start_mode
                0x00802182        0x1 start_mode.o
                0x00802182                start_mode
 *(COMMON)
 COMMON         0x00802183        0xb i2c.o
                0x00802183                twi_repeat_cmd_sent
                0x00802184                twi_no_of_bytes
                0x00802186                twi_repeat_mode
                0x00802187                twi_data_count
                0x00802189                twi_transfer_complete
                0x0080218a                twi_repeat_data
                0x0080218b                twi_data
                0x0080218d                twi_repeat_cmd
 COMMON         0x0080218e       0xa8 main.o
                0x0080218e                leds
 COMMON         0x00802236       0x1a song_player.o
                0x00802236                ch1IntroExt
                0x00802238                ch0MainExt
                0x0080223a                ch0Ext
                0x0080223c                ch0MainTrack
                0x0080223e                ch0IntroTrack
                0x00802240                ch1MainExt
                0x00802242                update_display_callback_ptr
                0x00802244                ch0IntroExt
                0x00802246                ch1MainTrack
                0x00802248                ch1IntroTrack
                0x0080224a                ch1Track
                0x0080224c                ch0Track
                0x0080224e                ch1Ext
 COMMON         0x00802250        0x4 c:/program files (x86)/atmel/studio/7.0/toolchain/avr8/avr8-gnu-toolchain/bin/../lib/gcc/avr/5.4.0/../../../../avr/lib/avrxmega2\libc.a(malloc.o)
                0x00802250                __brkval
                0x00802252                __flp
                0x00802254                PROVIDE (__bss_end, .)
                0x00001aa2                __data_load_start = LOADADDR (.data)
                0x00001bfe                __data_load_end = (__data_load_start + SIZEOF (.data))

.noinit         0x00802254        0x0
                [!provide]                PROVIDE (__noinit_start, .)
 *(.noinit*)
                [!provide]                PROVIDE (__noinit_end, .)
                0x00802254                _end = .
                0x00802254                PROVIDE (__heap_start, .)

.eeprom         0x00810000        0x0
 *(.eeprom*)
                0x00810000                __eeprom_end = .

.fuse
 *(.fuse)
 *(.lfuse)
 *(.hfuse)
 *(.efuse)

.lock
 *(.lock*)

.signature
 *(.signature*)

.user_signatures
 *(.user_signatures*)

.stab
 *(.stab)

.stabstr
 *(.stabstr)

.stab.excl
 *(.stab.excl)

.stab.exclstr
 *(.stab.exclstr)

.stab.index
 *(.stab.index)

.stab.indexstr
 *(.stab.indexstr)

.comment        0x00000000       0x30
 *(.comment)
 .comment       0x00000000       0x30 i2c.o
                                 0x31 (size before relaxing)
 .comment       0x00000030       0x31 io_expander.o
 .comment       0x00000030       0x31 light_player.o
 .comment       0x00000030       0x31 main.o
 .comment       0x00000030       0x31 note_player.o
 .comment       0x00000030       0x31 song_player.o
 .comment       0x00000030       0x31 start_mode.o
 .comment       0x00000030       0x31 ws2812drv.o
 .comment       0x00000030       0x31 c:/program files (x86)/atmel/studio/7.0/toolchain/avr8/avr8-gnu-toolchain/bin/../lib/gcc/avr/5.4.0/../../../../avr/lib/avrxmega2\libc.a(malloc.o)

.note.gnu.avr.deviceinfo
                0x00000000       0x40
 .note.gnu.avr.deviceinfo
                0x00000000       0x40 C:/Program Files (x86)/Atmel/Studio/7.0/Packs/atmel/XMEGAE_DFP/1.3.114/gcc/dev/atxmega16e5/avrxmega2/crtatxmega16e5.o

.note.gnu.build-id
 *(.note.gnu.build-id)

.debug
 *(.debug)

.line
 *(.line)

.debug_srcinfo
 *(.debug_srcinfo)

.debug_sfnames
 *(.debug_sfnames)

.debug_aranges  0x00000000      0x2f8
 *(.debug_aranges)
 .debug_aranges
                0x00000000       0x40 i2c.o
 .debug_aranges
                0x00000040       0x40 io_expander.o
 .debug_aranges
                0x00000080       0x48 light_player.o
 .debug_aranges
                0x000000c8       0x98 main.o
 .debug_aranges
                0x00000160       0x58 note_player.o
 .debug_aranges
                0x000001b8       0x70 song_player.o
 .debug_aranges
                0x00000228       0x60 start_mode.o
 .debug_aranges
                0x00000288       0x30 ws2812drv.o
 .debug_aranges
                0x000002b8       0x20 C:/Program Files (x86)/Atmel/Studio/7.0/Packs/atmel/XMEGAE_DFP/1.3.114/gcc/dev/atxmega16e5/avrxmega2\libatxmega16e5.a(eerd_byte.o)
 .debug_aranges
                0x000002d8       0x20 C:/Program Files (x86)/Atmel/Studio/7.0/Packs/atmel/XMEGAE_DFP/1.3.114/gcc/dev/atxmega16e5/avrxmega2\libatxmega16e5.a(eewr_byte.o)

.debug_pubnames
 *(.debug_pubnames)

.debug_info     0x00000000     0x748e
 *(.debug_info .gnu.linkonce.wi.*)
 .debug_info    0x00000000     0x1bea C:/Program Files (x86)/Atmel/Studio/7.0/Packs/atmel/XMEGAE_DFP/1.3.114/gcc/dev/atxmega16e5/avrxmega2/crtatxmega16e5.o
 .debug_info    0x00001bea      0x2a2 i2c.o
 .debug_info    0x00001e8c      0x28e io_expander.o
 .debug_info    0x0000211a      0x3ce light_player.o
 .debug_info    0x000024e8      0xcff main.o
 .debug_info    0x000031e7     0x1882 note_player.o
 .debug_info    0x00004a69     0x17a2 song_player.o
 .debug_info    0x0000620b      0x298 start_mode.o
 .debug_info    0x000064a3      0xeab ws2812drv.o
 .debug_info    0x0000734e       0xa0 C:/Program Files (x86)/Atmel/Studio/7.0/Packs/atmel/XMEGAE_DFP/1.3.114/gcc/dev/atxmega16e5/avrxmega2\libatxmega16e5.a(eerd_byte.o)
 .debug_info    0x000073ee       0xa0 C:/Program Files (x86)/Atmel/Studio/7.0/Packs/atmel/XMEGAE_DFP/1.3.114/gcc/dev/atxmega16e5/avrxmega2\libatxmega16e5.a(eewr_byte.o)

.debug_abbrev   0x00000000     0x28a5
 *(.debug_abbrev)
 .debug_abbrev  0x00000000     0x1a6e C:/Program Files (x86)/Atmel/Studio/7.0/Packs/atmel/XMEGAE_DFP/1.3.114/gcc/dev/atxmega16e5/avrxmega2/crtatxmega16e5.o
 .debug_abbrev  0x00001a6e       0xeb i2c.o
 .debug_abbrev  0x00001b59      0x17e io_expander.o
 .debug_abbrev  0x00001cd7      0x193 light_player.o
 .debug_abbrev  0x00001e6a      0x2e5 main.o
 .debug_abbrev  0x0000214f      0x191 note_player.o
 .debug_abbrev  0x000022e0      0x325 song_player.o
 .debug_abbrev  0x00002605      0x11b start_mode.o
 .debug_abbrev  0x00002720      0x15d ws2812drv.o
 .debug_abbrev  0x0000287d       0x14 C:/Program Files (x86)/Atmel/Studio/7.0/Packs/atmel/XMEGAE_DFP/1.3.114/gcc/dev/atxmega16e5/avrxmega2\libatxmega16e5.a(eerd_byte.o)
 .debug_abbrev  0x00002891       0x14 C:/Program Files (x86)/Atmel/Studio/7.0/Packs/atmel/XMEGAE_DFP/1.3.114/gcc/dev/atxmega16e5/avrxmega2\libatxmega16e5.a(eewr_byte.o)

.debug_line     0x00000000     0x1e5c
 *(.debug_line .debug_line.* .debug_line_end)
 .debug_line    0x00000000      0x199 C:/Program Files (x86)/Atmel/Studio/7.0/Packs/atmel/XMEGAE_DFP/1.3.114/gcc/dev/atxmega16e5/avrxmega2/crtatxmega16e5.o
 .debug_line    0x00000199      0x2b6 i2c.o
 .debug_line    0x0000044f      0x16f io_expander.o
 .debug_line    0x000005be      0x3ec light_player.o
 .debug_line    0x000009aa      0x61c main.o
 .debug_line    0x00000fc6      0x252 note_player.o
 .debug_line    0x00001218      0x625 song_player.o
 .debug_line    0x0000183d      0x2dc start_mode.o
 .debug_line    0x00001b19      0x1fd ws2812drv.o
 .debug_line    0x00001d16       0x79 C:/Program Files (x86)/Atmel/Studio/7.0/Packs/atmel/XMEGAE_DFP/1.3.114/gcc/dev/atxmega16e5/avrxmega2\libatxmega16e5.a(eerd_byte.o)
 .debug_line    0x00001d8f       0xcd C:/Program Files (x86)/Atmel/Studio/7.0/Packs/atmel/XMEGAE_DFP/1.3.114/gcc/dev/atxmega16e5/avrxmega2\libatxmega16e5.a(eewr_byte.o)

.debug_frame    0x00000000      0x6c4
 *(.debug_frame)
 .debug_frame   0x00000000       0x98 i2c.o
 .debug_frame   0x00000098       0x8c io_expander.o
 .debug_frame   0x00000124       0xe8 light_player.o
 .debug_frame   0x0000020c      0x1d4 main.o
 .debug_frame   0x000003e0       0xa0 note_player.o
 .debug_frame   0x00000480      0x15c song_player.o
 .debug_frame   0x000005dc       0xa4 start_mode.o
 .debug_frame   0x00000680       0x44 ws2812drv.o

.debug_str      0x00000000     0x3dd3
 *(.debug_str)
 .debug_str     0x00000000     0x1277 C:/Program Files (x86)/Atmel/Studio/7.0/Packs/atmel/XMEGAE_DFP/1.3.114/gcc/dev/atxmega16e5/avrxmega2/crtatxmega16e5.o
 .debug_str     0x00001277      0x31a i2c.o
                                0x359 (size before relaxing)
 .debug_str     0x00001591       0x8c io_expander.o
                                0x222 (size before relaxing)
 .debug_str     0x0000161d      0x109 light_player.o
                                0x29d (size before relaxing)
 .debug_str     0x00001726      0x658 main.o
                                0x875 (size before relaxing)
 .debug_str     0x00001d7e     0x1317 note_player.o
                               0x1674 (size before relaxing)
 .debug_str     0x00003095      0x315 song_player.o
                                0xb8e (size before relaxing)
 .debug_str     0x000033aa       0x6c start_mode.o
                                0x292 (size before relaxing)
 .debug_str     0x00003416      0x9bd ws2812drv.o
                               0x1966 (size before relaxing)

.debug_loc      0x00000000     0x10a1
 *(.debug_loc)
 .debug_loc     0x00000000       0xfa i2c.o
 .debug_loc     0x000000fa      0x160 io_expander.o
 .debug_loc     0x0000025a      0x43a light_player.o
 .debug_loc     0x00000694      0x3f5 main.o
 .debug_loc     0x00000a89       0x50 note_player.o
 .debug_loc     0x00000ad9      0x510 song_player.o
 .debug_loc     0x00000fe9       0x60 start_mode.o
 .debug_loc     0x00001049       0x58 ws2812drv.o

.debug_macinfo
 *(.debug_macinfo)

.debug_weaknames
 *(.debug_weaknames)

.debug_funcnames
 *(.debug_funcnames)

.debug_typenames
 *(.debug_typenames)

.debug_varnames
 *(.debug_varnames)

.debug_pubtypes
 *(.debug_pubtypes)

.debug_ranges   0x00000000      0x238
 *(.debug_ranges)
 .debug_ranges  0x00000000       0x30 i2c.o
 .debug_ranges  0x00000030       0x30 io_expander.o
 .debug_ranges  0x00000060       0x38 light_player.o
 .debug_ranges  0x00000098       0x88 main.o
 .debug_ranges  0x00000120       0x48 note_player.o
 .debug_ranges  0x00000168       0x60 song_player.o
 .debug_ranges  0x000001c8       0x50 start_mode.o
 .debug_ranges  0x00000218       0x20 ws2812drv.o

.debug_macro
 *(.debug_macro)
OUTPUT(xmega16e5-plumbus-full.elf elf32-avr)
LOAD linker stubs
