Archive member included to satisfy reference by file (symbol)

c:/program files (x86)/atmel/studio/7.0/toolchain/avr8/avr8-gnu-toolchain/bin/../lib/gcc/avr/5.4.0/avrxmega2\libgcc.a(_divmodhi4.o)
                              games.o (__divmodhi4)
c:/program files (x86)/atmel/studio/7.0/toolchain/avr8/avr8-gnu-toolchain/bin/../lib/gcc/avr/5.4.0/avrxmega2\libgcc.a(_exit.o)
                              C:/Program Files (x86)/Atmel/Studio/7.0/Packs/atmel/XMEGAE_DFP/1.3.114/gcc/dev/atxmega16e5/avrxmega2/crtatxmega16e5.o (exit)
c:/program files (x86)/atmel/studio/7.0/toolchain/avr8/avr8-gnu-toolchain/bin/../lib/gcc/avr/5.4.0/avrxmega2\libgcc.a(_copy_data.o)
                              games.o (__do_copy_data)
c:/program files (x86)/atmel/studio/7.0/toolchain/avr8/avr8-gnu-toolchain/bin/../lib/gcc/avr/5.4.0/avrxmega2\libgcc.a(_clear_bss.o)
                              games.o (__do_clear_bss)
c:/program files (x86)/atmel/studio/7.0/toolchain/avr8/avr8-gnu-toolchain/bin/../lib/gcc/avr/5.4.0/avrxmega2\libgcc.a(_udivmodhi4.o)
                              c:/program files (x86)/atmel/studio/7.0/toolchain/avr8/avr8-gnu-toolchain/bin/../lib/gcc/avr/5.4.0/avrxmega2\libgcc.a(_divmodhi4.o) (__udivmodhi4)
c:/program files (x86)/atmel/studio/7.0/toolchain/avr8/avr8-gnu-toolchain/bin/../lib/gcc/avr/5.4.0/../../../../avr/lib/avrxmega2\libc.a(malloc.o)
                              games.o (malloc)
c:/program files (x86)/atmel/studio/7.0/toolchain/avr8/avr8-gnu-toolchain/bin/../lib/gcc/avr/5.4.0/../../../../avr/lib/avrxmega2\libc.a(rand.o)
                              games.o (rand)
C:/Program Files (x86)/Atmel/Studio/7.0/Packs/atmel/XMEGAE_DFP/1.3.114/gcc/dev/atxmega16e5/avrxmega2\libatxmega16e5.a(eerd_byte.o)
                              start_mode.o (eeprom_read_byte)
C:/Program Files (x86)/Atmel/Studio/7.0/Packs/atmel/XMEGAE_DFP/1.3.114/gcc/dev/atxmega16e5/avrxmega2\libatxmega16e5.a(eewr_byte.o)
                              start_mode.o (eeprom_write_byte)
c:/program files (x86)/atmel/studio/7.0/toolchain/avr8/avr8-gnu-toolchain/bin/../lib/gcc/avr/5.4.0/avrxmega2\libgcc.a(_divmodsi4.o)
                              c:/program files (x86)/atmel/studio/7.0/toolchain/avr8/avr8-gnu-toolchain/bin/../lib/gcc/avr/5.4.0/../../../../avr/lib/avrxmega2\libc.a(rand.o) (__divmodsi4)
c:/program files (x86)/atmel/studio/7.0/toolchain/avr8/avr8-gnu-toolchain/bin/../lib/gcc/avr/5.4.0/avrxmega2\libgcc.a(_negsi2.o)
                              c:/program files (x86)/atmel/studio/7.0/toolchain/avr8/avr8-gnu-toolchain/bin/../lib/gcc/avr/5.4.0/avrxmega2\libgcc.a(_divmodsi4.o) (__negsi2)
c:/program files (x86)/atmel/studio/7.0/toolchain/avr8/avr8-gnu-toolchain/bin/../lib/gcc/avr/5.4.0/avrxmega2\libgcc.a(_muluhisi3.o)
                              c:/program files (x86)/atmel/studio/7.0/toolchain/avr8/avr8-gnu-toolchain/bin/../lib/gcc/avr/5.4.0/../../../../avr/lib/avrxmega2\libc.a(rand.o) (__muluhisi3)
c:/program files (x86)/atmel/studio/7.0/toolchain/avr8/avr8-gnu-toolchain/bin/../lib/gcc/avr/5.4.0/avrxmega2\libgcc.a(_mulshisi3.o)
                              c:/program files (x86)/atmel/studio/7.0/toolchain/avr8/avr8-gnu-toolchain/bin/../lib/gcc/avr/5.4.0/../../../../avr/lib/avrxmega2\libc.a(rand.o) (__mulohisi3)
c:/program files (x86)/atmel/studio/7.0/toolchain/avr8/avr8-gnu-toolchain/bin/../lib/gcc/avr/5.4.0/avrxmega2\libgcc.a(_udivmodsi4.o)
                              c:/program files (x86)/atmel/studio/7.0/toolchain/avr8/avr8-gnu-toolchain/bin/../lib/gcc/avr/5.4.0/avrxmega2\libgcc.a(_divmodsi4.o) (__udivmodsi4)
c:/program files (x86)/atmel/studio/7.0/toolchain/avr8/avr8-gnu-toolchain/bin/../lib/gcc/avr/5.4.0/avrxmega2\libgcc.a(_umulhisi3.o)
                              c:/program files (x86)/atmel/studio/7.0/toolchain/avr8/avr8-gnu-toolchain/bin/../lib/gcc/avr/5.4.0/avrxmega2\libgcc.a(_muluhisi3.o) (__umulhisi3)

Allocating common symbols
Common symbol       size              file

sequence            0x2               games.o
ch1IntroExt         0x2               song_player.o
start_size          0x2               games.o
twi_repeat_cmd_sent
                    0x1               i2c.o
ch0MainExt          0x2               song_player.o
ch0Ext              0x2               song_player.o
ch0MainTrack        0x2               song_player.o
ch0IntroTrack       0x2               song_player.o
twi_no_of_bytes     0x2               i2c.o
handle_game_won_state
                    0x2               games.o
twi_repeat_mode     0x1               i2c.o
twi_data_count      0x2               i2c.o
twi_transfer_complete
                    0x1               i2c.o
__brkval            0x2               c:/program files (x86)/atmel/studio/7.0/toolchain/avr8/avr8-gnu-toolchain/bin/../lib/gcc/avr/5.4.0/../../../../avr/lib/avrxmega2\libc.a(malloc.o)
ch1MainExt          0x2               song_player.o
twi_repeat_data     0x1               i2c.o
update_display_callback_ptr
                    0x2               song_player.o
ch0IntroExt         0x2               song_player.o
leds                0xa8              light_player.o
start_notes         0x2               games.o
ch1MainTrack        0x2               song_player.o
ch1IntroTrack       0x2               song_player.o
ch1Track            0x2               song_player.o
sequence_init       0x2               games.o
twi_data            0x2               i2c.o
step                0x2               games.o
ch0Track            0x2               song_player.o
twi_repeat_cmd      0x1               i2c.o
__flp               0x2               c:/program files (x86)/atmel/studio/7.0/toolchain/avr8/avr8-gnu-toolchain/bin/../lib/gcc/avr/5.4.0/../../../../avr/lib/avrxmega2\libc.a(malloc.o)
ch1Ext              0x2               song_player.o

Discarded input sections

 .data          0x00000000        0x0 C:/Program Files (x86)/Atmel/Studio/7.0/Packs/atmel/XMEGAE_DFP/1.3.114/gcc/dev/atxmega16e5/avrxmega2/crtatxmega16e5.o
 .bss           0x00000000        0x0 C:/Program Files (x86)/Atmel/Studio/7.0/Packs/atmel/XMEGAE_DFP/1.3.114/gcc/dev/atxmega16e5/avrxmega2/crtatxmega16e5.o
 .text          0x00000000        0x0 games.o
 .data          0x00000000        0x0 games.o
 .bss           0x00000000        0x0 games.o
 .text          0x00000000        0x0 i2c.o
 .data          0x00000000        0x0 i2c.o
 .bss           0x00000000        0x0 i2c.o
 .text.twi_repeat
                0x00000000       0x38 i2c.o
 .text          0x00000000        0x0 io_expander.o
 .data          0x00000000        0x0 io_expander.o
 .bss           0x00000000        0x0 io_expander.o
 .text          0x00000000        0x0 light_player.o
 .data          0x00000000        0x0 light_player.o
 .bss           0x00000000        0x0 light_player.o
 .text          0x00000000        0x0 main.o
 .data          0x00000000        0x0 main.o
 .bss           0x00000000        0x0 main.o
 .text.update_display_song_play_cb
                0x00000000       0x14 main.o
 .text          0x00000000        0x0 note_player.o
 .data          0x00000000        0x0 note_player.o
 .bss           0x00000000        0x0 note_player.o
 .text          0x00000000        0x0 song_player.o
 .data          0x00000000        0x0 song_player.o
 .bss           0x00000000        0x0 song_player.o
 .text          0x00000000        0x0 start_mode.o
 .data          0x00000000        0x0 start_mode.o
 .bss           0x00000000        0x0 start_mode.o
 .text          0x00000000        0x0 ws2812drv.o
 .data          0x00000000        0x0 ws2812drv.o
 .bss           0x00000000        0x0 ws2812drv.o
 .text.ws2812drv_busy
                0x00000000        0xe ws2812drv.o
 .text          0x00000000        0x0 c:/program files (x86)/atmel/studio/7.0/toolchain/avr8/avr8-gnu-toolchain/bin/../lib/gcc/avr/5.4.0/avrxmega2\libgcc.a(_divmodhi4.o)
 .data          0x00000000        0x0 c:/program files (x86)/atmel/studio/7.0/toolchain/avr8/avr8-gnu-toolchain/bin/../lib/gcc/avr/5.4.0/avrxmega2\libgcc.a(_divmodhi4.o)
 .bss           0x00000000        0x0 c:/program files (x86)/atmel/studio/7.0/toolchain/avr8/avr8-gnu-toolchain/bin/../lib/gcc/avr/5.4.0/avrxmega2\libgcc.a(_divmodhi4.o)
 .text.libgcc.mul
                0x00000000        0x0 c:/program files (x86)/atmel/studio/7.0/toolchain/avr8/avr8-gnu-toolchain/bin/../lib/gcc/avr/5.4.0/avrxmega2\libgcc.a(_divmodhi4.o)
 .text.libgcc   0x00000000        0x0 c:/program files (x86)/atmel/studio/7.0/toolchain/avr8/avr8-gnu-toolchain/bin/../lib/gcc/avr/5.4.0/avrxmega2\libgcc.a(_divmodhi4.o)
 .text.libgcc.prologue
                0x00000000        0x0 c:/program files (x86)/atmel/studio/7.0/toolchain/avr8/avr8-gnu-toolchain/bin/../lib/gcc/avr/5.4.0/avrxmega2\libgcc.a(_divmodhi4.o)
 .text.libgcc.builtins
                0x00000000        0x0 c:/program files (x86)/atmel/studio/7.0/toolchain/avr8/avr8-gnu-toolchain/bin/../lib/gcc/avr/5.4.0/avrxmega2\libgcc.a(_divmodhi4.o)
 .text.libgcc.fmul
                0x00000000        0x0 c:/program files (x86)/atmel/studio/7.0/toolchain/avr8/avr8-gnu-toolchain/bin/../lib/gcc/avr/5.4.0/avrxmega2\libgcc.a(_divmodhi4.o)
 .text.libgcc.fixed
                0x00000000        0x0 c:/program files (x86)/atmel/studio/7.0/toolchain/avr8/avr8-gnu-toolchain/bin/../lib/gcc/avr/5.4.0/avrxmega2\libgcc.a(_divmodhi4.o)
 .text          0x00000000        0x0 c:/program files (x86)/atmel/studio/7.0/toolchain/avr8/avr8-gnu-toolchain/bin/../lib/gcc/avr/5.4.0/avrxmega2\libgcc.a(_exit.o)
 .data          0x00000000        0x0 c:/program files (x86)/atmel/studio/7.0/toolchain/avr8/avr8-gnu-toolchain/bin/../lib/gcc/avr/5.4.0/avrxmega2\libgcc.a(_exit.o)
 .bss           0x00000000        0x0 c:/program files (x86)/atmel/studio/7.0/toolchain/avr8/avr8-gnu-toolchain/bin/../lib/gcc/avr/5.4.0/avrxmega2\libgcc.a(_exit.o)
 .text.libgcc.mul
                0x00000000        0x0 c:/program files (x86)/atmel/studio/7.0/toolchain/avr8/avr8-gnu-toolchain/bin/../lib/gcc/avr/5.4.0/avrxmega2\libgcc.a(_exit.o)
 .text.libgcc.div
                0x00000000        0x0 c:/program files (x86)/atmel/studio/7.0/toolchain/avr8/avr8-gnu-toolchain/bin/../lib/gcc/avr/5.4.0/avrxmega2\libgcc.a(_exit.o)
 .text.libgcc   0x00000000        0x0 c:/program files (x86)/atmel/studio/7.0/toolchain/avr8/avr8-gnu-toolchain/bin/../lib/gcc/avr/5.4.0/avrxmega2\libgcc.a(_exit.o)
 .text.libgcc.prologue
                0x00000000        0x0 c:/program files (x86)/atmel/studio/7.0/toolchain/avr8/avr8-gnu-toolchain/bin/../lib/gcc/avr/5.4.0/avrxmega2\libgcc.a(_exit.o)
 .text.libgcc.builtins
                0x00000000        0x0 c:/program files (x86)/atmel/studio/7.0/toolchain/avr8/avr8-gnu-toolchain/bin/../lib/gcc/avr/5.4.0/avrxmega2\libgcc.a(_exit.o)
 .text.libgcc.fmul
                0x00000000        0x0 c:/program files (x86)/atmel/studio/7.0/toolchain/avr8/avr8-gnu-toolchain/bin/../lib/gcc/avr/5.4.0/avrxmega2\libgcc.a(_exit.o)
 .text.libgcc.fixed
                0x00000000        0x0 c:/program files (x86)/atmel/studio/7.0/toolchain/avr8/avr8-gnu-toolchain/bin/../lib/gcc/avr/5.4.0/avrxmega2\libgcc.a(_exit.o)
 .text          0x00000000        0x0 c:/program files (x86)/atmel/studio/7.0/toolchain/avr8/avr8-gnu-toolchain/bin/../lib/gcc/avr/5.4.0/avrxmega2\libgcc.a(_copy_data.o)
 .data          0x00000000        0x0 c:/program files (x86)/atmel/studio/7.0/toolchain/avr8/avr8-gnu-toolchain/bin/../lib/gcc/avr/5.4.0/avrxmega2\libgcc.a(_copy_data.o)
 .bss           0x00000000        0x0 c:/program files (x86)/atmel/studio/7.0/toolchain/avr8/avr8-gnu-toolchain/bin/../lib/gcc/avr/5.4.0/avrxmega2\libgcc.a(_copy_data.o)
 .text.libgcc.mul
                0x00000000        0x0 c:/program files (x86)/atmel/studio/7.0/toolchain/avr8/avr8-gnu-toolchain/bin/../lib/gcc/avr/5.4.0/avrxmega2\libgcc.a(_copy_data.o)
 .text.libgcc.div
                0x00000000        0x0 c:/program files (x86)/atmel/studio/7.0/toolchain/avr8/avr8-gnu-toolchain/bin/../lib/gcc/avr/5.4.0/avrxmega2\libgcc.a(_copy_data.o)
 .text.libgcc   0x00000000        0x0 c:/program files (x86)/atmel/studio/7.0/toolchain/avr8/avr8-gnu-toolchain/bin/../lib/gcc/avr/5.4.0/avrxmega2\libgcc.a(_copy_data.o)
 .text.libgcc.prologue
                0x00000000        0x0 c:/program files (x86)/atmel/studio/7.0/toolchain/avr8/avr8-gnu-toolchain/bin/../lib/gcc/avr/5.4.0/avrxmega2\libgcc.a(_copy_data.o)
 .text.libgcc.builtins
                0x00000000        0x0 c:/program files (x86)/atmel/studio/7.0/toolchain/avr8/avr8-gnu-toolchain/bin/../lib/gcc/avr/5.4.0/avrxmega2\libgcc.a(_copy_data.o)
 .text.libgcc.fmul
                0x00000000        0x0 c:/program files (x86)/atmel/studio/7.0/toolchain/avr8/avr8-gnu-toolchain/bin/../lib/gcc/avr/5.4.0/avrxmega2\libgcc.a(_copy_data.o)
 .text.libgcc.fixed
                0x00000000        0x0 c:/program files (x86)/atmel/studio/7.0/toolchain/avr8/avr8-gnu-toolchain/bin/../lib/gcc/avr/5.4.0/avrxmega2\libgcc.a(_copy_data.o)
 .text          0x00000000        0x0 c:/program files (x86)/atmel/studio/7.0/toolchain/avr8/avr8-gnu-toolchain/bin/../lib/gcc/avr/5.4.0/avrxmega2\libgcc.a(_clear_bss.o)
 .data          0x00000000        0x0 c:/program files (x86)/atmel/studio/7.0/toolchain/avr8/avr8-gnu-toolchain/bin/../lib/gcc/avr/5.4.0/avrxmega2\libgcc.a(_clear_bss.o)
 .bss           0x00000000        0x0 c:/program files (x86)/atmel/studio/7.0/toolchain/avr8/avr8-gnu-toolchain/bin/../lib/gcc/avr/5.4.0/avrxmega2\libgcc.a(_clear_bss.o)
 .text.libgcc.mul
                0x00000000        0x0 c:/program files (x86)/atmel/studio/7.0/toolchain/avr8/avr8-gnu-toolchain/bin/../lib/gcc/avr/5.4.0/avrxmega2\libgcc.a(_clear_bss.o)
 .text.libgcc.div
                0x00000000        0x0 c:/program files (x86)/atmel/studio/7.0/toolchain/avr8/avr8-gnu-toolchain/bin/../lib/gcc/avr/5.4.0/avrxmega2\libgcc.a(_clear_bss.o)
 .text.libgcc   0x00000000        0x0 c:/program files (x86)/atmel/studio/7.0/toolchain/avr8/avr8-gnu-toolchain/bin/../lib/gcc/avr/5.4.0/avrxmega2\libgcc.a(_clear_bss.o)
 .text.libgcc.prologue
                0x00000000        0x0 c:/program files (x86)/atmel/studio/7.0/toolchain/avr8/avr8-gnu-toolchain/bin/../lib/gcc/avr/5.4.0/avrxmega2\libgcc.a(_clear_bss.o)
 .text.libgcc.builtins
                0x00000000        0x0 c:/program files (x86)/atmel/studio/7.0/toolchain/avr8/avr8-gnu-toolchain/bin/../lib/gcc/avr/5.4.0/avrxmega2\libgcc.a(_clear_bss.o)
 .text.libgcc.fmul
                0x00000000        0x0 c:/program files (x86)/atmel/studio/7.0/toolchain/avr8/avr8-gnu-toolchain/bin/../lib/gcc/avr/5.4.0/avrxmega2\libgcc.a(_clear_bss.o)
 .text.libgcc.fixed
                0x00000000        0x0 c:/program files (x86)/atmel/studio/7.0/toolchain/avr8/avr8-gnu-toolchain/bin/../lib/gcc/avr/5.4.0/avrxmega2\libgcc.a(_clear_bss.o)
 .text          0x00000000        0x0 c:/program files (x86)/atmel/studio/7.0/toolchain/avr8/avr8-gnu-toolchain/bin/../lib/gcc/avr/5.4.0/avrxmega2\libgcc.a(_udivmodhi4.o)
 .data          0x00000000        0x0 c:/program files (x86)/atmel/studio/7.0/toolchain/avr8/avr8-gnu-toolchain/bin/../lib/gcc/avr/5.4.0/avrxmega2\libgcc.a(_udivmodhi4.o)
 .bss           0x00000000        0x0 c:/program files (x86)/atmel/studio/7.0/toolchain/avr8/avr8-gnu-toolchain/bin/../lib/gcc/avr/5.4.0/avrxmega2\libgcc.a(_udivmodhi4.o)
 .text.libgcc.mul
                0x00000000        0x0 c:/program files (x86)/atmel/studio/7.0/toolchain/avr8/avr8-gnu-toolchain/bin/../lib/gcc/avr/5.4.0/avrxmega2\libgcc.a(_udivmodhi4.o)
 .text.libgcc   0x00000000        0x0 c:/program files (x86)/atmel/studio/7.0/toolchain/avr8/avr8-gnu-toolchain/bin/../lib/gcc/avr/5.4.0/avrxmega2\libgcc.a(_udivmodhi4.o)
 .text.libgcc.prologue
                0x00000000        0x0 c:/program files (x86)/atmel/studio/7.0/toolchain/avr8/avr8-gnu-toolchain/bin/../lib/gcc/avr/5.4.0/avrxmega2\libgcc.a(_udivmodhi4.o)
 .text.libgcc.builtins
                0x00000000        0x0 c:/program files (x86)/atmel/studio/7.0/toolchain/avr8/avr8-gnu-toolchain/bin/../lib/gcc/avr/5.4.0/avrxmega2\libgcc.a(_udivmodhi4.o)
 .text.libgcc.fmul
                0x00000000        0x0 c:/program files (x86)/atmel/studio/7.0/toolchain/avr8/avr8-gnu-toolchain/bin/../lib/gcc/avr/5.4.0/avrxmega2\libgcc.a(_udivmodhi4.o)
 .text.libgcc.fixed
                0x00000000        0x0 c:/program files (x86)/atmel/studio/7.0/toolchain/avr8/avr8-gnu-toolchain/bin/../lib/gcc/avr/5.4.0/avrxmega2\libgcc.a(_udivmodhi4.o)
 .text          0x00000000        0x0 c:/program files (x86)/atmel/studio/7.0/toolchain/avr8/avr8-gnu-toolchain/bin/../lib/gcc/avr/5.4.0/../../../../avr/lib/avrxmega2\libc.a(malloc.o)
 .bss           0x00000000        0x0 c:/program files (x86)/atmel/studio/7.0/toolchain/avr8/avr8-gnu-toolchain/bin/../lib/gcc/avr/5.4.0/../../../../avr/lib/avrxmega2\libc.a(malloc.o)
 .text          0x00000000        0x0 c:/program files (x86)/atmel/studio/7.0/toolchain/avr8/avr8-gnu-toolchain/bin/../lib/gcc/avr/5.4.0/../../../../avr/lib/avrxmega2\libc.a(rand.o)
 .bss           0x00000000        0x0 c:/program files (x86)/atmel/studio/7.0/toolchain/avr8/avr8-gnu-toolchain/bin/../lib/gcc/avr/5.4.0/../../../../avr/lib/avrxmega2\libc.a(rand.o)
 .text          0x00000000        0x0 C:/Program Files (x86)/Atmel/Studio/7.0/Packs/atmel/XMEGAE_DFP/1.3.114/gcc/dev/atxmega16e5/avrxmega2\libatxmega16e5.a(eerd_byte.o)
 .data          0x00000000        0x0 C:/Program Files (x86)/Atmel/Studio/7.0/Packs/atmel/XMEGAE_DFP/1.3.114/gcc/dev/atxmega16e5/avrxmega2\libatxmega16e5.a(eerd_byte.o)
 .bss           0x00000000        0x0 C:/Program Files (x86)/Atmel/Studio/7.0/Packs/atmel/XMEGAE_DFP/1.3.114/gcc/dev/atxmega16e5/avrxmega2\libatxmega16e5.a(eerd_byte.o)
 .text          0x00000000        0x0 C:/Program Files (x86)/Atmel/Studio/7.0/Packs/atmel/XMEGAE_DFP/1.3.114/gcc/dev/atxmega16e5/avrxmega2\libatxmega16e5.a(eewr_byte.o)
 .data          0x00000000        0x0 C:/Program Files (x86)/Atmel/Studio/7.0/Packs/atmel/XMEGAE_DFP/1.3.114/gcc/dev/atxmega16e5/avrxmega2\libatxmega16e5.a(eewr_byte.o)
 .bss           0x00000000        0x0 C:/Program Files (x86)/Atmel/Studio/7.0/Packs/atmel/XMEGAE_DFP/1.3.114/gcc/dev/atxmega16e5/avrxmega2\libatxmega16e5.a(eewr_byte.o)
 .text          0x00000000        0x0 c:/program files (x86)/atmel/studio/7.0/toolchain/avr8/avr8-gnu-toolchain/bin/../lib/gcc/avr/5.4.0/avrxmega2\libgcc.a(_divmodsi4.o)
 .data          0x00000000        0x0 c:/program files (x86)/atmel/studio/7.0/toolchain/avr8/avr8-gnu-toolchain/bin/../lib/gcc/avr/5.4.0/avrxmega2\libgcc.a(_divmodsi4.o)
 .bss           0x00000000        0x0 c:/program files (x86)/atmel/studio/7.0/toolchain/avr8/avr8-gnu-toolchain/bin/../lib/gcc/avr/5.4.0/avrxmega2\libgcc.a(_divmodsi4.o)
 .text.libgcc.mul
                0x00000000        0x0 c:/program files (x86)/atmel/studio/7.0/toolchain/avr8/avr8-gnu-toolchain/bin/../lib/gcc/avr/5.4.0/avrxmega2\libgcc.a(_divmodsi4.o)
 .text.libgcc   0x00000000        0x0 c:/program files (x86)/atmel/studio/7.0/toolchain/avr8/avr8-gnu-toolchain/bin/../lib/gcc/avr/5.4.0/avrxmega2\libgcc.a(_divmodsi4.o)
 .text.libgcc.prologue
                0x00000000        0x0 c:/program files (x86)/atmel/studio/7.0/toolchain/avr8/avr8-gnu-toolchain/bin/../lib/gcc/avr/5.4.0/avrxmega2\libgcc.a(_divmodsi4.o)
 .text.libgcc.builtins
                0x00000000        0x0 c:/program files (x86)/atmel/studio/7.0/toolchain/avr8/avr8-gnu-toolchain/bin/../lib/gcc/avr/5.4.0/avrxmega2\libgcc.a(_divmodsi4.o)
 .text.libgcc.fmul
                0x00000000        0x0 c:/program files (x86)/atmel/studio/7.0/toolchain/avr8/avr8-gnu-toolchain/bin/../lib/gcc/avr/5.4.0/avrxmega2\libgcc.a(_divmodsi4.o)
 .text.libgcc.fixed
                0x00000000        0x0 c:/program files (x86)/atmel/studio/7.0/toolchain/avr8/avr8-gnu-toolchain/bin/../lib/gcc/avr/5.4.0/avrxmega2\libgcc.a(_divmodsi4.o)
 .text          0x00000000        0x0 c:/program files (x86)/atmel/studio/7.0/toolchain/avr8/avr8-gnu-toolchain/bin/../lib/gcc/avr/5.4.0/avrxmega2\libgcc.a(_negsi2.o)
 .data          0x00000000        0x0 c:/program files (x86)/atmel/studio/7.0/toolchain/avr8/avr8-gnu-toolchain/bin/../lib/gcc/avr/5.4.0/avrxmega2\libgcc.a(_negsi2.o)
 .bss           0x00000000        0x0 c:/program files (x86)/atmel/studio/7.0/toolchain/avr8/avr8-gnu-toolchain/bin/../lib/gcc/avr/5.4.0/avrxmega2\libgcc.a(_negsi2.o)
 .text.libgcc.mul
                0x00000000        0x0 c:/program files (x86)/atmel/studio/7.0/toolchain/avr8/avr8-gnu-toolchain/bin/../lib/gcc/avr/5.4.0/avrxmega2\libgcc.a(_negsi2.o)
 .text.libgcc   0x00000000        0x0 c:/program files (x86)/atmel/studio/7.0/toolchain/avr8/avr8-gnu-toolchain/bin/../lib/gcc/avr/5.4.0/avrxmega2\libgcc.a(_negsi2.o)
 .text.libgcc.prologue
                0x00000000        0x0 c:/program files (x86)/atmel/studio/7.0/toolchain/avr8/avr8-gnu-toolchain/bin/../lib/gcc/avr/5.4.0/avrxmega2\libgcc.a(_negsi2.o)
 .text.libgcc.builtins
                0x00000000        0x0 c:/program files (x86)/atmel/studio/7.0/toolchain/avr8/avr8-gnu-toolchain/bin/../lib/gcc/avr/5.4.0/avrxmega2\libgcc.a(_negsi2.o)
 .text.libgcc.fmul
                0x00000000        0x0 c:/program files (x86)/atmel/studio/7.0/toolchain/avr8/avr8-gnu-toolchain/bin/../lib/gcc/avr/5.4.0/avrxmega2\libgcc.a(_negsi2.o)
 .text.libgcc.fixed
                0x00000000        0x0 c:/program files (x86)/atmel/studio/7.0/toolchain/avr8/avr8-gnu-toolchain/bin/../lib/gcc/avr/5.4.0/avrxmega2\libgcc.a(_negsi2.o)
 .text          0x00000000        0x0 c:/program files (x86)/atmel/studio/7.0/toolchain/avr8/avr8-gnu-toolchain/bin/../lib/gcc/avr/5.4.0/avrxmega2\libgcc.a(_muluhisi3.o)
 .data          0x00000000        0x0 c:/program files (x86)/atmel/studio/7.0/toolchain/avr8/avr8-gnu-toolchain/bin/../lib/gcc/avr/5.4.0/avrxmega2\libgcc.a(_muluhisi3.o)
 .bss           0x00000000        0x0 c:/program files (x86)/atmel/studio/7.0/toolchain/avr8/avr8-gnu-toolchain/bin/../lib/gcc/avr/5.4.0/avrxmega2\libgcc.a(_muluhisi3.o)
 .text.libgcc.div
                0x00000000        0x0 c:/program files (x86)/atmel/studio/7.0/toolchain/avr8/avr8-gnu-toolchain/bin/../lib/gcc/avr/5.4.0/avrxmega2\libgcc.a(_muluhisi3.o)
 .text.libgcc   0x00000000        0x0 c:/program files (x86)/atmel/studio/7.0/toolchain/avr8/avr8-gnu-toolchain/bin/../lib/gcc/avr/5.4.0/avrxmega2\libgcc.a(_muluhisi3.o)
 .text.libgcc.prologue
                0x00000000        0x0 c:/program files (x86)/atmel/studio/7.0/toolchain/avr8/avr8-gnu-toolchain/bin/../lib/gcc/avr/5.4.0/avrxmega2\libgcc.a(_muluhisi3.o)
 .text.libgcc.builtins
                0x00000000        0x0 c:/program files (x86)/atmel/studio/7.0/toolchain/avr8/avr8-gnu-toolchain/bin/../lib/gcc/avr/5.4.0/avrxmega2\libgcc.a(_muluhisi3.o)
 .text.libgcc.fmul
                0x00000000        0x0 c:/program files (x86)/atmel/studio/7.0/toolchain/avr8/avr8-gnu-toolchain/bin/../lib/gcc/avr/5.4.0/avrxmega2\libgcc.a(_muluhisi3.o)
 .text.libgcc.fixed
                0x00000000        0x0 c:/program files (x86)/atmel/studio/7.0/toolchain/avr8/avr8-gnu-toolchain/bin/../lib/gcc/avr/5.4.0/avrxmega2\libgcc.a(_muluhisi3.o)
 .text          0x00000000        0x0 c:/program files (x86)/atmel/studio/7.0/toolchain/avr8/avr8-gnu-toolchain/bin/../lib/gcc/avr/5.4.0/avrxmega2\libgcc.a(_mulshisi3.o)
 .data          0x00000000        0x0 c:/program files (x86)/atmel/studio/7.0/toolchain/avr8/avr8-gnu-toolchain/bin/../lib/gcc/avr/5.4.0/avrxmega2\libgcc.a(_mulshisi3.o)
 .bss           0x00000000        0x0 c:/program files (x86)/atmel/studio/7.0/toolchain/avr8/avr8-gnu-toolchain/bin/../lib/gcc/avr/5.4.0/avrxmega2\libgcc.a(_mulshisi3.o)
 .text.libgcc.div
                0x00000000        0x0 c:/program files (x86)/atmel/studio/7.0/toolchain/avr8/avr8-gnu-toolchain/bin/../lib/gcc/avr/5.4.0/avrxmega2\libgcc.a(_mulshisi3.o)
 .text.libgcc   0x00000000        0x0 c:/program files (x86)/atmel/studio/7.0/toolchain/avr8/avr8-gnu-toolchain/bin/../lib/gcc/avr/5.4.0/avrxmega2\libgcc.a(_mulshisi3.o)
 .text.libgcc.prologue
                0x00000000        0x0 c:/program files (x86)/atmel/studio/7.0/toolchain/avr8/avr8-gnu-toolchain/bin/../lib/gcc/avr/5.4.0/avrxmega2\libgcc.a(_mulshisi3.o)
 .text.libgcc.builtins
                0x00000000        0x0 c:/program files (x86)/atmel/studio/7.0/toolchain/avr8/avr8-gnu-toolchain/bin/../lib/gcc/avr/5.4.0/avrxmega2\libgcc.a(_mulshisi3.o)
 .text.libgcc.fmul
                0x00000000        0x0 c:/program files (x86)/atmel/studio/7.0/toolchain/avr8/avr8-gnu-toolchain/bin/../lib/gcc/avr/5.4.0/avrxmega2\libgcc.a(_mulshisi3.o)
 .text.libgcc.fixed
                0x00000000        0x0 c:/program files (x86)/atmel/studio/7.0/toolchain/avr8/avr8-gnu-toolchain/bin/../lib/gcc/avr/5.4.0/avrxmega2\libgcc.a(_mulshisi3.o)
 .text          0x00000000        0x0 c:/program files (x86)/atmel/studio/7.0/toolchain/avr8/avr8-gnu-toolchain/bin/../lib/gcc/avr/5.4.0/avrxmega2\libgcc.a(_udivmodsi4.o)
 .data          0x00000000        0x0 c:/program files (x86)/atmel/studio/7.0/toolchain/avr8/avr8-gnu-toolchain/bin/../lib/gcc/avr/5.4.0/avrxmega2\libgcc.a(_udivmodsi4.o)
 .bss           0x00000000        0x0 c:/program files (x86)/atmel/studio/7.0/toolchain/avr8/avr8-gnu-toolchain/bin/../lib/gcc/avr/5.4.0/avrxmega2\libgcc.a(_udivmodsi4.o)
 .text.libgcc.mul
                0x00000000        0x0 c:/program files (x86)/atmel/studio/7.0/toolchain/avr8/avr8-gnu-toolchain/bin/../lib/gcc/avr/5.4.0/avrxmega2\libgcc.a(_udivmodsi4.o)
 .text.libgcc   0x00000000        0x0 c:/program files (x86)/atmel/studio/7.0/toolchain/avr8/avr8-gnu-toolchain/bin/../lib/gcc/avr/5.4.0/avrxmega2\libgcc.a(_udivmodsi4.o)
 .text.libgcc.prologue
                0x00000000        0x0 c:/program files (x86)/atmel/studio/7.0/toolchain/avr8/avr8-gnu-toolchain/bin/../lib/gcc/avr/5.4.0/avrxmega2\libgcc.a(_udivmodsi4.o)
 .text.libgcc.builtins
                0x00000000        0x0 c:/program files (x86)/atmel/studio/7.0/toolchain/avr8/avr8-gnu-toolchain/bin/../lib/gcc/avr/5.4.0/avrxmega2\libgcc.a(_udivmodsi4.o)
 .text.libgcc.fmul
                0x00000000        0x0 c:/program files (x86)/atmel/studio/7.0/toolchain/avr8/avr8-gnu-toolchain/bin/../lib/gcc/avr/5.4.0/avrxmega2\libgcc.a(_udivmodsi4.o)
 .text.libgcc.fixed
                0x00000000        0x0 c:/program files (x86)/atmel/studio/7.0/toolchain/avr8/avr8-gnu-toolchain/bin/../lib/gcc/avr/5.4.0/avrxmega2\libgcc.a(_udivmodsi4.o)
 .text          0x00000000        0x0 c:/program files (x86)/atmel/studio/7.0/toolchain/avr8/avr8-gnu-toolchain/bin/../lib/gcc/avr/5.4.0/avrxmega2\libgcc.a(_umulhisi3.o)
 .data          0x00000000        0x0 c:/program files (x86)/atmel/studio/7.0/toolchain/avr8/avr8-gnu-toolchain/bin/../lib/gcc/avr/5.4.0/avrxmega2\libgcc.a(_umulhisi3.o)
 .bss           0x00000000        0x0 c:/program files (x86)/atmel/studio/7.0/toolchain/avr8/avr8-gnu-toolchain/bin/../lib/gcc/avr/5.4.0/avrxmega2\libgcc.a(_umulhisi3.o)
 .text.libgcc.div
                0x00000000        0x0 c:/program files (x86)/atmel/studio/7.0/toolchain/avr8/avr8-gnu-toolchain/bin/../lib/gcc/avr/5.4.0/avrxmega2\libgcc.a(_umulhisi3.o)
 .text.libgcc   0x00000000        0x0 c:/program files (x86)/atmel/studio/7.0/toolchain/avr8/avr8-gnu-toolchain/bin/../lib/gcc/avr/5.4.0/avrxmega2\libgcc.a(_umulhisi3.o)
 .text.libgcc.prologue
                0x00000000        0x0 c:/program files (x86)/atmel/studio/7.0/toolchain/avr8/avr8-gnu-toolchain/bin/../lib/gcc/avr/5.4.0/avrxmega2\libgcc.a(_umulhisi3.o)
 .text.libgcc.builtins
                0x00000000        0x0 c:/program files (x86)/atmel/studio/7.0/toolchain/avr8/avr8-gnu-toolchain/bin/../lib/gcc/avr/5.4.0/avrxmega2\libgcc.a(_umulhisi3.o)
 .text.libgcc.fmul
                0x00000000        0x0 c:/program files (x86)/atmel/studio/7.0/toolchain/avr8/avr8-gnu-toolchain/bin/../lib/gcc/avr/5.4.0/avrxmega2\libgcc.a(_umulhisi3.o)
 .text.libgcc.fixed
                0x00000000        0x0 c:/program files (x86)/atmel/studio/7.0/toolchain/avr8/avr8-gnu-toolchain/bin/../lib/gcc/avr/5.4.0/avrxmega2\libgcc.a(_umulhisi3.o)

Memory Configuration

Name             Origin             Length             Attributes
text             0x00000000         0x00005000         xr
data             0x00802000         0x00000800         rw !x
eeprom           0x00810000         0x00000200         rw !x
fuse             0x00820000         0x00000007         rw !x
lock             0x00830000         0x00000400         rw !x
signature        0x00840000         0x00000400         rw !x
user_signatures  0x00850000         0x00000400         rw !x
*default*        0x00000000         0xffffffff

Linker script and memory map

LOAD C:/Program Files (x86)/Atmel/Studio/7.0/Packs/atmel/XMEGAE_DFP/1.3.114/gcc/dev/atxmega16e5/avrxmega2/crtatxmega16e5.o
LOAD games.o
LOAD i2c.o
LOAD io_expander.o
LOAD light_player.o
LOAD main.o
LOAD note_player.o
LOAD song_player.o
LOAD start_mode.o
LOAD ws2812drv.o
START GROUP
LOAD c:/program files (x86)/atmel/studio/7.0/toolchain/avr8/avr8-gnu-toolchain/bin/../lib/gcc/avr/5.4.0/../../../../avr/lib/avrxmega2\libm.a
END GROUP
START GROUP
LOAD c:/program files (x86)/atmel/studio/7.0/toolchain/avr8/avr8-gnu-toolchain/bin/../lib/gcc/avr/5.4.0/avrxmega2\libgcc.a
LOAD c:/program files (x86)/atmel/studio/7.0/toolchain/avr8/avr8-gnu-toolchain/bin/../lib/gcc/avr/5.4.0/../../../../avr/lib/avrxmega2\libm.a
LOAD c:/program files (x86)/atmel/studio/7.0/toolchain/avr8/avr8-gnu-toolchain/bin/../lib/gcc/avr/5.4.0/../../../../avr/lib/avrxmega2\libc.a
LOAD C:/Program Files (x86)/Atmel/Studio/7.0/Packs/atmel/XMEGAE_DFP/1.3.114/gcc/dev/atxmega16e5/avrxmega2\libatxmega16e5.a
END GROUP
                [0x00000000]                __TEXT_REGION_ORIGIN__ = DEFINED (__TEXT_REGION_ORIGIN__)?__TEXT_REGION_ORIGIN__:0x0
                [0x00802000]                __DATA_REGION_ORIGIN__ = DEFINED (__DATA_REGION_ORIGIN__)?__DATA_REGION_ORIGIN__:0x802000
                [0x00005000]                __TEXT_REGION_LENGTH__ = DEFINED (__TEXT_REGION_LENGTH__)?__TEXT_REGION_LENGTH__:0x100000
                [0x00000800]                __DATA_REGION_LENGTH__ = DEFINED (__DATA_REGION_LENGTH__)?__DATA_REGION_LENGTH__:0xffa0
                [0x00000200]                __EEPROM_REGION_LENGTH__ = DEFINED (__EEPROM_REGION_LENGTH__)?__EEPROM_REGION_LENGTH__:0x10000
                [0x00000007]                __FUSE_REGION_LENGTH__ = DEFINED (__FUSE_REGION_LENGTH__)?__FUSE_REGION_LENGTH__:0x400
                0x00000400                __LOCK_REGION_LENGTH__ = DEFINED (__LOCK_REGION_LENGTH__)?__LOCK_REGION_LENGTH__:0x400
                0x00000400                __SIGNATURE_REGION_LENGTH__ = DEFINED (__SIGNATURE_REGION_LENGTH__)?__SIGNATURE_REGION_LENGTH__:0x400
                0x00000400                __USER_SIGNATURE_REGION_LENGTH__ = DEFINED (__USER_SIGNATURE_REGION_LENGTH__)?__USER_SIGNATURE_REGION_LENGTH__:0x400

.hash
 *(.hash)

.dynsym
 *(.dynsym)

.dynstr
 *(.dynstr)

.gnu.version
 *(.gnu.version)

.gnu.version_d
 *(.gnu.version_d)

.gnu.version_r
 *(.gnu.version_r)

.rel.init
 *(.rel.init)

.rela.init
 *(.rela.init)

.rel.text
 *(.rel.text)
 *(.rel.text.*)
 *(.rel.gnu.linkonce.t*)

.rela.text
 *(.rela.text)
 *(.rela.text.*)
 *(.rela.gnu.linkonce.t*)

.rel.fini
 *(.rel.fini)

.rela.fini
 *(.rela.fini)

.rel.rodata
 *(.rel.rodata)
 *(.rel.rodata.*)
 *(.rel.gnu.linkonce.r*)

.rela.rodata
 *(.rela.rodata)
 *(.rela.rodata.*)
 *(.rela.gnu.linkonce.r*)

.rel.data
 *(.rel.data)
 *(.rel.data.*)
 *(.rel.gnu.linkonce.d*)

.rela.data
 *(.rela.data)
 *(.rela.data.*)
 *(.rela.gnu.linkonce.d*)

.rel.ctors
 *(.rel.ctors)

.rela.ctors
 *(.rela.ctors)

.rel.dtors
 *(.rel.dtors)

.rela.dtors
 *(.rela.dtors)

.rel.got
 *(.rel.got)

.rela.got
 *(.rela.got)

.rel.bss
 *(.rel.bss)

.rela.bss
 *(.rela.bss)

.rel.plt
 *(.rel.plt)

.rela.plt
 *(.rela.plt)

.text           0x00000000     0x283e
 *(.vectors)
 .vectors       0x00000000       0xac C:/Program Files (x86)/Atmel/Studio/7.0/Packs/atmel/XMEGAE_DFP/1.3.114/gcc/dev/atxmega16e5/avrxmega2/crtatxmega16e5.o
                0x00000000                __vector_default
                0x00000000                __vectors
 *(.vectors)
 *(.progmem.gcc*)
                0x000000ac                . = ALIGN (0x2)
                0x000000ac                __trampolines_start = .
 *(.trampolines)
 .trampolines   0x000000ac        0x0 linker stubs
 *(.trampolines*)
                0x000000ac                __trampolines_end = .
 *libprintf_flt.a:*(.progmem.data)
 *libc.a:*(.progmem.data)
 *(.progmem*)
 .progmem.data.easterEggMainExtBass
                0x000000ac        0x4 main.o
 .progmem.data.easterEggMainBass
                0x000000b0       0x20 main.o
 .progmem.data.easterEggIntroExtBass
                0x000000d0        0x1 main.o
 .progmem.data.easterEggIntroBass
                0x000000d1        0x1 main.o
 .progmem.data.easterEggMainExtTreble
                0x000000d2        0x3 main.o
 .progmem.data.easterEggMainTreble
                0x000000d5       0x15 main.o
 .progmem.data.easterEggIntroExtTreble
                0x000000ea        0x1 main.o
 .progmem.data.easterEggIntroTreble
                0x000000eb        0x1 main.o
 .progmem.data.portalMainExtBass
                0x000000ec       0x16 main.o
 .progmem.data.portalMainBass
                0x00000102       0xaa main.o
 .progmem.data.portalIntroExtBass
                0x000001ac        0x1 main.o
 .progmem.data.portalIntroBass
                0x000001ad        0x1 main.o
 .progmem.data.portalMainExtTreble
                0x000001ae       0x12 main.o
 .progmem.data.portalMainTreble
                0x000001c0       0x8d main.o
 .progmem.data.portalIntroExtTreble
                0x0000024d        0x1 main.o
 .progmem.data.portalIntroTreble
                0x0000024e        0x4 main.o
 .progmem.data.nyanMainExtBass
                0x00000252        0x3 main.o
 .progmem.data.nyanMainBass
                0x00000255       0x11 main.o
 .progmem.data.nyanIntroExtBass
                0x00000266        0x1 main.o
 .progmem.data.nyanIntroBass
                0x00000267        0x2 main.o
 .progmem.data.nyanMainExtTreble
                0x00000269       0x1b main.o
 .progmem.data.nyanMainTreble
                0x00000284       0xd4 main.o
 .progmem.data.nyanIntroExtTreble
                0x00000358        0x4 main.o
 .progmem.data.nyanIntroTreble
                0x0000035c       0x1f main.o
                0x0000037c                . = ALIGN (0x2)
 *fill*         0x0000037b        0x1 
 *(.jumptables)
 *(.jumptables*)
 *(.lowtext)
 *(.lowtext*)
                0x0000037c                __ctors_start = .
 *(.ctors)
                0x0000037c                __ctors_end = .
                0x0000037c                __dtors_start = .
 *(.dtors)
                0x0000037c                __dtors_end = .
 SORT(*)(.ctors)
 SORT(*)(.dtors)
 *(.init0)
 .init0         0x0000037c        0x0 C:/Program Files (x86)/Atmel/Studio/7.0/Packs/atmel/XMEGAE_DFP/1.3.114/gcc/dev/atxmega16e5/avrxmega2/crtatxmega16e5.o
                0x0000037c                __init
 *(.init0)
 *(.init1)
 *(.init1)
 *(.init2)
 .init2         0x0000037c        0xc C:/Program Files (x86)/Atmel/Studio/7.0/Packs/atmel/XMEGAE_DFP/1.3.114/gcc/dev/atxmega16e5/avrxmega2/crtatxmega16e5.o
 *(.init2)
 *(.init3)
 *(.init3)
 *(.init4)
 .init4         0x00000388       0x16 c:/program files (x86)/atmel/studio/7.0/toolchain/avr8/avr8-gnu-toolchain/bin/../lib/gcc/avr/5.4.0/avrxmega2\libgcc.a(_copy_data.o)
                0x00000388                __do_copy_data
 .init4         0x0000039e       0x10 c:/program files (x86)/atmel/studio/7.0/toolchain/avr8/avr8-gnu-toolchain/bin/../lib/gcc/avr/5.4.0/avrxmega2\libgcc.a(_clear_bss.o)
                0x0000039e                __do_clear_bss
 *(.init4)
 *(.init5)
 *(.init5)
 *(.init6)
 *(.init6)
 *(.init7)
 *(.init7)
 *(.init8)
 *(.init8)
 *(.init9)
 .init9         0x000003ae        0x8 C:/Program Files (x86)/Atmel/Studio/7.0/Packs/atmel/XMEGAE_DFP/1.3.114/gcc/dev/atxmega16e5/avrxmega2/crtatxmega16e5.o
 *(.init9)
 *(.text)
 .text          0x000003b6        0x4 C:/Program Files (x86)/Atmel/Studio/7.0/Packs/atmel/XMEGAE_DFP/1.3.114/gcc/dev/atxmega16e5/avrxmega2/crtatxmega16e5.o
                0x000003b6                __vector_22
                0x000003b6                __vector_28
                0x000003b6                __vector_1
                0x000003b6                __vector_32
                0x000003b6                __vector_34
                0x000003b6                __vector_24
                0x000003b6                __bad_interrupt
                0x000003b6                __vector_6
                0x000003b6                __vector_31
                0x000003b6                __vector_35
                0x000003b6                __vector_39
                0x000003b6                __vector_23
                0x000003b6                __vector_30
                0x000003b6                __vector_25
                0x000003b6                __vector_13
                0x000003b6                __vector_17
                0x000003b6                __vector_19
                0x000003b6                __vector_7
                0x000003b6                __vector_41
                0x000003b6                __vector_27
                0x000003b6                __vector_5
                0x000003b6                __vector_33
                0x000003b6                __vector_37
                0x000003b6                __vector_4
                0x000003b6                __vector_9
                0x000003b6                __vector_2
                0x000003b6                __vector_21
                0x000003b6                __vector_15
                0x000003b6                __vector_36
                0x000003b6                __vector_29
                0x000003b6                __vector_40
                0x000003b6                __vector_8
                0x000003b6                __vector_26
                0x000003b6                __vector_14
                0x000003b6                __vector_10
                0x000003b6                __vector_16
                0x000003b6                __vector_18
                0x000003b6                __vector_20
                0x000003b6                __vector_42
                0x000003ba                . = ALIGN (0x2)
 *(.text.*)
 .text.game_won_easy
                0x000003ba       0x6c games.o
                0x000003ba                game_won_easy
 .text.game_won_hard
                0x00000426       0x28 games.o
                0x00000426                game_won_hard
 .text.get_seed
                0x0000044e       0x44 games.o
                0x0000044e                get_seed
 .text.easy_sequence_init
                0x00000492       0x64 games.o
                0x00000492                easy_sequence_init
 .text.hard_sequence_init
                0x000004f6       0x54 games.o
                0x000004f6                hard_sequence_init
 .text.games_init
                0x0000054a       0x68 games.o
                0x0000054a                games_init
 .text.games_step
                0x000005b2      0x2ac games.o
                0x000005b2                games_step
 .text.twi_init
                0x0000085e       0x28 i2c.o
                0x0000085e                twi_init
 .text.twi_read
                0x00000886       0x34 i2c.o
                0x00000886                twi_read
 .text.twi_write
                0x000008ba       0x32 i2c.o
                0x000008ba                twi_write
 .text.__vector_11
                0x000008ec      0x168 i2c.o
                0x000008ec                __vector_11
 .text.expander_read_port
                0x00000a54       0x38 io_expander.o
                0x00000a54                expander_read_port
 .text.expander_read_ports
                0x00000a8c       0x1e io_expander.o
                0x00000a8c                expander_read_ports
 .text.expander_init
                0x00000aaa       0x42 io_expander.o
                0x00000aaa                expander_init
 .text.expander_get_last_value
                0x00000aec        0xa io_expander.o
                0x00000aec                expander_get_last_value
 .text.expander_get_val_changed
                0x00000af6       0x3c io_expander.o
                0x00000af6                expander_get_val_changed
 .text.play_lights_overlay_note_button_leds
                0x00000b32      0x122 light_player.o
                0x00000b32                play_lights_overlay_note_button_leds
 .text.overlay_dingle_pos
                0x00000c54       0x9a light_player.o
                0x00000c54                overlay_dingle_pos
 .text.play_lights_standby
                0x00000cee       0x7c light_player.o
                0x00000cee                play_lights_standby
 .text.play_lights_free_play
                0x00000d6a       0xb0 light_player.o
                0x00000d6a                play_lights_free_play
 .text.play_lights_nyan
                0x00000e1a      0x20c light_player.o
                0x00000e1a                play_lights_nyan
 .text.play_lights_portal
                0x00001026      0x156 light_player.o
                0x00001026                play_lights_portal
 .text.play_lights_game
                0x0000117c       0x96 light_player.o
                0x0000117c                play_lights_game
 .text.play_lights_game_over
                0x00001212       0x64 light_player.o
                0x00001212                play_lights_game_over
 .text.play_lights_won_easy_game
                0x00001276       0xfa light_player.o
                0x00001276                play_lights_won_easy_game
 .text.play_lights_easter_egg
                0x00001370       0xfc light_player.o
                0x00001370                play_lights_easter_egg
 .text.play_lights_easter_egg_intro
                0x0000146c      0x144 light_player.o
                0x0000146c                play_lights_easter_egg_intro
 .text.clk_init
                0x000015b0       0x24 main.o
                0x000015b0                clk_init
 .text.interrupt_init
                0x000015d4        0x8 main.o
                0x000015d4                interrupt_init
 .text.io_init  0x000015dc       0x32 main.o
                0x000015dc                io_init
 .text.note_buttons_init
                0x0000160e       0x1a main.o
                0x0000160e                note_buttons_init
 .text.dingle_input_init
                0x00001628        0x6 main.o
                0x00001628                dingle_input_init
 .text.song_out_init
                0x0000162e       0x12 main.o
                0x0000162e                song_out_init
 .text.start_up
                0x00001640      0x2fc main.o
                0x00001640                start_up
 .text.check_start_mode_pin
                0x0000193c       0x30 main.o
                0x0000193c                check_start_mode_pin
 .text.set_startup_mode_lights
                0x0000196c       0x28 main.o
                0x0000196c                set_startup_mode_lights
 .text.get_note_buttons
                0x00001994       0x20 main.o
                0x00001994                get_note_buttons
 .text.check_play_note
                0x000019b4       0x64 main.o
                0x000019b4                check_play_note
 .text.check_play_easter_egg
                0x00001a18       0x2c main.o
                0x00001a18                check_play_easter_egg
 .text.main     0x00001a44       0xac main.o
                0x00001a44                main
 .text.__vector_12
                0x00001af0       0x48 main.o
                0x00001af0                __vector_12
 .text.__vector_3
                0x00001b38       0x48 main.o
                0x00001b38                __vector_3
 .text.__vector_38
                0x00001b80       0x2e main.o
                0x00001b80                __vector_38
 .text.note_timer_C5_init
                0x00001bae       0x10 note_player.o
                0x00001bae                note_timer_C5_init
 .text.sys_timer_D5_init
                0x00001bbe       0x1a note_player.o
                0x00001bbe                sys_timer_D5_init
 .text.note_decay_init
                0x00001bd8       0x42 note_player.o
                0x00001bd8                note_decay_init
 .text.run_note_decay
                0x00001c1a       0x1c note_player.o
                0x00001c1a                run_note_decay
 .text.note_play
                0x00001c36       0x32 note_player.o
                0x00001c36                note_play
 .text.reset_play
                0x00001c68       0x1a note_player.o
                0x00001c68                reset_play
 .text.note_player_init
                0x00001c82        0xe note_player.o
                0x00001c82                note_player_init
 .text.note_interrupt_handler
                0x00001c90        0x6 note_player.o
                0x00001c90                note_interrupt_handler
 .text.note_player_playing
                0x00001c96        0x6 note_player.o
                0x00001c96                note_player_playing
 .text.beat_timer_C4_init
                0x00001c9c       0x14 song_player.o
                0x00001c9c                beat_timer_C4_init
 .text.note_0_timer_C5_init
                0x00001cb0       0x10 song_player.o
                0x00001cb0                note_0_timer_C5_init
 .text.note_1_timer_D5_init
                0x00001cc0       0x10 song_player.o
                0x00001cc0                note_1_timer_D5_init
 .text.set_note_and_beat
                0x00001cd0       0xc0 song_player.o
                0x00001cd0                set_note_and_beat
 .text.set_ch0_note_and_beat
                0x00001d90       0x46 song_player.o
                0x00001d90                set_ch0_note_and_beat
 .text.set_ch1_note_and_beat
                0x00001dd6       0x46 song_player.o
                0x00001dd6                set_ch1_note_and_beat
 .text.song_init
                0x00001e1c      0x10e song_player.o
                0x00001e1c                song_init
 .text.load_track_into_mem
                0x00001f2a       0x62 song_player.o
                0x00001f2a                load_track_into_mem
 .text.song_player_init
                0x00001f8c      0x126 song_player.o
                0x00001f8c                song_player_init
 .text.song_start
                0x000020b2        0x8 song_player.o
                0x000020b2                song_start
 .text.song_play_once
                0x000020ba        0xe song_player.o
                0x000020ba                song_play_once
 .text.song_interrupt_handler
                0x000020c8      0x162 song_player.o
                0x000020c8                song_interrupt_handler
 .text.get_allow_portal
                0x0000222a        0x6 start_mode.o
                0x0000222a                get_allow_portal
 .text.set_allow_portal
                0x00002230       0x16 start_mode.o
                0x00002230                set_allow_portal
 .text.get_allow_easter_egg
                0x00002246        0x6 start_mode.o
                0x00002246                get_allow_easter_egg
 .text.set_allow_easter_egg
                0x0000224c       0x16 start_mode.o
                0x0000224c                set_allow_easter_egg
 .text.get_start_mode
                0x00002262        0x6 start_mode.o
                0x00002262                get_start_mode
 .text.reset_start_mode_in_eeprom
                0x00002268        0xc start_mode.o
                0x00002268                reset_start_mode_in_eeprom
 .text.enable_wdt
                0x00002274        0xc start_mode.o
                0x00002274                enable_wdt
 .text.start_mode_init
                0x00002280       0x3e start_mode.o
                0x00002280                start_mode_init
 .text.set_start_mode
                0x000022be       0x62 start_mode.o
                0x000022be                set_start_mode
 .text.next_start_mode
                0x00002320       0x12 start_mode.o
                0x00002320                next_start_mode
 .text.ws2812drv_init
                0x00002332       0xa0 ws2812drv.o
                0x00002332                ws2812drv_init
 .text.ws2812drv_start_transfer
                0x000023d2       0x1c ws2812drv.o
                0x000023d2                ws2812drv_start_transfer
 .text.libgcc.div
                0x000023ee       0x28 c:/program files (x86)/atmel/studio/7.0/toolchain/avr8/avr8-gnu-toolchain/bin/../lib/gcc/avr/5.4.0/avrxmega2\libgcc.a(_divmodhi4.o)
                0x000023ee                _div
                0x000023ee                __divmodhi4
 .text.libgcc.div
                0x00002416       0x28 c:/program files (x86)/atmel/studio/7.0/toolchain/avr8/avr8-gnu-toolchain/bin/../lib/gcc/avr/5.4.0/avrxmega2\libgcc.a(_udivmodhi4.o)
                0x00002416                __udivmodhi4
 .text.avr-libc
                0x0000243e      0x242 c:/program files (x86)/atmel/studio/7.0/toolchain/avr8/avr8-gnu-toolchain/bin/../lib/gcc/avr/5.4.0/../../../../avr/lib/avrxmega2\libc.a(malloc.o)
                0x0000243e                malloc
                0x0000256e                free
 .text.avr-libc
                0x00002680       0xb8 c:/program files (x86)/atmel/studio/7.0/toolchain/avr8/avr8-gnu-toolchain/bin/../lib/gcc/avr/5.4.0/../../../../avr/lib/avrxmega2\libc.a(rand.o)
                0x00002712                rand_r
                0x00002718                rand
                0x00002722                srand
 .text.avr-libc
                0x00002738       0x10 C:/Program Files (x86)/Atmel/Studio/7.0/Packs/atmel/XMEGAE_DFP/1.3.114/gcc/dev/atxmega16e5/avrxmega2\libatxmega16e5.a(eerd_byte.o)
                0x00002738                eeprom_read_byte
                0x00002740                eeprom_mapen
 .text.avr-libc
                0x00002748       0x2c C:/Program Files (x86)/Atmel/Studio/7.0/Packs/atmel/XMEGAE_DFP/1.3.114/gcc/dev/atxmega16e5/avrxmega2\libatxmega16e5.a(eewr_byte.o)
                0x00002748                eeprom_write_byte
                0x0000274a                eeprom_write_r18
 .text.libgcc.div
                0x00002774       0x2e c:/program files (x86)/atmel/studio/7.0/toolchain/avr8/avr8-gnu-toolchain/bin/../lib/gcc/avr/5.4.0/avrxmega2\libgcc.a(_divmodsi4.o)
                0x00002774                __divmodsi4
 .text.libgcc.div
                0x000027a2       0x10 c:/program files (x86)/atmel/studio/7.0/toolchain/avr8/avr8-gnu-toolchain/bin/../lib/gcc/avr/5.4.0/avrxmega2\libgcc.a(_negsi2.o)
                0x000027a2                __negsi2
 .text.libgcc.mul
                0x000027b2       0x16 c:/program files (x86)/atmel/studio/7.0/toolchain/avr8/avr8-gnu-toolchain/bin/../lib/gcc/avr/5.4.0/avrxmega2\libgcc.a(_muluhisi3.o)
                0x000027b2                __muluhisi3
 .text.libgcc.mul
                0x000027c8       0x10 c:/program files (x86)/atmel/studio/7.0/toolchain/avr8/avr8-gnu-toolchain/bin/../lib/gcc/avr/5.4.0/avrxmega2\libgcc.a(_mulshisi3.o)
                0x000027c8                __mulshisi3
                0x000027ce                __mulohisi3
 .text.libgcc.div
                0x000027d8       0x44 c:/program files (x86)/atmel/studio/7.0/toolchain/avr8/avr8-gnu-toolchain/bin/../lib/gcc/avr/5.4.0/avrxmega2\libgcc.a(_udivmodsi4.o)
                0x000027d8                __udivmodsi4
 .text.libgcc.mul
                0x0000281c       0x1e c:/program files (x86)/atmel/studio/7.0/toolchain/avr8/avr8-gnu-toolchain/bin/../lib/gcc/avr/5.4.0/avrxmega2\libgcc.a(_umulhisi3.o)
                0x0000281c                __umulhisi3
                0x0000283a                . = ALIGN (0x2)
 *(.fini9)
 .fini9         0x0000283a        0x0 c:/program files (x86)/atmel/studio/7.0/toolchain/avr8/avr8-gnu-toolchain/bin/../lib/gcc/avr/5.4.0/avrxmega2\libgcc.a(_exit.o)
                0x0000283a                _exit
                0x0000283a                exit
 *(.fini9)
 *(.fini8)
 *(.fini8)
 *(.fini7)
 *(.fini7)
 *(.fini6)
 *(.fini6)
 *(.fini5)
 *(.fini5)
 *(.fini4)
 *(.fini4)
 *(.fini3)
 *(.fini3)
 *(.fini2)
 *(.fini2)
 *(.fini1)
 *(.fini1)
 *(.fini0)
 .fini0         0x0000283a        0x4 c:/program files (x86)/atmel/studio/7.0/toolchain/avr8/avr8-gnu-toolchain/bin/../lib/gcc/avr/5.4.0/avrxmega2\libgcc.a(_exit.o)
 *(.fini0)
                0x0000283e                _etext = .

.data           0x00802000      0x1a0 load address 0x0000283e
                0x00802000                PROVIDE (__data_start, .)
 *(.data)
 .data          0x00802000        0x6 c:/program files (x86)/atmel/studio/7.0/toolchain/avr8/avr8-gnu-toolchain/bin/../lib/gcc/avr/5.4.0/../../../../avr/lib/avrxmega2\libc.a(malloc.o)
                0x00802000                __malloc_heap_end
                0x00802002                __malloc_heap_start
                0x00802004                __malloc_margin
 .data          0x00802006        0x4 c:/program files (x86)/atmel/studio/7.0/toolchain/avr8/avr8-gnu-toolchain/bin/../lib/gcc/avr/5.4.0/../../../../avr/lib/avrxmega2\libc.a(rand.o)
 *(.data*)
 .data.game_lost_notes
                0x0080200a        0x4 games.o
                0x0080200a                game_lost_notes
 .data.easy_won_notes
                0x0080200e        0xc games.o
                0x0080200e                easy_won_notes
 .data.hard_game_start_notes
                0x0080201a        0x4 games.o
                0x0080201a                hard_game_start_notes
 .data.easy_game_start_notes
                0x0080201e        0x4 games.o
                0x0080201e                easy_game_start_notes
 .data.blue     0x00802022        0x1 light_player.o
                0x00802022                blue
 .data.green    0x00802023        0x1 light_player.o
                0x00802023                green
 .data.red      0x00802024        0x1 light_player.o
                0x00802024                red
 .data.bump     0x00802025        0x1 light_player.o
 .data.easter_egg_size
                0x00802026        0x1 main.o
                0x00802026                easter_egg_size
 .data.easter_egg_pattern
                0x00802027       0x10 main.o
                0x00802027                easter_egg_pattern
 .data.meeseeks_data
                0x00802037        0x2 main.o
                0x00802037                meeseeks_data
 .data.decay_table_len
                0x00802039        0x1 note_player.o
                0x00802039                decay_table_len
 *(.gnu.linkonce.d*)
 *(.rodata)
 *(.rodata*)
 .rodata.rainbow_leds
                0x0080203a       0x24 light_player.o
 .rodata.pos_leds
                0x0080205e       0x15 light_player.o
 .rodata.game_colors
                0x00802073       0x12 light_player.o
                0x00802073                game_colors
 .rodata.expDecayVals
                0x00802085       0x1a note_player.o
 .rodata.noteClocks
                0x0080209f       0x80 note_player.o
 .rodata.noteClocks
                0x0080211f       0x80 song_player.o
 *(.gnu.linkonce.r*)
                0x008021a0                . = ALIGN (0x2)
 *fill*         0x0080219f        0x1 
                0x008021a0                _edata = .
                0x008021a0                PROVIDE (__data_end, .)

.bss            0x008021a0      0x10e
                0x008021a0                PROVIDE (__bss_start, .)
 *(.bss)
 *(.bss*)
 .bss.game_state
                0x008021a0        0x1 games.o
                0x008021a0                game_state
 .bss.sequence_initialized
                0x008021a1        0x1 games.o
                0x008021a1                sequence_initialized
 .bss.sequence_len
                0x008021a2        0x1 games.o
                0x008021a2                sequence_len
 .bss.timer_counter
                0x008021a3        0x2 games.o
                0x008021a3                timer_counter
 .bss.progress_index
                0x008021a5        0x1 games.o
                0x008021a5                progress_index
 .bss.play_index
                0x008021a6        0x1 games.o
                0x008021a6                play_index
 .bss.last_val  0x008021a7        0x2 io_expander.o
                0x008021a7                last_val
 .bss.offset    0x008021a9        0x1 light_player.o
 .bss.easter_egg_index
                0x008021aa        0x1 main.o
                0x008021aa                easter_egg_index
 .bss.display_ctr
                0x008021ab        0x2 main.o
                0x008021ab                display_ctr
 .bss.playing   0x008021ad        0x1 note_player.o
                0x008021ad                playing
 .bss.play_once_callback_ptr
                0x008021ae        0x2 song_player.o
                0x008021ae                play_once_callback_ptr
 .bss.isCh1Intro
                0x008021b0        0x1 song_player.o
                0x008021b0                isCh1Intro
 .bss.ch1NoteCount
                0x008021b1        0x2 song_player.o
                0x008021b1                ch1NoteCount
 .bss.ch1MainNoteCount
                0x008021b3        0x2 song_player.o
                0x008021b3                ch1MainNoteCount
 .bss.ch1IntroNoteCount
                0x008021b5        0x2 song_player.o
                0x008021b5                ch1IntroNoteCount
 .bss.noteCh1BeatCount
                0x008021b7        0x1 song_player.o
                0x008021b7                noteCh1BeatCount
 .bss.noteCh1ExtBitPos
                0x008021b8        0x1 song_player.o
                0x008021b8                noteCh1ExtBitPos
 .bss.noteCh1ExtIndex
                0x008021b9        0x2 song_player.o
                0x008021b9                noteCh1ExtIndex
 .bss.noteCh1Index
                0x008021bb        0x2 song_player.o
                0x008021bb                noteCh1Index
 .bss.hasCh1Main
                0x008021bd        0x1 song_player.o
                0x008021bd                hasCh1Main
 .bss.hasCh1Intro
                0x008021be        0x1 song_player.o
                0x008021be                hasCh1Intro
 .bss.isCh0Intro
                0x008021bf        0x1 song_player.o
                0x008021bf                isCh0Intro
 .bss.ch0NoteCount
                0x008021c0        0x2 song_player.o
                0x008021c0                ch0NoteCount
 .bss.ch0MainNoteCount
                0x008021c2        0x2 song_player.o
                0x008021c2                ch0MainNoteCount
 .bss.ch0IntroNoteCount
                0x008021c4        0x2 song_player.o
                0x008021c4                ch0IntroNoteCount
 .bss.noteCh0BeatCount
                0x008021c6        0x1 song_player.o
                0x008021c6                noteCh0BeatCount
 .bss.noteCh0ExtBitPos
                0x008021c7        0x1 song_player.o
                0x008021c7                noteCh0ExtBitPos
 .bss.noteCh0ExtIndex
                0x008021c8        0x2 song_player.o
                0x008021c8                noteCh0ExtIndex
 .bss.noteCh0Index
                0x008021ca        0x2 song_player.o
                0x008021ca                noteCh0Index
 .bss.hasCh0Main
                0x008021cc        0x1 song_player.o
                0x008021cc                hasCh0Main
 .bss.hasCh0Intro
                0x008021cd        0x1 song_player.o
                0x008021cd                hasCh0Intro
 .bss.allow_easter_egg
                0x008021ce        0x1 start_mode.o
                0x008021ce                allow_easter_egg
 .bss.allow_portal
                0x008021cf        0x1 start_mode.o
                0x008021cf                allow_portal
 .bss.start_mode
                0x008021d0        0x1 start_mode.o
                0x008021d0                start_mode
 *(COMMON)
 COMMON         0x008021d1        0xc games.o
                0x008021d1                sequence
                0x008021d3                start_size
                0x008021d5                handle_game_won_state
                0x008021d7                start_notes
                0x008021d9                sequence_init
                0x008021db                step
 COMMON         0x008021dd        0xb i2c.o
                0x008021dd                twi_repeat_cmd_sent
                0x008021de                twi_no_of_bytes
                0x008021e0                twi_repeat_mode
                0x008021e1                twi_data_count
                0x008021e3                twi_transfer_complete
                0x008021e4                twi_repeat_data
                0x008021e5                twi_data
                0x008021e7                twi_repeat_cmd
 COMMON         0x008021e8       0xa8 light_player.o
                0x008021e8                leds
 COMMON         0x00802290       0x1a song_player.o
                0x00802290                ch1IntroExt
                0x00802292                ch0MainExt
                0x00802294                ch0Ext
                0x00802296                ch0MainTrack
                0x00802298                ch0IntroTrack
                0x0080229a                ch1MainExt
                0x0080229c                update_display_callback_ptr
                0x0080229e                ch0IntroExt
                0x008022a0                ch1MainTrack
                0x008022a2                ch1IntroTrack
                0x008022a4                ch1Track
                0x008022a6                ch0Track
                0x008022a8                ch1Ext
 COMMON         0x008022aa        0x4 c:/program files (x86)/atmel/studio/7.0/toolchain/avr8/avr8-gnu-toolchain/bin/../lib/gcc/avr/5.4.0/../../../../avr/lib/avrxmega2\libc.a(malloc.o)
                0x008022aa                __brkval
                0x008022ac                __flp
                0x008022ae                PROVIDE (__bss_end, .)
                0x0000283e                __data_load_start = LOADADDR (.data)
                0x000029de                __data_load_end = (__data_load_start + SIZEOF (.data))

.noinit         0x008022ae        0x0
                [!provide]                PROVIDE (__noinit_start, .)
 *(.noinit*)
                [!provide]                PROVIDE (__noinit_end, .)
                0x008022ae                _end = .
                0x008022ae                PROVIDE (__heap_start, .)

.eeprom         0x00810000        0x0
 *(.eeprom*)
                0x00810000                __eeprom_end = .

.fuse
 *(.fuse)
 *(.lfuse)
 *(.hfuse)
 *(.efuse)

.lock
 *(.lock*)

.signature
 *(.signature*)

.user_signatures
 *(.user_signatures*)

.stab
 *(.stab)

.stabstr
 *(.stabstr)

.stab.excl
 *(.stab.excl)

.stab.exclstr
 *(.stab.exclstr)

.stab.index
 *(.stab.index)

.stab.indexstr
 *(.stab.indexstr)

.comment        0x00000000       0x30
 *(.comment)
 .comment       0x00000000       0x30 games.o
                                 0x31 (size before relaxing)
 .comment       0x00000030       0x31 i2c.o
 .comment       0x00000030       0x31 io_expander.o
 .comment       0x00000030       0x31 light_player.o
 .comment       0x00000030       0x31 main.o
 .comment       0x00000030       0x31 note_player.o
 .comment       0x00000030       0x31 song_player.o
 .comment       0x00000030       0x31 start_mode.o
 .comment       0x00000030       0x31 ws2812drv.o
 .comment       0x00000030       0x31 c:/program files (x86)/atmel/studio/7.0/toolchain/avr8/avr8-gnu-toolchain/bin/../lib/gcc/avr/5.4.0/../../../../avr/lib/avrxmega2\libc.a(malloc.o)
 .comment       0x00000030       0x31 c:/program files (x86)/atmel/studio/7.0/toolchain/avr8/avr8-gnu-toolchain/bin/../lib/gcc/avr/5.4.0/../../../../avr/lib/avrxmega2\libc.a(rand.o)

.note.gnu.avr.deviceinfo
                0x00000000       0x40
 .note.gnu.avr.deviceinfo
                0x00000000       0x40 C:/Program Files (x86)/Atmel/Studio/7.0/Packs/atmel/XMEGAE_DFP/1.3.114/gcc/dev/atxmega16e5/avrxmega2/crtatxmega16e5.o

.note.gnu.build-id
 *(.note.gnu.build-id)

.debug
 *(.debug)

.line
 *(.line)

.debug_srcinfo
 *(.debug_srcinfo)

.debug_sfnames
 *(.debug_sfnames)

.debug_aranges  0x00000000      0x390
 *(.debug_aranges)
 .debug_aranges
                0x00000000       0x50 games.o
 .debug_aranges
                0x00000050       0x40 i2c.o
 .debug_aranges
                0x00000090       0x40 io_expander.o
 .debug_aranges
                0x000000d0       0x70 light_player.o
 .debug_aranges
                0x00000140       0xa0 main.o
 .debug_aranges
                0x000001e0       0x60 note_player.o
 .debug_aranges
                0x00000240       0x78 song_player.o
 .debug_aranges
                0x000002b8       0x68 start_mode.o
 .debug_aranges
                0x00000320       0x30 ws2812drv.o
 .debug_aranges
                0x00000350       0x20 C:/Program Files (x86)/Atmel/Studio/7.0/Packs/atmel/XMEGAE_DFP/1.3.114/gcc/dev/atxmega16e5/avrxmega2\libatxmega16e5.a(eerd_byte.o)
 .debug_aranges
                0x00000370       0x20 C:/Program Files (x86)/Atmel/Studio/7.0/Packs/atmel/XMEGAE_DFP/1.3.114/gcc/dev/atxmega16e5/avrxmega2\libatxmega16e5.a(eewr_byte.o)

.debug_pubnames
 *(.debug_pubnames)

.debug_info     0x00000000     0x8544
 *(.debug_info .gnu.linkonce.wi.*)
 .debug_info    0x00000000     0x1bea C:/Program Files (x86)/Atmel/Studio/7.0/Packs/atmel/XMEGAE_DFP/1.3.114/gcc/dev/atxmega16e5/avrxmega2/crtatxmega16e5.o
 .debug_info    0x00001bea      0x8ef games.o
 .debug_info    0x000024d9      0x2a2 i2c.o
 .debug_info    0x0000277b      0x28e io_expander.o
 .debug_info    0x00002a09      0x6a5 light_player.o
 .debug_info    0x000030ae      0xf53 main.o
 .debug_info    0x00004001     0x19a2 note_player.o
 .debug_info    0x000059a3     0x18de song_player.o
 .debug_info    0x00007281      0x2d8 start_mode.o
 .debug_info    0x00007559      0xeab ws2812drv.o
 .debug_info    0x00008404       0xa0 C:/Program Files (x86)/Atmel/Studio/7.0/Packs/atmel/XMEGAE_DFP/1.3.114/gcc/dev/atxmega16e5/avrxmega2\libatxmega16e5.a(eerd_byte.o)
 .debug_info    0x000084a4       0xa0 C:/Program Files (x86)/Atmel/Studio/7.0/Packs/atmel/XMEGAE_DFP/1.3.114/gcc/dev/atxmega16e5/avrxmega2\libatxmega16e5.a(eewr_byte.o)

.debug_abbrev   0x00000000     0x2b99
 *(.debug_abbrev)
 .debug_abbrev  0x00000000     0x1a6e C:/Program Files (x86)/Atmel/Studio/7.0/Packs/atmel/XMEGAE_DFP/1.3.114/gcc/dev/atxmega16e5/avrxmega2/crtatxmega16e5.o
 .debug_abbrev  0x00001a6e      0x226 games.o
 .debug_abbrev  0x00001c94       0xeb i2c.o
 .debug_abbrev  0x00001d7f      0x17e io_expander.o
 .debug_abbrev  0x00001efd      0x1e2 light_player.o
 .debug_abbrev  0x000020df      0x2eb main.o
 .debug_abbrev  0x000023ca      0x1a9 note_player.o
 .debug_abbrev  0x00002573      0x34e song_player.o
 .debug_abbrev  0x000028c1      0x153 start_mode.o
 .debug_abbrev  0x00002a14      0x15d ws2812drv.o
 .debug_abbrev  0x00002b71       0x14 C:/Program Files (x86)/Atmel/Studio/7.0/Packs/atmel/XMEGAE_DFP/1.3.114/gcc/dev/atxmega16e5/avrxmega2\libatxmega16e5.a(eerd_byte.o)
 .debug_abbrev  0x00002b85       0x14 C:/Program Files (x86)/Atmel/Studio/7.0/Packs/atmel/XMEGAE_DFP/1.3.114/gcc/dev/atxmega16e5/avrxmega2\libatxmega16e5.a(eewr_byte.o)

.debug_line     0x00000000     0x279a
 *(.debug_line .debug_line.* .debug_line_end)
 .debug_line    0x00000000      0x199 C:/Program Files (x86)/Atmel/Studio/7.0/Packs/atmel/XMEGAE_DFP/1.3.114/gcc/dev/atxmega16e5/avrxmega2/crtatxmega16e5.o
 .debug_line    0x00000199      0x4db games.o
 .debug_line    0x00000674      0x2b6 i2c.o
 .debug_line    0x0000092a      0x16f io_expander.o
 .debug_line    0x00000a99      0x66b light_player.o
 .debug_line    0x00001104      0x77a main.o
 .debug_line    0x0000187e      0x276 note_player.o
 .debug_line    0x00001af4      0x654 song_player.o
 .debug_line    0x00002148      0x30f start_mode.o
 .debug_line    0x00002457      0x1fd ws2812drv.o
 .debug_line    0x00002654       0x79 C:/Program Files (x86)/Atmel/Studio/7.0/Packs/atmel/XMEGAE_DFP/1.3.114/gcc/dev/atxmega16e5/avrxmega2\libatxmega16e5.a(eerd_byte.o)
 .debug_line    0x000026cd       0xcd C:/Program Files (x86)/Atmel/Studio/7.0/Packs/atmel/XMEGAE_DFP/1.3.114/gcc/dev/atxmega16e5/avrxmega2\libatxmega16e5.a(eewr_byte.o)

.debug_frame    0x00000000      0x878
 *(.debug_frame)
 .debug_frame   0x00000000       0xac games.o
 .debug_frame   0x000000ac       0x98 i2c.o
 .debug_frame   0x00000144       0x8c io_expander.o
 .debug_frame   0x000001d0      0x1a8 light_player.o
 .debug_frame   0x00000378      0x1ec main.o
 .debug_frame   0x00000564       0xb0 note_player.o
 .debug_frame   0x00000614      0x16c song_player.o
 .debug_frame   0x00000780       0xb4 start_mode.o
 .debug_frame   0x00000834       0x44 ws2812drv.o

.debug_str      0x00000000     0x41d2
 *(.debug_str)
 .debug_str     0x00000000     0x1277 C:/Program Files (x86)/Atmel/Studio/7.0/Packs/atmel/XMEGAE_DFP/1.3.114/gcc/dev/atxmega16e5/avrxmega2/crtatxmega16e5.o
 .debug_str     0x00001277      0x48e games.o
                                0x528 (size before relaxing)
 .debug_str     0x00001705      0x1d9 i2c.o
                                0x359 (size before relaxing)
 .debug_str     0x000018de       0x71 io_expander.o
                                0x234 (size before relaxing)
 .debug_str     0x0000194f      0x158 light_player.o
                                0x32d (size before relaxing)
 .debug_str     0x00001aa7      0x72e main.o
                                0xa2a (size before relaxing)
 .debug_str     0x000021d5     0x12d6 note_player.o
                               0x174b (size before relaxing)
 .debug_str     0x000034ab      0x32e song_player.o
                                0xc78 (size before relaxing)
 .debug_str     0x000037d9       0x46 start_mode.o
                                0x2aa (size before relaxing)
 .debug_str     0x0000381f      0x9b3 ws2812drv.o
                               0x1966 (size before relaxing)

.debug_loc      0x00000000     0x1608
 *(.debug_loc)
 .debug_loc     0x00000000      0x157 games.o
 .debug_loc     0x00000157       0xfa i2c.o
 .debug_loc     0x00000251      0x160 io_expander.o
 .debug_loc     0x000003b1      0x723 light_player.o
 .debug_loc     0x00000ad4      0x49b main.o
 .debug_loc     0x00000f6f       0x50 note_player.o
 .debug_loc     0x00000fbf      0x536 song_player.o
 .debug_loc     0x000014f5       0xbb start_mode.o
 .debug_loc     0x000015b0       0x58 ws2812drv.o

.debug_macinfo
 *(.debug_macinfo)

.debug_weaknames
 *(.debug_weaknames)

.debug_funcnames
 *(.debug_funcnames)

.debug_typenames
 *(.debug_typenames)

.debug_varnames
 *(.debug_varnames)

.debug_pubtypes
 *(.debug_pubtypes)

.debug_ranges   0x00000000      0x2c0
 *(.debug_ranges)
 .debug_ranges  0x00000000       0x40 games.o
 .debug_ranges  0x00000040       0x30 i2c.o
 .debug_ranges  0x00000070       0x30 io_expander.o
 .debug_ranges  0x000000a0       0x60 light_player.o
 .debug_ranges  0x00000100       0x90 main.o
 .debug_ranges  0x00000190       0x50 note_player.o
 .debug_ranges  0x000001e0       0x68 song_player.o
 .debug_ranges  0x00000248       0x58 start_mode.o
 .debug_ranges  0x000002a0       0x20 ws2812drv.o

.debug_macro
 *(.debug_macro)
OUTPUT(xmega16e5-plumbus-full.elf elf32-avr)
LOAD linker stubs
