Archive member included to satisfy reference by file (symbol)

c:/program files (x86)/atmel/studio/7.0/toolchain/avr8/avr8-gnu-toolchain/bin/../lib/gcc/avr/5.4.0/avrxmega2\libgcc.a(_exit.o)
                              C:/Program Files (x86)/Atmel/Studio/7.0/Packs/atmel/XMEGAE_DFP/1.3.114/gcc/dev/atxmega16e5/avrxmega2/crtatxmega16e5.o (exit)
c:/program files (x86)/atmel/studio/7.0/toolchain/avr8/avr8-gnu-toolchain/bin/../lib/gcc/avr/5.4.0/avrxmega2\libgcc.a(_copy_data.o)
                              note_player.o (__do_copy_data)
c:/program files (x86)/atmel/studio/7.0/toolchain/avr8/avr8-gnu-toolchain/bin/../lib/gcc/avr/5.4.0/avrxmega2\libgcc.a(_clear_bss.o)
                              i2c.o (__do_clear_bss)
c:/program files (x86)/atmel/studio/7.0/toolchain/avr8/avr8-gnu-toolchain/bin/../lib/gcc/avr/5.4.0/../../../../avr/lib/avrxmega2\libc.a(malloc.o)
                              song_player.o (malloc)
C:/Program Files (x86)/Atmel/Studio/7.0/Packs/atmel/XMEGAE_DFP/1.3.114/gcc/dev/atxmega16e5/avrxmega2\libatxmega16e5.a(eerd_byte.o)
                              start_mode.o (eeprom_read_byte)
C:/Program Files (x86)/Atmel/Studio/7.0/Packs/atmel/XMEGAE_DFP/1.3.114/gcc/dev/atxmega16e5/avrxmega2\libatxmega16e5.a(eewr_byte.o)
                              start_mode.o (eeprom_write_byte)

Allocating common symbols
Common symbol       size              file

ch1IntroExt         0x2               song_player.o
twi_repeat_cmd_sent
                    0x1               i2c.o
ch0MainExt          0x2               song_player.o
ch0Ext              0x2               song_player.o
ch0MainTrack        0x2               song_player.o
ch0IntroTrack       0x2               song_player.o
twi_no_of_bytes     0x2               i2c.o
twi_repeat_mode     0x1               i2c.o
twi_data_count      0x2               i2c.o
twi_transfer_complete
                    0x1               i2c.o
__brkval            0x2               c:/program files (x86)/atmel/studio/7.0/toolchain/avr8/avr8-gnu-toolchain/bin/../lib/gcc/avr/5.4.0/../../../../avr/lib/avrxmega2\libc.a(malloc.o)
ch1MainExt          0x2               song_player.o
twi_repeat_data     0x1               i2c.o
update_display_callback_ptr
                    0x2               song_player.o
ch0IntroExt         0x2               song_player.o
ch1MainTrack        0x2               song_player.o
ch1IntroTrack       0x2               song_player.o
ch1Track            0x2               song_player.o
twi_data            0x2               i2c.o
ch0Track            0x2               song_player.o
twi_repeat_cmd      0x1               i2c.o
__flp               0x2               c:/program files (x86)/atmel/studio/7.0/toolchain/avr8/avr8-gnu-toolchain/bin/../lib/gcc/avr/5.4.0/../../../../avr/lib/avrxmega2\libc.a(malloc.o)
ch1Ext              0x2               song_player.o

Discarded input sections

 .data          0x00000000        0x0 C:/Program Files (x86)/Atmel/Studio/7.0/Packs/atmel/XMEGAE_DFP/1.3.114/gcc/dev/atxmega16e5/avrxmega2/crtatxmega16e5.o
 .bss           0x00000000        0x0 C:/Program Files (x86)/Atmel/Studio/7.0/Packs/atmel/XMEGAE_DFP/1.3.114/gcc/dev/atxmega16e5/avrxmega2/crtatxmega16e5.o
 .text          0x00000000        0x0 i2c.o
 .data          0x00000000        0x0 i2c.o
 .bss           0x00000000        0x0 i2c.o
 .text.twi_init
                0x00000000       0x28 i2c.o
 .text.twi_read
                0x00000000       0x34 i2c.o
 .text.twi_repeat
                0x00000000       0x38 i2c.o
 .text.twi_write
                0x00000000       0x32 i2c.o
 .text          0x00000000        0x0 io_expander.o
 .data          0x00000000        0x0 io_expander.o
 .bss           0x00000000        0x0 io_expander.o
 .text.expander_init
                0x00000000       0x34 io_expander.o
 .text.expander_read_port
                0x00000000       0x3c io_expander.o
 .text.expander_read_ports
                0x00000000       0x1e io_expander.o
 .debug_info    0x00000000      0x24d io_expander.o
 .debug_abbrev  0x00000000      0x132 io_expander.o
 .debug_loc     0x00000000      0x10a io_expander.o
 .debug_aranges
                0x00000000       0x30 io_expander.o
 .debug_ranges  0x00000000       0x20 io_expander.o
 .debug_line    0x00000000       0xf8 io_expander.o
 .debug_str     0x00000000      0x1f1 io_expander.o
 .comment       0x00000000       0x31 io_expander.o
 .debug_frame   0x00000000       0x6c io_expander.o
 .text          0x00000000        0x0 light_player.o
 .data          0x00000000        0x0 light_player.o
 .bss           0x00000000        0x0 light_player.o
 .debug_line    0x00000000        0x0 light_player.o
 .debug_str     0x00000000      0x108 light_player.o
 .comment       0x00000000       0x31 light_player.o
 .text          0x00000000        0x0 main.o
 .data          0x00000000        0x0 main.o
 .bss           0x00000000        0x0 main.o
 .text          0x00000000        0x0 note_player.o
 .data          0x00000000        0x0 note_player.o
 .bss           0x00000000        0x0 note_player.o
 .text.note_timer_C5_init
                0x00000000       0x10 note_player.o
 .text.sys_timer_D5_init
                0x00000000       0x1a note_player.o
 .text.note_decay_init
                0x00000000       0x42 note_player.o
 .text.run_note_decay
                0x00000000       0x1c note_player.o
 .text.note_play
                0x00000000       0x34 note_player.o
 .text.reset_play
                0x00000000       0x1c note_player.o
 .text.note_player_init
                0x00000000        0xe note_player.o
 .text.ISR      0x00000000        0x6 note_player.o
 .rodata.exp_decay_vals
                0x00000000       0x1a note_player.o
 .rodata.noteClocks
                0x00000000       0x80 note_player.o
 .rodata.nyanBPMPeriod
                0x00000000        0x2 note_player.o
 .progmem.data.nyanMainExtBass
                0x00000000        0x3 note_player.o
 .progmem.data.nyanMainBass
                0x00000000       0x11 note_player.o
 .progmem.data.nyanMainExtTreble
                0x00000000       0x1b note_player.o
 .progmem.data.nyanMainTreble
                0x00000000       0xd4 note_player.o
 .progmem.data.nyanIntroExtTreble
                0x00000000        0x4 note_player.o
 .progmem.data.nyanIntroTreble
                0x00000000       0x1f note_player.o
 .debug_info    0x00000000     0x16b3 note_player.o
 .debug_abbrev  0x00000000      0x1be note_player.o
 .debug_loc     0x00000000       0x97 note_player.o
 .debug_aranges
                0x00000000       0x58 note_player.o
 .debug_ranges  0x00000000       0x48 note_player.o
 .debug_line    0x00000000      0x264 note_player.o
 .debug_str     0x00000000     0x1636 note_player.o
 .comment       0x00000000       0x31 note_player.o
 .debug_frame   0x00000000       0xa0 note_player.o
 .text          0x00000000        0x0 song_player.o
 .data          0x00000000        0x0 song_player.o
 .bss           0x00000000        0x0 song_player.o
 .text.timer_C4_init
                0x00000000       0x14 song_player.o
 .text.note_0_timer_C5_init
                0x00000000       0x10 song_player.o
 .text.note_1_timer_D5_init
                0x00000000       0x10 song_player.o
 .text.set_note_and_beat
                0x00000000       0xc0 song_player.o
 .text.set_ch0_note_and_beat
                0x00000000       0x46 song_player.o
 .text.set_ch1_note_and_beat
                0x00000000       0x46 song_player.o
 .text.song_init
                0x00000000      0x10e song_player.o
 .text.load_track_into_mem
                0x00000000       0x3c song_player.o
 .text.song_player_init
                0x00000000      0x136 song_player.o
 .text.song_start
                0x00000000        0x8 song_player.o
 .text.ISR      0x00000000      0x14e song_player.o
 .bss.isCh1Intro
                0x00000000        0x1 song_player.o
 .bss.ch1NoteCount
                0x00000000        0x2 song_player.o
 .bss.ch1MainNoteCount
                0x00000000        0x2 song_player.o
 .bss.ch1IntroNoteCount
                0x00000000        0x2 song_player.o
 .bss.noteCh1BeatCount
                0x00000000        0x1 song_player.o
 .bss.noteCh1ExtBitPos
                0x00000000        0x1 song_player.o
 .bss.noteCh1ExtIndex
                0x00000000        0x2 song_player.o
 .bss.noteCh1Index
                0x00000000        0x2 song_player.o
 .bss.hasCh1Main
                0x00000000        0x1 song_player.o
 .bss.hasCh1Intro
                0x00000000        0x1 song_player.o
 .bss.isCh0Intro
                0x00000000        0x1 song_player.o
 .bss.ch0NoteCount
                0x00000000        0x2 song_player.o
 .bss.ch0MainNoteCount
                0x00000000        0x2 song_player.o
 .bss.ch0IntroNoteCount
                0x00000000        0x2 song_player.o
 .bss.noteCh0BeatCount
                0x00000000        0x1 song_player.o
 .bss.noteCh0ExtBitPos
                0x00000000        0x1 song_player.o
 .bss.noteCh0ExtIndex
                0x00000000        0x2 song_player.o
 .bss.noteCh0Index
                0x00000000        0x2 song_player.o
 .bss.hasCh0Main
                0x00000000        0x1 song_player.o
 .bss.hasCh0Intro
                0x00000000        0x1 song_player.o
 .rodata.exp_decay_vals
                0x00000000       0x1a song_player.o
 .rodata.noteClocks
                0x00000000       0x80 song_player.o
 .rodata.nyanBPMPeriod
                0x00000000        0x2 song_player.o
 .progmem.data.nyanMainExtBass
                0x00000000        0x3 song_player.o
 .progmem.data.nyanMainBass
                0x00000000       0x11 song_player.o
 .progmem.data.nyanMainExtTreble
                0x00000000       0x1b song_player.o
 .progmem.data.nyanMainTreble
                0x00000000       0xd4 song_player.o
 .progmem.data.nyanIntroExtTreble
                0x00000000        0x4 song_player.o
 .progmem.data.nyanIntroTreble
                0x00000000       0x1f song_player.o
 .debug_info    0x00000000     0x14f1 song_player.o
 .debug_abbrev  0x00000000      0x2f3 song_player.o
 .debug_loc     0x00000000      0x4d9 song_player.o
 .debug_aranges
                0x00000000       0x70 song_player.o
 .debug_ranges  0x00000000       0x60 song_player.o
 .debug_line    0x00000000      0x5b8 song_player.o
 .debug_str     0x00000000      0xb2e song_player.o
 .comment       0x00000000       0x31 song_player.o
 .debug_frame   0x00000000      0x140 song_player.o
 COMMON         0x00000000       0x1a song_player.o
 .text          0x00000000        0x0 start_mode.o
 .data          0x00000000        0x0 start_mode.o
 .bss           0x00000000        0x0 start_mode.o
 .text.set_allow_portal
                0x00000000       0x12 start_mode.o
 .text.set_allow_easter_egg
                0x00000000       0x12 start_mode.o
 .text.enable_wdt
                0x00000000        0xc start_mode.o
 .text.next_start_mode
                0x00000000       0x78 start_mode.o
 .text          0x00000000        0x0 ws2812drv.o
 .data          0x00000000        0x0 ws2812drv.o
 .bss           0x00000000        0x0 ws2812drv.o
 .text.ws2812drv_init
                0x00000000       0xa0 ws2812drv.o
 .text.ws2812drv_start_transfer
                0x00000000       0x1c ws2812drv.o
 .text.ws2812drv_busy
                0x00000000        0xe ws2812drv.o
 .debug_info    0x00000000      0xeab ws2812drv.o
 .debug_abbrev  0x00000000      0x15d ws2812drv.o
 .debug_loc     0x00000000       0x58 ws2812drv.o
 .debug_aranges
                0x00000000       0x30 ws2812drv.o
 .debug_ranges  0x00000000       0x20 ws2812drv.o
 .debug_line    0x00000000      0x1fd ws2812drv.o
 .debug_str     0x00000000     0x1966 ws2812drv.o
 .comment       0x00000000       0x31 ws2812drv.o
 .debug_frame   0x00000000       0x44 ws2812drv.o
 .text          0x00000000        0x0 c:/program files (x86)/atmel/studio/7.0/toolchain/avr8/avr8-gnu-toolchain/bin/../lib/gcc/avr/5.4.0/avrxmega2\libgcc.a(_exit.o)
 .data          0x00000000        0x0 c:/program files (x86)/atmel/studio/7.0/toolchain/avr8/avr8-gnu-toolchain/bin/../lib/gcc/avr/5.4.0/avrxmega2\libgcc.a(_exit.o)
 .bss           0x00000000        0x0 c:/program files (x86)/atmel/studio/7.0/toolchain/avr8/avr8-gnu-toolchain/bin/../lib/gcc/avr/5.4.0/avrxmega2\libgcc.a(_exit.o)
 .text.libgcc.mul
                0x00000000        0x0 c:/program files (x86)/atmel/studio/7.0/toolchain/avr8/avr8-gnu-toolchain/bin/../lib/gcc/avr/5.4.0/avrxmega2\libgcc.a(_exit.o)
 .text.libgcc.div
                0x00000000        0x0 c:/program files (x86)/atmel/studio/7.0/toolchain/avr8/avr8-gnu-toolchain/bin/../lib/gcc/avr/5.4.0/avrxmega2\libgcc.a(_exit.o)
 .text.libgcc   0x00000000        0x0 c:/program files (x86)/atmel/studio/7.0/toolchain/avr8/avr8-gnu-toolchain/bin/../lib/gcc/avr/5.4.0/avrxmega2\libgcc.a(_exit.o)
 .text.libgcc.prologue
                0x00000000        0x0 c:/program files (x86)/atmel/studio/7.0/toolchain/avr8/avr8-gnu-toolchain/bin/../lib/gcc/avr/5.4.0/avrxmega2\libgcc.a(_exit.o)
 .text.libgcc.builtins
                0x00000000        0x0 c:/program files (x86)/atmel/studio/7.0/toolchain/avr8/avr8-gnu-toolchain/bin/../lib/gcc/avr/5.4.0/avrxmega2\libgcc.a(_exit.o)
 .text.libgcc.fmul
                0x00000000        0x0 c:/program files (x86)/atmel/studio/7.0/toolchain/avr8/avr8-gnu-toolchain/bin/../lib/gcc/avr/5.4.0/avrxmega2\libgcc.a(_exit.o)
 .text.libgcc.fixed
                0x00000000        0x0 c:/program files (x86)/atmel/studio/7.0/toolchain/avr8/avr8-gnu-toolchain/bin/../lib/gcc/avr/5.4.0/avrxmega2\libgcc.a(_exit.o)
 .text          0x00000000        0x0 c:/program files (x86)/atmel/studio/7.0/toolchain/avr8/avr8-gnu-toolchain/bin/../lib/gcc/avr/5.4.0/avrxmega2\libgcc.a(_copy_data.o)
 .data          0x00000000        0x0 c:/program files (x86)/atmel/studio/7.0/toolchain/avr8/avr8-gnu-toolchain/bin/../lib/gcc/avr/5.4.0/avrxmega2\libgcc.a(_copy_data.o)
 .bss           0x00000000        0x0 c:/program files (x86)/atmel/studio/7.0/toolchain/avr8/avr8-gnu-toolchain/bin/../lib/gcc/avr/5.4.0/avrxmega2\libgcc.a(_copy_data.o)
 .text.libgcc.mul
                0x00000000        0x0 c:/program files (x86)/atmel/studio/7.0/toolchain/avr8/avr8-gnu-toolchain/bin/../lib/gcc/avr/5.4.0/avrxmega2\libgcc.a(_copy_data.o)
 .text.libgcc.div
                0x00000000        0x0 c:/program files (x86)/atmel/studio/7.0/toolchain/avr8/avr8-gnu-toolchain/bin/../lib/gcc/avr/5.4.0/avrxmega2\libgcc.a(_copy_data.o)
 .text.libgcc   0x00000000        0x0 c:/program files (x86)/atmel/studio/7.0/toolchain/avr8/avr8-gnu-toolchain/bin/../lib/gcc/avr/5.4.0/avrxmega2\libgcc.a(_copy_data.o)
 .text.libgcc.prologue
                0x00000000        0x0 c:/program files (x86)/atmel/studio/7.0/toolchain/avr8/avr8-gnu-toolchain/bin/../lib/gcc/avr/5.4.0/avrxmega2\libgcc.a(_copy_data.o)
 .text.libgcc.builtins
                0x00000000        0x0 c:/program files (x86)/atmel/studio/7.0/toolchain/avr8/avr8-gnu-toolchain/bin/../lib/gcc/avr/5.4.0/avrxmega2\libgcc.a(_copy_data.o)
 .text.libgcc.fmul
                0x00000000        0x0 c:/program files (x86)/atmel/studio/7.0/toolchain/avr8/avr8-gnu-toolchain/bin/../lib/gcc/avr/5.4.0/avrxmega2\libgcc.a(_copy_data.o)
 .text.libgcc.fixed
                0x00000000        0x0 c:/program files (x86)/atmel/studio/7.0/toolchain/avr8/avr8-gnu-toolchain/bin/../lib/gcc/avr/5.4.0/avrxmega2\libgcc.a(_copy_data.o)
 .text          0x00000000        0x0 c:/program files (x86)/atmel/studio/7.0/toolchain/avr8/avr8-gnu-toolchain/bin/../lib/gcc/avr/5.4.0/avrxmega2\libgcc.a(_clear_bss.o)
 .data          0x00000000        0x0 c:/program files (x86)/atmel/studio/7.0/toolchain/avr8/avr8-gnu-toolchain/bin/../lib/gcc/avr/5.4.0/avrxmega2\libgcc.a(_clear_bss.o)
 .bss           0x00000000        0x0 c:/program files (x86)/atmel/studio/7.0/toolchain/avr8/avr8-gnu-toolchain/bin/../lib/gcc/avr/5.4.0/avrxmega2\libgcc.a(_clear_bss.o)
 .text.libgcc.mul
                0x00000000        0x0 c:/program files (x86)/atmel/studio/7.0/toolchain/avr8/avr8-gnu-toolchain/bin/../lib/gcc/avr/5.4.0/avrxmega2\libgcc.a(_clear_bss.o)
 .text.libgcc.div
                0x00000000        0x0 c:/program files (x86)/atmel/studio/7.0/toolchain/avr8/avr8-gnu-toolchain/bin/../lib/gcc/avr/5.4.0/avrxmega2\libgcc.a(_clear_bss.o)
 .text.libgcc   0x00000000        0x0 c:/program files (x86)/atmel/studio/7.0/toolchain/avr8/avr8-gnu-toolchain/bin/../lib/gcc/avr/5.4.0/avrxmega2\libgcc.a(_clear_bss.o)
 .text.libgcc.prologue
                0x00000000        0x0 c:/program files (x86)/atmel/studio/7.0/toolchain/avr8/avr8-gnu-toolchain/bin/../lib/gcc/avr/5.4.0/avrxmega2\libgcc.a(_clear_bss.o)
 .text.libgcc.builtins
                0x00000000        0x0 c:/program files (x86)/atmel/studio/7.0/toolchain/avr8/avr8-gnu-toolchain/bin/../lib/gcc/avr/5.4.0/avrxmega2\libgcc.a(_clear_bss.o)
 .text.libgcc.fmul
                0x00000000        0x0 c:/program files (x86)/atmel/studio/7.0/toolchain/avr8/avr8-gnu-toolchain/bin/../lib/gcc/avr/5.4.0/avrxmega2\libgcc.a(_clear_bss.o)
 .text.libgcc.fixed
                0x00000000        0x0 c:/program files (x86)/atmel/studio/7.0/toolchain/avr8/avr8-gnu-toolchain/bin/../lib/gcc/avr/5.4.0/avrxmega2\libgcc.a(_clear_bss.o)
 .text          0x00000000        0x0 c:/program files (x86)/atmel/studio/7.0/toolchain/avr8/avr8-gnu-toolchain/bin/../lib/gcc/avr/5.4.0/../../../../avr/lib/avrxmega2\libc.a(malloc.o)
 .data          0x00000000        0x6 c:/program files (x86)/atmel/studio/7.0/toolchain/avr8/avr8-gnu-toolchain/bin/../lib/gcc/avr/5.4.0/../../../../avr/lib/avrxmega2\libc.a(malloc.o)
 .bss           0x00000000        0x0 c:/program files (x86)/atmel/studio/7.0/toolchain/avr8/avr8-gnu-toolchain/bin/../lib/gcc/avr/5.4.0/../../../../avr/lib/avrxmega2\libc.a(malloc.o)
 .text.avr-libc
                0x00000000      0x242 c:/program files (x86)/atmel/studio/7.0/toolchain/avr8/avr8-gnu-toolchain/bin/../lib/gcc/avr/5.4.0/../../../../avr/lib/avrxmega2\libc.a(malloc.o)
 .comment       0x00000000       0x31 c:/program files (x86)/atmel/studio/7.0/toolchain/avr8/avr8-gnu-toolchain/bin/../lib/gcc/avr/5.4.0/../../../../avr/lib/avrxmega2\libc.a(malloc.o)
 COMMON         0x00000000        0x4 c:/program files (x86)/atmel/studio/7.0/toolchain/avr8/avr8-gnu-toolchain/bin/../lib/gcc/avr/5.4.0/../../../../avr/lib/avrxmega2\libc.a(malloc.o)
 .text          0x00000000        0x0 C:/Program Files (x86)/Atmel/Studio/7.0/Packs/atmel/XMEGAE_DFP/1.3.114/gcc/dev/atxmega16e5/avrxmega2\libatxmega16e5.a(eerd_byte.o)
 .data          0x00000000        0x0 C:/Program Files (x86)/Atmel/Studio/7.0/Packs/atmel/XMEGAE_DFP/1.3.114/gcc/dev/atxmega16e5/avrxmega2\libatxmega16e5.a(eerd_byte.o)
 .bss           0x00000000        0x0 C:/Program Files (x86)/Atmel/Studio/7.0/Packs/atmel/XMEGAE_DFP/1.3.114/gcc/dev/atxmega16e5/avrxmega2\libatxmega16e5.a(eerd_byte.o)
 .text          0x00000000        0x0 C:/Program Files (x86)/Atmel/Studio/7.0/Packs/atmel/XMEGAE_DFP/1.3.114/gcc/dev/atxmega16e5/avrxmega2\libatxmega16e5.a(eewr_byte.o)
 .data          0x00000000        0x0 C:/Program Files (x86)/Atmel/Studio/7.0/Packs/atmel/XMEGAE_DFP/1.3.114/gcc/dev/atxmega16e5/avrxmega2\libatxmega16e5.a(eewr_byte.o)
 .bss           0x00000000        0x0 C:/Program Files (x86)/Atmel/Studio/7.0/Packs/atmel/XMEGAE_DFP/1.3.114/gcc/dev/atxmega16e5/avrxmega2\libatxmega16e5.a(eewr_byte.o)

Memory Configuration

Name             Origin             Length             Attributes
text             0x00000000         0x00005000         xr
data             0x00802000         0x00000800         rw !x
eeprom           0x00810000         0x00000200         rw !x
fuse             0x00820000         0x00000007         rw !x
lock             0x00830000         0x00000400         rw !x
signature        0x00840000         0x00000400         rw !x
user_signatures  0x00850000         0x00000400         rw !x
*default*        0x00000000         0xffffffff

Linker script and memory map

LOAD C:/Program Files (x86)/Atmel/Studio/7.0/Packs/atmel/XMEGAE_DFP/1.3.114/gcc/dev/atxmega16e5/avrxmega2/crtatxmega16e5.o
LOAD i2c.o
LOAD io_expander.o
LOAD light_player.o
LOAD main.o
LOAD note_player.o
LOAD song_player.o
LOAD start_mode.o
LOAD ws2812drv.o
START GROUP
LOAD c:/program files (x86)/atmel/studio/7.0/toolchain/avr8/avr8-gnu-toolchain/bin/../lib/gcc/avr/5.4.0/../../../../avr/lib/avrxmega2\libm.a
END GROUP
START GROUP
LOAD c:/program files (x86)/atmel/studio/7.0/toolchain/avr8/avr8-gnu-toolchain/bin/../lib/gcc/avr/5.4.0/avrxmega2\libgcc.a
LOAD c:/program files (x86)/atmel/studio/7.0/toolchain/avr8/avr8-gnu-toolchain/bin/../lib/gcc/avr/5.4.0/../../../../avr/lib/avrxmega2\libm.a
LOAD c:/program files (x86)/atmel/studio/7.0/toolchain/avr8/avr8-gnu-toolchain/bin/../lib/gcc/avr/5.4.0/../../../../avr/lib/avrxmega2\libc.a
LOAD C:/Program Files (x86)/Atmel/Studio/7.0/Packs/atmel/XMEGAE_DFP/1.3.114/gcc/dev/atxmega16e5/avrxmega2\libatxmega16e5.a
END GROUP
                [0x00000000]                __TEXT_REGION_ORIGIN__ = DEFINED (__TEXT_REGION_ORIGIN__)?__TEXT_REGION_ORIGIN__:0x0
                [0x00802000]                __DATA_REGION_ORIGIN__ = DEFINED (__DATA_REGION_ORIGIN__)?__DATA_REGION_ORIGIN__:0x802000
                [0x00005000]                __TEXT_REGION_LENGTH__ = DEFINED (__TEXT_REGION_LENGTH__)?__TEXT_REGION_LENGTH__:0x100000
                [0x00000800]                __DATA_REGION_LENGTH__ = DEFINED (__DATA_REGION_LENGTH__)?__DATA_REGION_LENGTH__:0xffa0
                [0x00000200]                __EEPROM_REGION_LENGTH__ = DEFINED (__EEPROM_REGION_LENGTH__)?__EEPROM_REGION_LENGTH__:0x10000
                [0x00000007]                __FUSE_REGION_LENGTH__ = DEFINED (__FUSE_REGION_LENGTH__)?__FUSE_REGION_LENGTH__:0x400
                0x00000400                __LOCK_REGION_LENGTH__ = DEFINED (__LOCK_REGION_LENGTH__)?__LOCK_REGION_LENGTH__:0x400
                0x00000400                __SIGNATURE_REGION_LENGTH__ = DEFINED (__SIGNATURE_REGION_LENGTH__)?__SIGNATURE_REGION_LENGTH__:0x400
                0x00000400                __USER_SIGNATURE_REGION_LENGTH__ = DEFINED (__USER_SIGNATURE_REGION_LENGTH__)?__USER_SIGNATURE_REGION_LENGTH__:0x400

.hash
 *(.hash)

.dynsym
 *(.dynsym)

.dynstr
 *(.dynstr)

.gnu.version
 *(.gnu.version)

.gnu.version_d
 *(.gnu.version_d)

.gnu.version_r
 *(.gnu.version_r)

.rel.init
 *(.rel.init)

.rela.init
 *(.rela.init)

.rel.text
 *(.rel.text)
 *(.rel.text.*)
 *(.rel.gnu.linkonce.t*)

.rela.text
 *(.rela.text)
 *(.rela.text.*)
 *(.rela.gnu.linkonce.t*)

.rel.fini
 *(.rel.fini)

.rela.fini
 *(.rela.fini)

.rel.rodata
 *(.rel.rodata)
 *(.rel.rodata.*)
 *(.rel.gnu.linkonce.r*)

.rela.rodata
 *(.rela.rodata)
 *(.rela.rodata.*)
 *(.rela.gnu.linkonce.r*)

.rel.data
 *(.rel.data)
 *(.rel.data.*)
 *(.rel.gnu.linkonce.d*)

.rela.data
 *(.rela.data)
 *(.rela.data.*)
 *(.rela.gnu.linkonce.d*)

.rel.ctors
 *(.rel.ctors)

.rela.ctors
 *(.rela.ctors)

.rel.dtors
 *(.rel.dtors)

.rela.dtors
 *(.rela.dtors)

.rel.got
 *(.rel.got)

.rela.got
 *(.rela.got)

.rel.bss
 *(.rel.bss)

.rela.bss
 *(.rela.bss)

.rel.plt
 *(.rel.plt)

.rela.plt
 *(.rela.plt)

.text           0x00000000      0x302
 *(.vectors)
 .vectors       0x00000000       0xac C:/Program Files (x86)/Atmel/Studio/7.0/Packs/atmel/XMEGAE_DFP/1.3.114/gcc/dev/atxmega16e5/avrxmega2/crtatxmega16e5.o
                0x00000000                __vector_default
                0x00000000                __vectors
 *(.vectors)
 *(.progmem.gcc*)
                0x000000ac                . = ALIGN (0x2)
                0x000000ac                __trampolines_start = .
 *(.trampolines)
 .trampolines   0x000000ac        0x0 linker stubs
 *(.trampolines*)
                0x000000ac                __trampolines_end = .
 *libprintf_flt.a:*(.progmem.data)
 *libc.a:*(.progmem.data)
 *(.progmem*)
                0x000000ac                . = ALIGN (0x2)
 *(.jumptables)
 *(.jumptables*)
 *(.lowtext)
 *(.lowtext*)
                0x000000ac                __ctors_start = .
 *(.ctors)
                0x000000ac                __ctors_end = .
                0x000000ac                __dtors_start = .
 *(.dtors)
                0x000000ac                __dtors_end = .
 SORT(*)(.ctors)
 SORT(*)(.dtors)
 *(.init0)
 .init0         0x000000ac        0x0 C:/Program Files (x86)/Atmel/Studio/7.0/Packs/atmel/XMEGAE_DFP/1.3.114/gcc/dev/atxmega16e5/avrxmega2/crtatxmega16e5.o
                0x000000ac                __init
 *(.init0)
 *(.init1)
 *(.init1)
 *(.init2)
 .init2         0x000000ac        0xc C:/Program Files (x86)/Atmel/Studio/7.0/Packs/atmel/XMEGAE_DFP/1.3.114/gcc/dev/atxmega16e5/avrxmega2/crtatxmega16e5.o
 *(.init2)
 *(.init3)
 *(.init3)
 *(.init4)
 .init4         0x000000b8       0x16 c:/program files (x86)/atmel/studio/7.0/toolchain/avr8/avr8-gnu-toolchain/bin/../lib/gcc/avr/5.4.0/avrxmega2\libgcc.a(_copy_data.o)
                0x000000b8                __do_copy_data
 .init4         0x000000ce       0x10 c:/program files (x86)/atmel/studio/7.0/toolchain/avr8/avr8-gnu-toolchain/bin/../lib/gcc/avr/5.4.0/avrxmega2\libgcc.a(_clear_bss.o)
                0x000000ce                __do_clear_bss
 *(.init4)
 *(.init5)
 *(.init5)
 *(.init6)
 *(.init6)
 *(.init7)
 *(.init7)
 *(.init8)
 *(.init8)
 *(.init9)
 .init9         0x000000de        0x8 C:/Program Files (x86)/Atmel/Studio/7.0/Packs/atmel/XMEGAE_DFP/1.3.114/gcc/dev/atxmega16e5/avrxmega2/crtatxmega16e5.o
 *(.init9)
 *(.text)
 .text          0x000000e6        0x4 C:/Program Files (x86)/Atmel/Studio/7.0/Packs/atmel/XMEGAE_DFP/1.3.114/gcc/dev/atxmega16e5/avrxmega2/crtatxmega16e5.o
                0x000000e6                __vector_38
                0x000000e6                __vector_22
                0x000000e6                __vector_28
                0x000000e6                __vector_1
                0x000000e6                __vector_32
                0x000000e6                __vector_34
                0x000000e6                __vector_24
                0x000000e6                __vector_12
                0x000000e6                __bad_interrupt
                0x000000e6                __vector_6
                0x000000e6                __vector_31
                0x000000e6                __vector_35
                0x000000e6                __vector_39
                0x000000e6                __vector_3
                0x000000e6                __vector_23
                0x000000e6                __vector_30
                0x000000e6                __vector_25
                0x000000e6                __vector_13
                0x000000e6                __vector_17
                0x000000e6                __vector_19
                0x000000e6                __vector_7
                0x000000e6                __vector_41
                0x000000e6                __vector_27
                0x000000e6                __vector_5
                0x000000e6                __vector_33
                0x000000e6                __vector_37
                0x000000e6                __vector_4
                0x000000e6                __vector_9
                0x000000e6                __vector_2
                0x000000e6                __vector_21
                0x000000e6                __vector_15
                0x000000e6                __vector_36
                0x000000e6                __vector_29
                0x000000e6                __vector_40
                0x000000e6                __vector_8
                0x000000e6                __vector_26
                0x000000e6                __vector_14
                0x000000e6                __vector_10
                0x000000e6                __vector_16
                0x000000e6                __vector_18
                0x000000e6                __vector_20
                0x000000e6                __vector_42
                0x000000ea                . = ALIGN (0x2)
 *(.text.*)
 .text.__vector_11
                0x000000ea      0x168 i2c.o
                0x000000ea                __vector_11
 .text.start_up
                0x00000252       0x1e main.o
                0x00000252                start_up
 .text.main     0x00000270        0xa main.o
                0x00000270                main
 .text.get_allow_portal
                0x0000027a        0x6 start_mode.o
                0x0000027a                get_allow_portal
 .text.get_allow_easter_egg
                0x00000280        0x6 start_mode.o
                0x00000280                get_allow_easter_egg
 .text.get_start_mode
                0x00000286        0x6 start_mode.o
                0x00000286                get_start_mode
 .text.reset_start_mode
                0x0000028c       0x10 start_mode.o
                0x0000028c                reset_start_mode
 .text.start_mode_init
                0x0000029c       0x26 start_mode.o
                0x0000029c                start_mode_init
 .text.avr-libc
                0x000002c2       0x10 C:/Program Files (x86)/Atmel/Studio/7.0/Packs/atmel/XMEGAE_DFP/1.3.114/gcc/dev/atxmega16e5/avrxmega2\libatxmega16e5.a(eerd_byte.o)
                0x000002c2                eeprom_read_byte
                0x000002ca                eeprom_mapen
 .text.avr-libc
                0x000002d2       0x2c C:/Program Files (x86)/Atmel/Studio/7.0/Packs/atmel/XMEGAE_DFP/1.3.114/gcc/dev/atxmega16e5/avrxmega2\libatxmega16e5.a(eewr_byte.o)
                0x000002d2                eeprom_write_byte
                0x000002d4                eeprom_write_r18
                0x000002fe                . = ALIGN (0x2)
 *(.fini9)
 .fini9         0x000002fe        0x0 c:/program files (x86)/atmel/studio/7.0/toolchain/avr8/avr8-gnu-toolchain/bin/../lib/gcc/avr/5.4.0/avrxmega2\libgcc.a(_exit.o)
                0x000002fe                _exit
                0x000002fe                exit
 *(.fini9)
 *(.fini8)
 *(.fini8)
 *(.fini7)
 *(.fini7)
 *(.fini6)
 *(.fini6)
 *(.fini5)
 *(.fini5)
 *(.fini4)
 *(.fini4)
 *(.fini3)
 *(.fini3)
 *(.fini2)
 *(.fini2)
 *(.fini1)
 *(.fini1)
 *(.fini0)
 .fini0         0x000002fe        0x4 c:/program files (x86)/atmel/studio/7.0/toolchain/avr8/avr8-gnu-toolchain/bin/../lib/gcc/avr/5.4.0/avrxmega2\libgcc.a(_exit.o)
 *(.fini0)
                0x00000302                _etext = .

.data           0x00802000        0x0 load address 0x00000302
                0x00802000                PROVIDE (__data_start, .)
 *(.data)
 *(.data*)
 *(.gnu.linkonce.d*)
 *(.rodata)
 *(.rodata*)
 *(.gnu.linkonce.r*)
                0x00802000                . = ALIGN (0x2)
                0x00802000                _edata = .
                0x00802000                PROVIDE (__data_end, .)

.bss            0x00802000        0xe
                0x00802000                PROVIDE (__bss_start, .)
 *(.bss)
 *(.bss*)
 .bss.allow_easter_egg
                0x00802000        0x1 start_mode.o
                0x00802000                allow_easter_egg
 .bss.allow_portal
                0x00802001        0x1 start_mode.o
                0x00802001                allow_portal
 .bss.start_mode
                0x00802002        0x1 start_mode.o
                0x00802002                start_mode
 *(COMMON)
 COMMON         0x00802003        0xb i2c.o
                0x00802003                twi_repeat_cmd_sent
                0x00802004                twi_no_of_bytes
                0x00802006                twi_repeat_mode
                0x00802007                twi_data_count
                0x00802009                twi_transfer_complete
                0x0080200a                twi_repeat_data
                0x0080200b                twi_data
                0x0080200d                twi_repeat_cmd
                0x0080200e                PROVIDE (__bss_end, .)
                0x00000302                __data_load_start = LOADADDR (.data)
                0x00000302                __data_load_end = (__data_load_start + SIZEOF (.data))

.noinit         0x0080200e        0x0
                [!provide]                PROVIDE (__noinit_start, .)
 *(.noinit*)
                [!provide]                PROVIDE (__noinit_end, .)
                0x0080200e                _end = .
                0x0080200e                PROVIDE (__heap_start, .)

.eeprom         0x00810000        0x0
 *(.eeprom*)
                0x00810000                __eeprom_end = .

.fuse
 *(.fuse)
 *(.lfuse)
 *(.hfuse)
 *(.efuse)

.lock
 *(.lock*)

.signature
 *(.signature*)

.user_signatures
 *(.user_signatures*)

.stab
 *(.stab)

.stabstr
 *(.stabstr)

.stab.excl
 *(.stab.excl)

.stab.exclstr
 *(.stab.exclstr)

.stab.index
 *(.stab.index)

.stab.indexstr
 *(.stab.indexstr)

.comment        0x00000000       0x30
 *(.comment)
 .comment       0x00000000       0x30 i2c.o
                                 0x31 (size before relaxing)
 .comment       0x00000030       0x31 main.o
 .comment       0x00000030       0x31 start_mode.o

.note.gnu.avr.deviceinfo
                0x00000000       0x40
 .note.gnu.avr.deviceinfo
                0x00000000       0x40 C:/Program Files (x86)/Atmel/Studio/7.0/Packs/atmel/XMEGAE_DFP/1.3.114/gcc/dev/atxmega16e5/avrxmega2/crtatxmega16e5.o

.note.gnu.build-id
 *(.note.gnu.build-id)

.debug
 *(.debug)

.line
 *(.line)

.debug_srcinfo
 *(.debug_srcinfo)

.debug_sfnames
 *(.debug_sfnames)

.debug_aranges  0x00000000      0x108
 *(.debug_aranges)
 .debug_aranges
                0x00000000       0x40 i2c.o
 .debug_aranges
                0x00000040       0x28 main.o
 .debug_aranges
                0x00000068       0x60 start_mode.o
 .debug_aranges
                0x000000c8       0x20 C:/Program Files (x86)/Atmel/Studio/7.0/Packs/atmel/XMEGAE_DFP/1.3.114/gcc/dev/atxmega16e5/avrxmega2\libatxmega16e5.a(eerd_byte.o)
 .debug_aranges
                0x000000e8       0x20 C:/Program Files (x86)/Atmel/Studio/7.0/Packs/atmel/XMEGAE_DFP/1.3.114/gcc/dev/atxmega16e5/avrxmega2\libatxmega16e5.a(eewr_byte.o)

.debug_pubnames
 *(.debug_pubnames)

.debug_info     0x00000000     0x2375
 *(.debug_info .gnu.linkonce.wi.*)
 .debug_info    0x00000000     0x1bea C:/Program Files (x86)/Atmel/Studio/7.0/Packs/atmel/XMEGAE_DFP/1.3.114/gcc/dev/atxmega16e5/avrxmega2/crtatxmega16e5.o
 .debug_info    0x00001bea      0x2a2 i2c.o
 .debug_info    0x00001e8c      0x11a main.o
 .debug_info    0x00001fa6      0x28f start_mode.o
 .debug_info    0x00002235       0xa0 C:/Program Files (x86)/Atmel/Studio/7.0/Packs/atmel/XMEGAE_DFP/1.3.114/gcc/dev/atxmega16e5/avrxmega2\libatxmega16e5.a(eerd_byte.o)
 .debug_info    0x000022d5       0xa0 C:/Program Files (x86)/Atmel/Studio/7.0/Packs/atmel/XMEGAE_DFP/1.3.114/gcc/dev/atxmega16e5/avrxmega2\libatxmega16e5.a(eewr_byte.o)

.debug_abbrev   0x00000000     0x1d1c
 *(.debug_abbrev)
 .debug_abbrev  0x00000000     0x1a6e C:/Program Files (x86)/Atmel/Studio/7.0/Packs/atmel/XMEGAE_DFP/1.3.114/gcc/dev/atxmega16e5/avrxmega2/crtatxmega16e5.o
 .debug_abbrev  0x00001a6e       0xeb i2c.o
 .debug_abbrev  0x00001b59       0x80 main.o
 .debug_abbrev  0x00001bd9      0x11b start_mode.o
 .debug_abbrev  0x00001cf4       0x14 C:/Program Files (x86)/Atmel/Studio/7.0/Packs/atmel/XMEGAE_DFP/1.3.114/gcc/dev/atxmega16e5/avrxmega2\libatxmega16e5.a(eerd_byte.o)
 .debug_abbrev  0x00001d08       0x14 C:/Program Files (x86)/Atmel/Studio/7.0/Packs/atmel/XMEGAE_DFP/1.3.114/gcc/dev/atxmega16e5/avrxmega2\libatxmega16e5.a(eewr_byte.o)

.debug_line     0x00000000      0x8cb
 *(.debug_line .debug_line.* .debug_line_end)
 .debug_line    0x00000000      0x199 C:/Program Files (x86)/Atmel/Studio/7.0/Packs/atmel/XMEGAE_DFP/1.3.114/gcc/dev/atxmega16e5/avrxmega2/crtatxmega16e5.o
 .debug_line    0x00000199      0x2b6 i2c.o
 .debug_line    0x0000044f       0x83 main.o
 .debug_line    0x000004d2      0x2b3 start_mode.o
 .debug_line    0x00000785       0x79 C:/Program Files (x86)/Atmel/Studio/7.0/Packs/atmel/XMEGAE_DFP/1.3.114/gcc/dev/atxmega16e5/avrxmega2\libatxmega16e5.a(eerd_byte.o)
 .debug_line    0x000007fe       0xcd C:/Program Files (x86)/Atmel/Studio/7.0/Packs/atmel/XMEGAE_DFP/1.3.114/gcc/dev/atxmega16e5/avrxmega2\libatxmega16e5.a(eewr_byte.o)

.debug_frame    0x00000000      0x170
 *(.debug_frame)
 .debug_frame   0x00000000       0x98 i2c.o
 .debug_frame   0x00000098       0x34 main.o
 .debug_frame   0x000000cc       0xa4 start_mode.o

.debug_str      0x00000000     0x169e
 *(.debug_str)
 .debug_str     0x00000000     0x1277 C:/Program Files (x86)/Atmel/Studio/7.0/Packs/atmel/XMEGAE_DFP/1.3.114/gcc/dev/atxmega16e5/avrxmega2/crtatxmega16e5.o
 .debug_str     0x00001277      0x31a i2c.o
                                0x359 (size before relaxing)
 .debug_str     0x00001591       0x70 main.o
                                0x1d4 (size before relaxing)
 .debug_str     0x00001601       0x9d start_mode.o
                                0x288 (size before relaxing)

.debug_loc      0x00000000      0x15a
 *(.debug_loc)
 .debug_loc     0x00000000       0xfa i2c.o
 .debug_loc     0x000000fa       0x60 start_mode.o

.debug_macinfo
 *(.debug_macinfo)

.debug_weaknames
 *(.debug_weaknames)

.debug_funcnames
 *(.debug_funcnames)

.debug_typenames
 *(.debug_typenames)

.debug_varnames
 *(.debug_varnames)

.debug_pubtypes
 *(.debug_pubtypes)

.debug_ranges   0x00000000       0x98
 *(.debug_ranges)
 .debug_ranges  0x00000000       0x30 i2c.o
 .debug_ranges  0x00000030       0x18 main.o
 .debug_ranges  0x00000048       0x50 start_mode.o

.debug_macro
 *(.debug_macro)
OUTPUT(xmega16e5-plumbus-full.elf elf32-avr)
LOAD linker stubs
