Archive member included to satisfy reference by file (symbol)

c:/program files (x86)/atmel/studio/7.0/toolchain/avr8/avr8-gnu-toolchain/bin/../lib/gcc/avr/5.4.0/avrxmega2\libgcc.a(_divmodhi4.o)
                              games.o (__divmodhi4)
c:/program files (x86)/atmel/studio/7.0/toolchain/avr8/avr8-gnu-toolchain/bin/../lib/gcc/avr/5.4.0/avrxmega2\libgcc.a(_exit.o)
                              C:/Program Files (x86)/Atmel/Studio/7.0/Packs/atmel/XMEGAE_DFP/1.3.114/gcc/dev/atxmega16e5/avrxmega2/crtatxmega16e5.o (exit)
c:/program files (x86)/atmel/studio/7.0/toolchain/avr8/avr8-gnu-toolchain/bin/../lib/gcc/avr/5.4.0/avrxmega2\libgcc.a(_tablejump2.o)
                              main.o (__tablejump2__)
c:/program files (x86)/atmel/studio/7.0/toolchain/avr8/avr8-gnu-toolchain/bin/../lib/gcc/avr/5.4.0/avrxmega2\libgcc.a(_copy_data.o)
                              games.o (__do_copy_data)
c:/program files (x86)/atmel/studio/7.0/toolchain/avr8/avr8-gnu-toolchain/bin/../lib/gcc/avr/5.4.0/avrxmega2\libgcc.a(_clear_bss.o)
                              games.o (__do_clear_bss)
c:/program files (x86)/atmel/studio/7.0/toolchain/avr8/avr8-gnu-toolchain/bin/../lib/gcc/avr/5.4.0/avrxmega2\libgcc.a(_udivmodhi4.o)
                              c:/program files (x86)/atmel/studio/7.0/toolchain/avr8/avr8-gnu-toolchain/bin/../lib/gcc/avr/5.4.0/avrxmega2\libgcc.a(_divmodhi4.o) (__udivmodhi4)
c:/program files (x86)/atmel/studio/7.0/toolchain/avr8/avr8-gnu-toolchain/bin/../lib/gcc/avr/5.4.0/../../../../avr/lib/avrxmega2\libc.a(malloc.o)
                              games.o (malloc)
c:/program files (x86)/atmel/studio/7.0/toolchain/avr8/avr8-gnu-toolchain/bin/../lib/gcc/avr/5.4.0/../../../../avr/lib/avrxmega2\libc.a(rand.o)
                              games.o (rand)
C:/Program Files (x86)/Atmel/Studio/7.0/Packs/atmel/XMEGAE_DFP/1.3.114/gcc/dev/atxmega16e5/avrxmega2\libatxmega16e5.a(eerd_byte.o)
                              start_mode.o (eeprom_read_byte)
C:/Program Files (x86)/Atmel/Studio/7.0/Packs/atmel/XMEGAE_DFP/1.3.114/gcc/dev/atxmega16e5/avrxmega2\libatxmega16e5.a(eewr_byte.o)
                              start_mode.o (eeprom_write_byte)
c:/program files (x86)/atmel/studio/7.0/toolchain/avr8/avr8-gnu-toolchain/bin/../lib/gcc/avr/5.4.0/avrxmega2\libgcc.a(_divmodsi4.o)
                              c:/program files (x86)/atmel/studio/7.0/toolchain/avr8/avr8-gnu-toolchain/bin/../lib/gcc/avr/5.4.0/../../../../avr/lib/avrxmega2\libc.a(rand.o) (__divmodsi4)
c:/program files (x86)/atmel/studio/7.0/toolchain/avr8/avr8-gnu-toolchain/bin/../lib/gcc/avr/5.4.0/avrxmega2\libgcc.a(_negsi2.o)
                              c:/program files (x86)/atmel/studio/7.0/toolchain/avr8/avr8-gnu-toolchain/bin/../lib/gcc/avr/5.4.0/avrxmega2\libgcc.a(_divmodsi4.o) (__negsi2)
c:/program files (x86)/atmel/studio/7.0/toolchain/avr8/avr8-gnu-toolchain/bin/../lib/gcc/avr/5.4.0/avrxmega2\libgcc.a(_muluhisi3.o)
                              c:/program files (x86)/atmel/studio/7.0/toolchain/avr8/avr8-gnu-toolchain/bin/../lib/gcc/avr/5.4.0/../../../../avr/lib/avrxmega2\libc.a(rand.o) (__muluhisi3)
c:/program files (x86)/atmel/studio/7.0/toolchain/avr8/avr8-gnu-toolchain/bin/../lib/gcc/avr/5.4.0/avrxmega2\libgcc.a(_mulshisi3.o)
                              c:/program files (x86)/atmel/studio/7.0/toolchain/avr8/avr8-gnu-toolchain/bin/../lib/gcc/avr/5.4.0/../../../../avr/lib/avrxmega2\libc.a(rand.o) (__mulohisi3)
c:/program files (x86)/atmel/studio/7.0/toolchain/avr8/avr8-gnu-toolchain/bin/../lib/gcc/avr/5.4.0/avrxmega2\libgcc.a(_udivmodsi4.o)
                              c:/program files (x86)/atmel/studio/7.0/toolchain/avr8/avr8-gnu-toolchain/bin/../lib/gcc/avr/5.4.0/avrxmega2\libgcc.a(_divmodsi4.o) (__udivmodsi4)
c:/program files (x86)/atmel/studio/7.0/toolchain/avr8/avr8-gnu-toolchain/bin/../lib/gcc/avr/5.4.0/avrxmega2\libgcc.a(_umulhisi3.o)
                              c:/program files (x86)/atmel/studio/7.0/toolchain/avr8/avr8-gnu-toolchain/bin/../lib/gcc/avr/5.4.0/avrxmega2\libgcc.a(_muluhisi3.o) (__umulhisi3)

Allocating common symbols
Common symbol       size              file

sequence            0x2               games.o
ch1IntroExt         0x2               song_player.o
twi_repeat_cmd_sent
                    0x1               i2c.o
ch0MainExt          0x2               song_player.o
ch0Ext              0x2               song_player.o
ch0MainTrack        0x2               song_player.o
ch0IntroTrack       0x2               song_player.o
twi_no_of_bytes     0x2               i2c.o
twi_repeat_mode     0x1               i2c.o
twi_data_count      0x2               i2c.o
twi_transfer_complete
                    0x1               i2c.o
__brkval            0x2               c:/program files (x86)/atmel/studio/7.0/toolchain/avr8/avr8-gnu-toolchain/bin/../lib/gcc/avr/5.4.0/../../../../avr/lib/avrxmega2\libc.a(malloc.o)
ch1MainExt          0x2               song_player.o
twi_repeat_data     0x1               i2c.o
update_display_callback_ptr
                    0x2               song_player.o
ch0IntroExt         0x2               song_player.o
leds                0xa8              light_player.o
ch1MainTrack        0x2               song_player.o
ch1IntroTrack       0x2               song_player.o
ch1Track            0x2               song_player.o
twi_data            0x2               i2c.o
step                0x2               games.o
ch0Track            0x2               song_player.o
twi_repeat_cmd      0x1               i2c.o
__flp               0x2               c:/program files (x86)/atmel/studio/7.0/toolchain/avr8/avr8-gnu-toolchain/bin/../lib/gcc/avr/5.4.0/../../../../avr/lib/avrxmega2\libc.a(malloc.o)
ch1Ext              0x2               song_player.o

Discarded input sections

 .data          0x00000000        0x0 C:/Program Files (x86)/Atmel/Studio/7.0/Packs/atmel/XMEGAE_DFP/1.3.114/gcc/dev/atxmega16e5/avrxmega2/crtatxmega16e5.o
 .bss           0x00000000        0x0 C:/Program Files (x86)/Atmel/Studio/7.0/Packs/atmel/XMEGAE_DFP/1.3.114/gcc/dev/atxmega16e5/avrxmega2/crtatxmega16e5.o
 .text          0x00000000        0x0 games.o
 .data          0x00000000        0x0 games.o
 .bss           0x00000000        0x0 games.o
 .text.step_hard
                0x00000000        0x2 games.o
 .data.game_lost_notes
                0x00000000        0x4 games.o
 .data.easy_won_notes
                0x00000000        0xc games.o
 .text          0x00000000        0x0 i2c.o
 .data          0x00000000        0x0 i2c.o
 .bss           0x00000000        0x0 i2c.o
 .text.twi_repeat
                0x00000000       0x38 i2c.o
 .text          0x00000000        0x0 io_expander.o
 .data          0x00000000        0x0 io_expander.o
 .bss           0x00000000        0x0 io_expander.o
 .text          0x00000000        0x0 light_player.o
 .data          0x00000000        0x0 light_player.o
 .bss           0x00000000        0x0 light_player.o
 .text.play_lights_standby
                0x00000000       0xa0 light_player.o
 .text          0x00000000        0x0 main.o
 .data          0x00000000        0x0 main.o
 .bss           0x00000000        0x0 main.o
 .text          0x00000000        0x0 note_player.o
 .data          0x00000000        0x0 note_player.o
 .bss           0x00000000        0x0 note_player.o
 .text          0x00000000        0x0 song_player.o
 .data          0x00000000        0x0 song_player.o
 .bss           0x00000000        0x0 song_player.o
 .text          0x00000000        0x0 start_mode.o
 .data          0x00000000        0x0 start_mode.o
 .bss           0x00000000        0x0 start_mode.o
 .text.set_allow_portal
                0x00000000       0x16 start_mode.o
 .text.set_allow_easter_egg
                0x00000000       0x16 start_mode.o
 .text          0x00000000        0x0 ws2812drv.o
 .data          0x00000000        0x0 ws2812drv.o
 .bss           0x00000000        0x0 ws2812drv.o
 .text.ws2812drv_busy
                0x00000000        0xe ws2812drv.o
 .text          0x00000000        0x0 c:/program files (x86)/atmel/studio/7.0/toolchain/avr8/avr8-gnu-toolchain/bin/../lib/gcc/avr/5.4.0/avrxmega2\libgcc.a(_divmodhi4.o)
 .data          0x00000000        0x0 c:/program files (x86)/atmel/studio/7.0/toolchain/avr8/avr8-gnu-toolchain/bin/../lib/gcc/avr/5.4.0/avrxmega2\libgcc.a(_divmodhi4.o)
 .bss           0x00000000        0x0 c:/program files (x86)/atmel/studio/7.0/toolchain/avr8/avr8-gnu-toolchain/bin/../lib/gcc/avr/5.4.0/avrxmega2\libgcc.a(_divmodhi4.o)
 .text.libgcc.mul
                0x00000000        0x0 c:/program files (x86)/atmel/studio/7.0/toolchain/avr8/avr8-gnu-toolchain/bin/../lib/gcc/avr/5.4.0/avrxmega2\libgcc.a(_divmodhi4.o)
 .text.libgcc   0x00000000        0x0 c:/program files (x86)/atmel/studio/7.0/toolchain/avr8/avr8-gnu-toolchain/bin/../lib/gcc/avr/5.4.0/avrxmega2\libgcc.a(_divmodhi4.o)
 .text.libgcc.prologue
                0x00000000        0x0 c:/program files (x86)/atmel/studio/7.0/toolchain/avr8/avr8-gnu-toolchain/bin/../lib/gcc/avr/5.4.0/avrxmega2\libgcc.a(_divmodhi4.o)
 .text.libgcc.builtins
                0x00000000        0x0 c:/program files (x86)/atmel/studio/7.0/toolchain/avr8/avr8-gnu-toolchain/bin/../lib/gcc/avr/5.4.0/avrxmega2\libgcc.a(_divmodhi4.o)
 .text.libgcc.fmul
                0x00000000        0x0 c:/program files (x86)/atmel/studio/7.0/toolchain/avr8/avr8-gnu-toolchain/bin/../lib/gcc/avr/5.4.0/avrxmega2\libgcc.a(_divmodhi4.o)
 .text.libgcc.fixed
                0x00000000        0x0 c:/program files (x86)/atmel/studio/7.0/toolchain/avr8/avr8-gnu-toolchain/bin/../lib/gcc/avr/5.4.0/avrxmega2\libgcc.a(_divmodhi4.o)
 .text          0x00000000        0x0 c:/program files (x86)/atmel/studio/7.0/toolchain/avr8/avr8-gnu-toolchain/bin/../lib/gcc/avr/5.4.0/avrxmega2\libgcc.a(_exit.o)
 .data          0x00000000        0x0 c:/program files (x86)/atmel/studio/7.0/toolchain/avr8/avr8-gnu-toolchain/bin/../lib/gcc/avr/5.4.0/avrxmega2\libgcc.a(_exit.o)
 .bss           0x00000000        0x0 c:/program files (x86)/atmel/studio/7.0/toolchain/avr8/avr8-gnu-toolchain/bin/../lib/gcc/avr/5.4.0/avrxmega2\libgcc.a(_exit.o)
 .text.libgcc.mul
                0x00000000        0x0 c:/program files (x86)/atmel/studio/7.0/toolchain/avr8/avr8-gnu-toolchain/bin/../lib/gcc/avr/5.4.0/avrxmega2\libgcc.a(_exit.o)
 .text.libgcc.div
                0x00000000        0x0 c:/program files (x86)/atmel/studio/7.0/toolchain/avr8/avr8-gnu-toolchain/bin/../lib/gcc/avr/5.4.0/avrxmega2\libgcc.a(_exit.o)
 .text.libgcc   0x00000000        0x0 c:/program files (x86)/atmel/studio/7.0/toolchain/avr8/avr8-gnu-toolchain/bin/../lib/gcc/avr/5.4.0/avrxmega2\libgcc.a(_exit.o)
 .text.libgcc.prologue
                0x00000000        0x0 c:/program files (x86)/atmel/studio/7.0/toolchain/avr8/avr8-gnu-toolchain/bin/../lib/gcc/avr/5.4.0/avrxmega2\libgcc.a(_exit.o)
 .text.libgcc.builtins
                0x00000000        0x0 c:/program files (x86)/atmel/studio/7.0/toolchain/avr8/avr8-gnu-toolchain/bin/../lib/gcc/avr/5.4.0/avrxmega2\libgcc.a(_exit.o)
 .text.libgcc.fmul
                0x00000000        0x0 c:/program files (x86)/atmel/studio/7.0/toolchain/avr8/avr8-gnu-toolchain/bin/../lib/gcc/avr/5.4.0/avrxmega2\libgcc.a(_exit.o)
 .text.libgcc.fixed
                0x00000000        0x0 c:/program files (x86)/atmel/studio/7.0/toolchain/avr8/avr8-gnu-toolchain/bin/../lib/gcc/avr/5.4.0/avrxmega2\libgcc.a(_exit.o)
 .text          0x00000000        0x0 c:/program files (x86)/atmel/studio/7.0/toolchain/avr8/avr8-gnu-toolchain/bin/../lib/gcc/avr/5.4.0/avrxmega2\libgcc.a(_tablejump2.o)
 .data          0x00000000        0x0 c:/program files (x86)/atmel/studio/7.0/toolchain/avr8/avr8-gnu-toolchain/bin/../lib/gcc/avr/5.4.0/avrxmega2\libgcc.a(_tablejump2.o)
 .bss           0x00000000        0x0 c:/program files (x86)/atmel/studio/7.0/toolchain/avr8/avr8-gnu-toolchain/bin/../lib/gcc/avr/5.4.0/avrxmega2\libgcc.a(_tablejump2.o)
 .text.libgcc.mul
                0x00000000        0x0 c:/program files (x86)/atmel/studio/7.0/toolchain/avr8/avr8-gnu-toolchain/bin/../lib/gcc/avr/5.4.0/avrxmega2\libgcc.a(_tablejump2.o)
 .text.libgcc.div
                0x00000000        0x0 c:/program files (x86)/atmel/studio/7.0/toolchain/avr8/avr8-gnu-toolchain/bin/../lib/gcc/avr/5.4.0/avrxmega2\libgcc.a(_tablejump2.o)
 .text.libgcc.prologue
                0x00000000        0x0 c:/program files (x86)/atmel/studio/7.0/toolchain/avr8/avr8-gnu-toolchain/bin/../lib/gcc/avr/5.4.0/avrxmega2\libgcc.a(_tablejump2.o)
 .text.libgcc.builtins
                0x00000000        0x0 c:/program files (x86)/atmel/studio/7.0/toolchain/avr8/avr8-gnu-toolchain/bin/../lib/gcc/avr/5.4.0/avrxmega2\libgcc.a(_tablejump2.o)
 .text.libgcc.fmul
                0x00000000        0x0 c:/program files (x86)/atmel/studio/7.0/toolchain/avr8/avr8-gnu-toolchain/bin/../lib/gcc/avr/5.4.0/avrxmega2\libgcc.a(_tablejump2.o)
 .text.libgcc.fixed
                0x00000000        0x0 c:/program files (x86)/atmel/studio/7.0/toolchain/avr8/avr8-gnu-toolchain/bin/../lib/gcc/avr/5.4.0/avrxmega2\libgcc.a(_tablejump2.o)
 .text          0x00000000        0x0 c:/program files (x86)/atmel/studio/7.0/toolchain/avr8/avr8-gnu-toolchain/bin/../lib/gcc/avr/5.4.0/avrxmega2\libgcc.a(_copy_data.o)
 .data          0x00000000        0x0 c:/program files (x86)/atmel/studio/7.0/toolchain/avr8/avr8-gnu-toolchain/bin/../lib/gcc/avr/5.4.0/avrxmega2\libgcc.a(_copy_data.o)
 .bss           0x00000000        0x0 c:/program files (x86)/atmel/studio/7.0/toolchain/avr8/avr8-gnu-toolchain/bin/../lib/gcc/avr/5.4.0/avrxmega2\libgcc.a(_copy_data.o)
 .text.libgcc.mul
                0x00000000        0x0 c:/program files (x86)/atmel/studio/7.0/toolchain/avr8/avr8-gnu-toolchain/bin/../lib/gcc/avr/5.4.0/avrxmega2\libgcc.a(_copy_data.o)
 .text.libgcc.div
                0x00000000        0x0 c:/program files (x86)/atmel/studio/7.0/toolchain/avr8/avr8-gnu-toolchain/bin/../lib/gcc/avr/5.4.0/avrxmega2\libgcc.a(_copy_data.o)
 .text.libgcc   0x00000000        0x0 c:/program files (x86)/atmel/studio/7.0/toolchain/avr8/avr8-gnu-toolchain/bin/../lib/gcc/avr/5.4.0/avrxmega2\libgcc.a(_copy_data.o)
 .text.libgcc.prologue
                0x00000000        0x0 c:/program files (x86)/atmel/studio/7.0/toolchain/avr8/avr8-gnu-toolchain/bin/../lib/gcc/avr/5.4.0/avrxmega2\libgcc.a(_copy_data.o)
 .text.libgcc.builtins
                0x00000000        0x0 c:/program files (x86)/atmel/studio/7.0/toolchain/avr8/avr8-gnu-toolchain/bin/../lib/gcc/avr/5.4.0/avrxmega2\libgcc.a(_copy_data.o)
 .text.libgcc.fmul
                0x00000000        0x0 c:/program files (x86)/atmel/studio/7.0/toolchain/avr8/avr8-gnu-toolchain/bin/../lib/gcc/avr/5.4.0/avrxmega2\libgcc.a(_copy_data.o)
 .text.libgcc.fixed
                0x00000000        0x0 c:/program files (x86)/atmel/studio/7.0/toolchain/avr8/avr8-gnu-toolchain/bin/../lib/gcc/avr/5.4.0/avrxmega2\libgcc.a(_copy_data.o)
 .text          0x00000000        0x0 c:/program files (x86)/atmel/studio/7.0/toolchain/avr8/avr8-gnu-toolchain/bin/../lib/gcc/avr/5.4.0/avrxmega2\libgcc.a(_clear_bss.o)
 .data          0x00000000        0x0 c:/program files (x86)/atmel/studio/7.0/toolchain/avr8/avr8-gnu-toolchain/bin/../lib/gcc/avr/5.4.0/avrxmega2\libgcc.a(_clear_bss.o)
 .bss           0x00000000        0x0 c:/program files (x86)/atmel/studio/7.0/toolchain/avr8/avr8-gnu-toolchain/bin/../lib/gcc/avr/5.4.0/avrxmega2\libgcc.a(_clear_bss.o)
 .text.libgcc.mul
                0x00000000        0x0 c:/program files (x86)/atmel/studio/7.0/toolchain/avr8/avr8-gnu-toolchain/bin/../lib/gcc/avr/5.4.0/avrxmega2\libgcc.a(_clear_bss.o)
 .text.libgcc.div
                0x00000000        0x0 c:/program files (x86)/atmel/studio/7.0/toolchain/avr8/avr8-gnu-toolchain/bin/../lib/gcc/avr/5.4.0/avrxmega2\libgcc.a(_clear_bss.o)
 .text.libgcc   0x00000000        0x0 c:/program files (x86)/atmel/studio/7.0/toolchain/avr8/avr8-gnu-toolchain/bin/../lib/gcc/avr/5.4.0/avrxmega2\libgcc.a(_clear_bss.o)
 .text.libgcc.prologue
                0x00000000        0x0 c:/program files (x86)/atmel/studio/7.0/toolchain/avr8/avr8-gnu-toolchain/bin/../lib/gcc/avr/5.4.0/avrxmega2\libgcc.a(_clear_bss.o)
 .text.libgcc.builtins
                0x00000000        0x0 c:/program files (x86)/atmel/studio/7.0/toolchain/avr8/avr8-gnu-toolchain/bin/../lib/gcc/avr/5.4.0/avrxmega2\libgcc.a(_clear_bss.o)
 .text.libgcc.fmul
                0x00000000        0x0 c:/program files (x86)/atmel/studio/7.0/toolchain/avr8/avr8-gnu-toolchain/bin/../lib/gcc/avr/5.4.0/avrxmega2\libgcc.a(_clear_bss.o)
 .text.libgcc.fixed
                0x00000000        0x0 c:/program files (x86)/atmel/studio/7.0/toolchain/avr8/avr8-gnu-toolchain/bin/../lib/gcc/avr/5.4.0/avrxmega2\libgcc.a(_clear_bss.o)
 .text          0x00000000        0x0 c:/program files (x86)/atmel/studio/7.0/toolchain/avr8/avr8-gnu-toolchain/bin/../lib/gcc/avr/5.4.0/avrxmega2\libgcc.a(_udivmodhi4.o)
 .data          0x00000000        0x0 c:/program files (x86)/atmel/studio/7.0/toolchain/avr8/avr8-gnu-toolchain/bin/../lib/gcc/avr/5.4.0/avrxmega2\libgcc.a(_udivmodhi4.o)
 .bss           0x00000000        0x0 c:/program files (x86)/atmel/studio/7.0/toolchain/avr8/avr8-gnu-toolchain/bin/../lib/gcc/avr/5.4.0/avrxmega2\libgcc.a(_udivmodhi4.o)
 .text.libgcc.mul
                0x00000000        0x0 c:/program files (x86)/atmel/studio/7.0/toolchain/avr8/avr8-gnu-toolchain/bin/../lib/gcc/avr/5.4.0/avrxmega2\libgcc.a(_udivmodhi4.o)
 .text.libgcc   0x00000000        0x0 c:/program files (x86)/atmel/studio/7.0/toolchain/avr8/avr8-gnu-toolchain/bin/../lib/gcc/avr/5.4.0/avrxmega2\libgcc.a(_udivmodhi4.o)
 .text.libgcc.prologue
                0x00000000        0x0 c:/program files (x86)/atmel/studio/7.0/toolchain/avr8/avr8-gnu-toolchain/bin/../lib/gcc/avr/5.4.0/avrxmega2\libgcc.a(_udivmodhi4.o)
 .text.libgcc.builtins
                0x00000000        0x0 c:/program files (x86)/atmel/studio/7.0/toolchain/avr8/avr8-gnu-toolchain/bin/../lib/gcc/avr/5.4.0/avrxmega2\libgcc.a(_udivmodhi4.o)
 .text.libgcc.fmul
                0x00000000        0x0 c:/program files (x86)/atmel/studio/7.0/toolchain/avr8/avr8-gnu-toolchain/bin/../lib/gcc/avr/5.4.0/avrxmega2\libgcc.a(_udivmodhi4.o)
 .text.libgcc.fixed
                0x00000000        0x0 c:/program files (x86)/atmel/studio/7.0/toolchain/avr8/avr8-gnu-toolchain/bin/../lib/gcc/avr/5.4.0/avrxmega2\libgcc.a(_udivmodhi4.o)
 .text          0x00000000        0x0 c:/program files (x86)/atmel/studio/7.0/toolchain/avr8/avr8-gnu-toolchain/bin/../lib/gcc/avr/5.4.0/../../../../avr/lib/avrxmega2\libc.a(malloc.o)
 .bss           0x00000000        0x0 c:/program files (x86)/atmel/studio/7.0/toolchain/avr8/avr8-gnu-toolchain/bin/../lib/gcc/avr/5.4.0/../../../../avr/lib/avrxmega2\libc.a(malloc.o)
 .text          0x00000000        0x0 c:/program files (x86)/atmel/studio/7.0/toolchain/avr8/avr8-gnu-toolchain/bin/../lib/gcc/avr/5.4.0/../../../../avr/lib/avrxmega2\libc.a(rand.o)
 .bss           0x00000000        0x0 c:/program files (x86)/atmel/studio/7.0/toolchain/avr8/avr8-gnu-toolchain/bin/../lib/gcc/avr/5.4.0/../../../../avr/lib/avrxmega2\libc.a(rand.o)
 .text          0x00000000        0x0 C:/Program Files (x86)/Atmel/Studio/7.0/Packs/atmel/XMEGAE_DFP/1.3.114/gcc/dev/atxmega16e5/avrxmega2\libatxmega16e5.a(eerd_byte.o)
 .data          0x00000000        0x0 C:/Program Files (x86)/Atmel/Studio/7.0/Packs/atmel/XMEGAE_DFP/1.3.114/gcc/dev/atxmega16e5/avrxmega2\libatxmega16e5.a(eerd_byte.o)
 .bss           0x00000000        0x0 C:/Program Files (x86)/Atmel/Studio/7.0/Packs/atmel/XMEGAE_DFP/1.3.114/gcc/dev/atxmega16e5/avrxmega2\libatxmega16e5.a(eerd_byte.o)
 .text          0x00000000        0x0 C:/Program Files (x86)/Atmel/Studio/7.0/Packs/atmel/XMEGAE_DFP/1.3.114/gcc/dev/atxmega16e5/avrxmega2\libatxmega16e5.a(eewr_byte.o)
 .data          0x00000000        0x0 C:/Program Files (x86)/Atmel/Studio/7.0/Packs/atmel/XMEGAE_DFP/1.3.114/gcc/dev/atxmega16e5/avrxmega2\libatxmega16e5.a(eewr_byte.o)
 .bss           0x00000000        0x0 C:/Program Files (x86)/Atmel/Studio/7.0/Packs/atmel/XMEGAE_DFP/1.3.114/gcc/dev/atxmega16e5/avrxmega2\libatxmega16e5.a(eewr_byte.o)
 .text          0x00000000        0x0 c:/program files (x86)/atmel/studio/7.0/toolchain/avr8/avr8-gnu-toolchain/bin/../lib/gcc/avr/5.4.0/avrxmega2\libgcc.a(_divmodsi4.o)
 .data          0x00000000        0x0 c:/program files (x86)/atmel/studio/7.0/toolchain/avr8/avr8-gnu-toolchain/bin/../lib/gcc/avr/5.4.0/avrxmega2\libgcc.a(_divmodsi4.o)
 .bss           0x00000000        0x0 c:/program files (x86)/atmel/studio/7.0/toolchain/avr8/avr8-gnu-toolchain/bin/../lib/gcc/avr/5.4.0/avrxmega2\libgcc.a(_divmodsi4.o)
 .text.libgcc.mul
                0x00000000        0x0 c:/program files (x86)/atmel/studio/7.0/toolchain/avr8/avr8-gnu-toolchain/bin/../lib/gcc/avr/5.4.0/avrxmega2\libgcc.a(_divmodsi4.o)
 .text.libgcc   0x00000000        0x0 c:/program files (x86)/atmel/studio/7.0/toolchain/avr8/avr8-gnu-toolchain/bin/../lib/gcc/avr/5.4.0/avrxmega2\libgcc.a(_divmodsi4.o)
 .text.libgcc.prologue
                0x00000000        0x0 c:/program files (x86)/atmel/studio/7.0/toolchain/avr8/avr8-gnu-toolchain/bin/../lib/gcc/avr/5.4.0/avrxmega2\libgcc.a(_divmodsi4.o)
 .text.libgcc.builtins
                0x00000000        0x0 c:/program files (x86)/atmel/studio/7.0/toolchain/avr8/avr8-gnu-toolchain/bin/../lib/gcc/avr/5.4.0/avrxmega2\libgcc.a(_divmodsi4.o)
 .text.libgcc.fmul
                0x00000000        0x0 c:/program files (x86)/atmel/studio/7.0/toolchain/avr8/avr8-gnu-toolchain/bin/../lib/gcc/avr/5.4.0/avrxmega2\libgcc.a(_divmodsi4.o)
 .text.libgcc.fixed
                0x00000000        0x0 c:/program files (x86)/atmel/studio/7.0/toolchain/avr8/avr8-gnu-toolchain/bin/../lib/gcc/avr/5.4.0/avrxmega2\libgcc.a(_divmodsi4.o)
 .text          0x00000000        0x0 c:/program files (x86)/atmel/studio/7.0/toolchain/avr8/avr8-gnu-toolchain/bin/../lib/gcc/avr/5.4.0/avrxmega2\libgcc.a(_negsi2.o)
 .data          0x00000000        0x0 c:/program files (x86)/atmel/studio/7.0/toolchain/avr8/avr8-gnu-toolchain/bin/../lib/gcc/avr/5.4.0/avrxmega2\libgcc.a(_negsi2.o)
 .bss           0x00000000        0x0 c:/program files (x86)/atmel/studio/7.0/toolchain/avr8/avr8-gnu-toolchain/bin/../lib/gcc/avr/5.4.0/avrxmega2\libgcc.a(_negsi2.o)
 .text.libgcc.mul
                0x00000000        0x0 c:/program files (x86)/atmel/studio/7.0/toolchain/avr8/avr8-gnu-toolchain/bin/../lib/gcc/avr/5.4.0/avrxmega2\libgcc.a(_negsi2.o)
 .text.libgcc   0x00000000        0x0 c:/program files (x86)/atmel/studio/7.0/toolchain/avr8/avr8-gnu-toolchain/bin/../lib/gcc/avr/5.4.0/avrxmega2\libgcc.a(_negsi2.o)
 .text.libgcc.prologue
                0x00000000        0x0 c:/program files (x86)/atmel/studio/7.0/toolchain/avr8/avr8-gnu-toolchain/bin/../lib/gcc/avr/5.4.0/avrxmega2\libgcc.a(_negsi2.o)
 .text.libgcc.builtins
                0x00000000        0x0 c:/program files (x86)/atmel/studio/7.0/toolchain/avr8/avr8-gnu-toolchain/bin/../lib/gcc/avr/5.4.0/avrxmega2\libgcc.a(_negsi2.o)
 .text.libgcc.fmul
                0x00000000        0x0 c:/program files (x86)/atmel/studio/7.0/toolchain/avr8/avr8-gnu-toolchain/bin/../lib/gcc/avr/5.4.0/avrxmega2\libgcc.a(_negsi2.o)
 .text.libgcc.fixed
                0x00000000        0x0 c:/program files (x86)/atmel/studio/7.0/toolchain/avr8/avr8-gnu-toolchain/bin/../lib/gcc/avr/5.4.0/avrxmega2\libgcc.a(_negsi2.o)
 .text          0x00000000        0x0 c:/program files (x86)/atmel/studio/7.0/toolchain/avr8/avr8-gnu-toolchain/bin/../lib/gcc/avr/5.4.0/avrxmega2\libgcc.a(_muluhisi3.o)
 .data          0x00000000        0x0 c:/program files (x86)/atmel/studio/7.0/toolchain/avr8/avr8-gnu-toolchain/bin/../lib/gcc/avr/5.4.0/avrxmega2\libgcc.a(_muluhisi3.o)
 .bss           0x00000000        0x0 c:/program files (x86)/atmel/studio/7.0/toolchain/avr8/avr8-gnu-toolchain/bin/../lib/gcc/avr/5.4.0/avrxmega2\libgcc.a(_muluhisi3.o)
 .text.libgcc.div
                0x00000000        0x0 c:/program files (x86)/atmel/studio/7.0/toolchain/avr8/avr8-gnu-toolchain/bin/../lib/gcc/avr/5.4.0/avrxmega2\libgcc.a(_muluhisi3.o)
 .text.libgcc   0x00000000        0x0 c:/program files (x86)/atmel/studio/7.0/toolchain/avr8/avr8-gnu-toolchain/bin/../lib/gcc/avr/5.4.0/avrxmega2\libgcc.a(_muluhisi3.o)
 .text.libgcc.prologue
                0x00000000        0x0 c:/program files (x86)/atmel/studio/7.0/toolchain/avr8/avr8-gnu-toolchain/bin/../lib/gcc/avr/5.4.0/avrxmega2\libgcc.a(_muluhisi3.o)
 .text.libgcc.builtins
                0x00000000        0x0 c:/program files (x86)/atmel/studio/7.0/toolchain/avr8/avr8-gnu-toolchain/bin/../lib/gcc/avr/5.4.0/avrxmega2\libgcc.a(_muluhisi3.o)
 .text.libgcc.fmul
                0x00000000        0x0 c:/program files (x86)/atmel/studio/7.0/toolchain/avr8/avr8-gnu-toolchain/bin/../lib/gcc/avr/5.4.0/avrxmega2\libgcc.a(_muluhisi3.o)
 .text.libgcc.fixed
                0x00000000        0x0 c:/program files (x86)/atmel/studio/7.0/toolchain/avr8/avr8-gnu-toolchain/bin/../lib/gcc/avr/5.4.0/avrxmega2\libgcc.a(_muluhisi3.o)
 .text          0x00000000        0x0 c:/program files (x86)/atmel/studio/7.0/toolchain/avr8/avr8-gnu-toolchain/bin/../lib/gcc/avr/5.4.0/avrxmega2\libgcc.a(_mulshisi3.o)
 .data          0x00000000        0x0 c:/program files (x86)/atmel/studio/7.0/toolchain/avr8/avr8-gnu-toolchain/bin/../lib/gcc/avr/5.4.0/avrxmega2\libgcc.a(_mulshisi3.o)
 .bss           0x00000000        0x0 c:/program files (x86)/atmel/studio/7.0/toolchain/avr8/avr8-gnu-toolchain/bin/../lib/gcc/avr/5.4.0/avrxmega2\libgcc.a(_mulshisi3.o)
 .text.libgcc.div
                0x00000000        0x0 c:/program files (x86)/atmel/studio/7.0/toolchain/avr8/avr8-gnu-toolchain/bin/../lib/gcc/avr/5.4.0/avrxmega2\libgcc.a(_mulshisi3.o)
 .text.libgcc   0x00000000        0x0 c:/program files (x86)/atmel/studio/7.0/toolchain/avr8/avr8-gnu-toolchain/bin/../lib/gcc/avr/5.4.0/avrxmega2\libgcc.a(_mulshisi3.o)
 .text.libgcc.prologue
                0x00000000        0x0 c:/program files (x86)/atmel/studio/7.0/toolchain/avr8/avr8-gnu-toolchain/bin/../lib/gcc/avr/5.4.0/avrxmega2\libgcc.a(_mulshisi3.o)
 .text.libgcc.builtins
                0x00000000        0x0 c:/program files (x86)/atmel/studio/7.0/toolchain/avr8/avr8-gnu-toolchain/bin/../lib/gcc/avr/5.4.0/avrxmega2\libgcc.a(_mulshisi3.o)
 .text.libgcc.fmul
                0x00000000        0x0 c:/program files (x86)/atmel/studio/7.0/toolchain/avr8/avr8-gnu-toolchain/bin/../lib/gcc/avr/5.4.0/avrxmega2\libgcc.a(_mulshisi3.o)
 .text.libgcc.fixed
                0x00000000        0x0 c:/program files (x86)/atmel/studio/7.0/toolchain/avr8/avr8-gnu-toolchain/bin/../lib/gcc/avr/5.4.0/avrxmega2\libgcc.a(_mulshisi3.o)
 .text          0x00000000        0x0 c:/program files (x86)/atmel/studio/7.0/toolchain/avr8/avr8-gnu-toolchain/bin/../lib/gcc/avr/5.4.0/avrxmega2\libgcc.a(_udivmodsi4.o)
 .data          0x00000000        0x0 c:/program files (x86)/atmel/studio/7.0/toolchain/avr8/avr8-gnu-toolchain/bin/../lib/gcc/avr/5.4.0/avrxmega2\libgcc.a(_udivmodsi4.o)
 .bss           0x00000000        0x0 c:/program files (x86)/atmel/studio/7.0/toolchain/avr8/avr8-gnu-toolchain/bin/../lib/gcc/avr/5.4.0/avrxmega2\libgcc.a(_udivmodsi4.o)
 .text.libgcc.mul
                0x00000000        0x0 c:/program files (x86)/atmel/studio/7.0/toolchain/avr8/avr8-gnu-toolchain/bin/../lib/gcc/avr/5.4.0/avrxmega2\libgcc.a(_udivmodsi4.o)
 .text.libgcc   0x00000000        0x0 c:/program files (x86)/atmel/studio/7.0/toolchain/avr8/avr8-gnu-toolchain/bin/../lib/gcc/avr/5.4.0/avrxmega2\libgcc.a(_udivmodsi4.o)
 .text.libgcc.prologue
                0x00000000        0x0 c:/program files (x86)/atmel/studio/7.0/toolchain/avr8/avr8-gnu-toolchain/bin/../lib/gcc/avr/5.4.0/avrxmega2\libgcc.a(_udivmodsi4.o)
 .text.libgcc.builtins
                0x00000000        0x0 c:/program files (x86)/atmel/studio/7.0/toolchain/avr8/avr8-gnu-toolchain/bin/../lib/gcc/avr/5.4.0/avrxmega2\libgcc.a(_udivmodsi4.o)
 .text.libgcc.fmul
                0x00000000        0x0 c:/program files (x86)/atmel/studio/7.0/toolchain/avr8/avr8-gnu-toolchain/bin/../lib/gcc/avr/5.4.0/avrxmega2\libgcc.a(_udivmodsi4.o)
 .text.libgcc.fixed
                0x00000000        0x0 c:/program files (x86)/atmel/studio/7.0/toolchain/avr8/avr8-gnu-toolchain/bin/../lib/gcc/avr/5.4.0/avrxmega2\libgcc.a(_udivmodsi4.o)
 .text          0x00000000        0x0 c:/program files (x86)/atmel/studio/7.0/toolchain/avr8/avr8-gnu-toolchain/bin/../lib/gcc/avr/5.4.0/avrxmega2\libgcc.a(_umulhisi3.o)
 .data          0x00000000        0x0 c:/program files (x86)/atmel/studio/7.0/toolchain/avr8/avr8-gnu-toolchain/bin/../lib/gcc/avr/5.4.0/avrxmega2\libgcc.a(_umulhisi3.o)
 .bss           0x00000000        0x0 c:/program files (x86)/atmel/studio/7.0/toolchain/avr8/avr8-gnu-toolchain/bin/../lib/gcc/avr/5.4.0/avrxmega2\libgcc.a(_umulhisi3.o)
 .text.libgcc.div
                0x00000000        0x0 c:/program files (x86)/atmel/studio/7.0/toolchain/avr8/avr8-gnu-toolchain/bin/../lib/gcc/avr/5.4.0/avrxmega2\libgcc.a(_umulhisi3.o)
 .text.libgcc   0x00000000        0x0 c:/program files (x86)/atmel/studio/7.0/toolchain/avr8/avr8-gnu-toolchain/bin/../lib/gcc/avr/5.4.0/avrxmega2\libgcc.a(_umulhisi3.o)
 .text.libgcc.prologue
                0x00000000        0x0 c:/program files (x86)/atmel/studio/7.0/toolchain/avr8/avr8-gnu-toolchain/bin/../lib/gcc/avr/5.4.0/avrxmega2\libgcc.a(_umulhisi3.o)
 .text.libgcc.builtins
                0x00000000        0x0 c:/program files (x86)/atmel/studio/7.0/toolchain/avr8/avr8-gnu-toolchain/bin/../lib/gcc/avr/5.4.0/avrxmega2\libgcc.a(_umulhisi3.o)
 .text.libgcc.fmul
                0x00000000        0x0 c:/program files (x86)/atmel/studio/7.0/toolchain/avr8/avr8-gnu-toolchain/bin/../lib/gcc/avr/5.4.0/avrxmega2\libgcc.a(_umulhisi3.o)
 .text.libgcc.fixed
                0x00000000        0x0 c:/program files (x86)/atmel/studio/7.0/toolchain/avr8/avr8-gnu-toolchain/bin/../lib/gcc/avr/5.4.0/avrxmega2\libgcc.a(_umulhisi3.o)

Memory Configuration

Name             Origin             Length             Attributes
text             0x00000000         0x00005000         xr
data             0x00802000         0x00000800         rw !x
eeprom           0x00810000         0x00000200         rw !x
fuse             0x00820000         0x00000007         rw !x
lock             0x00830000         0x00000400         rw !x
signature        0x00840000         0x00000400         rw !x
user_signatures  0x00850000         0x00000400         rw !x
*default*        0x00000000         0xffffffff

Linker script and memory map

LOAD C:/Program Files (x86)/Atmel/Studio/7.0/Packs/atmel/XMEGAE_DFP/1.3.114/gcc/dev/atxmega16e5/avrxmega2/crtatxmega16e5.o
LOAD games.o
LOAD i2c.o
LOAD io_expander.o
LOAD light_player.o
LOAD main.o
LOAD note_player.o
LOAD song_player.o
LOAD start_mode.o
LOAD ws2812drv.o
START GROUP
LOAD c:/program files (x86)/atmel/studio/7.0/toolchain/avr8/avr8-gnu-toolchain/bin/../lib/gcc/avr/5.4.0/../../../../avr/lib/avrxmega2\libm.a
END GROUP
START GROUP
LOAD c:/program files (x86)/atmel/studio/7.0/toolchain/avr8/avr8-gnu-toolchain/bin/../lib/gcc/avr/5.4.0/avrxmega2\libgcc.a
LOAD c:/program files (x86)/atmel/studio/7.0/toolchain/avr8/avr8-gnu-toolchain/bin/../lib/gcc/avr/5.4.0/../../../../avr/lib/avrxmega2\libm.a
LOAD c:/program files (x86)/atmel/studio/7.0/toolchain/avr8/avr8-gnu-toolchain/bin/../lib/gcc/avr/5.4.0/../../../../avr/lib/avrxmega2\libc.a
LOAD C:/Program Files (x86)/Atmel/Studio/7.0/Packs/atmel/XMEGAE_DFP/1.3.114/gcc/dev/atxmega16e5/avrxmega2\libatxmega16e5.a
END GROUP
                [0x00000000]                __TEXT_REGION_ORIGIN__ = DEFINED (__TEXT_REGION_ORIGIN__)?__TEXT_REGION_ORIGIN__:0x0
                [0x00802000]                __DATA_REGION_ORIGIN__ = DEFINED (__DATA_REGION_ORIGIN__)?__DATA_REGION_ORIGIN__:0x802000
                [0x00005000]                __TEXT_REGION_LENGTH__ = DEFINED (__TEXT_REGION_LENGTH__)?__TEXT_REGION_LENGTH__:0x100000
                [0x00000800]                __DATA_REGION_LENGTH__ = DEFINED (__DATA_REGION_LENGTH__)?__DATA_REGION_LENGTH__:0xffa0
                [0x00000200]                __EEPROM_REGION_LENGTH__ = DEFINED (__EEPROM_REGION_LENGTH__)?__EEPROM_REGION_LENGTH__:0x10000
                [0x00000007]                __FUSE_REGION_LENGTH__ = DEFINED (__FUSE_REGION_LENGTH__)?__FUSE_REGION_LENGTH__:0x400
                0x00000400                __LOCK_REGION_LENGTH__ = DEFINED (__LOCK_REGION_LENGTH__)?__LOCK_REGION_LENGTH__:0x400
                0x00000400                __SIGNATURE_REGION_LENGTH__ = DEFINED (__SIGNATURE_REGION_LENGTH__)?__SIGNATURE_REGION_LENGTH__:0x400
                0x00000400                __USER_SIGNATURE_REGION_LENGTH__ = DEFINED (__USER_SIGNATURE_REGION_LENGTH__)?__USER_SIGNATURE_REGION_LENGTH__:0x400

.hash
 *(.hash)

.dynsym
 *(.dynsym)

.dynstr
 *(.dynstr)

.gnu.version
 *(.gnu.version)

.gnu.version_d
 *(.gnu.version_d)

.gnu.version_r
 *(.gnu.version_r)

.rel.init
 *(.rel.init)

.rela.init
 *(.rela.init)

.rel.text
 *(.rel.text)
 *(.rel.text.*)
 *(.rel.gnu.linkonce.t*)

.rela.text
 *(.rela.text)
 *(.rela.text.*)
 *(.rela.gnu.linkonce.t*)

.rel.fini
 *(.rel.fini)

.rela.fini
 *(.rela.fini)

.rel.rodata
 *(.rel.rodata)
 *(.rel.rodata.*)
 *(.rel.gnu.linkonce.r*)

.rela.rodata
 *(.rela.rodata)
 *(.rela.rodata.*)
 *(.rela.gnu.linkonce.r*)

.rel.data
 *(.rel.data)
 *(.rel.data.*)
 *(.rel.gnu.linkonce.d*)

.rela.data
 *(.rela.data)
 *(.rela.data.*)
 *(.rela.gnu.linkonce.d*)

.rel.ctors
 *(.rel.ctors)

.rela.ctors
 *(.rela.ctors)

.rel.dtors
 *(.rel.dtors)

.rela.dtors
 *(.rela.dtors)

.rel.got
 *(.rel.got)

.rela.got
 *(.rela.got)

.rel.bss
 *(.rel.bss)

.rela.bss
 *(.rela.bss)

.rel.plt
 *(.rel.plt)

.rela.plt
 *(.rela.plt)

.text           0x00000000     0x2036
 *(.vectors)
 .vectors       0x00000000       0xac C:/Program Files (x86)/Atmel/Studio/7.0/Packs/atmel/XMEGAE_DFP/1.3.114/gcc/dev/atxmega16e5/avrxmega2/crtatxmega16e5.o
                0x00000000                __vector_default
                0x00000000                __vectors
 *(.vectors)
 *(.progmem.gcc*)
 .progmem.gcc_sw_table.start_up
                0x000000ac        0xe main.o
                0x000000ba                . = ALIGN (0x2)
                0x000000ba                __trampolines_start = .
 *(.trampolines)
 .trampolines   0x000000ba        0x0 linker stubs
 *(.trampolines*)
                0x000000ba                __trampolines_end = .
 *libprintf_flt.a:*(.progmem.data)
 *libc.a:*(.progmem.data)
 *(.progmem*)
 .progmem.data.portalMainExtBass
                0x000000ba       0x16 main.o
 .progmem.data.portalMainBass
                0x000000d0       0xaa main.o
 .progmem.data.portalIntroExtBass
                0x0000017a        0x1 main.o
 .progmem.data.portalIntroBass
                0x0000017b        0x1 main.o
 .progmem.data.portalMainExtTreble
                0x0000017c       0x12 main.o
 .progmem.data.portalMainTreble
                0x0000018e       0x8d main.o
 .progmem.data.portalIntroExtTreble
                0x0000021b        0x1 main.o
 .progmem.data.portalIntroTreble
                0x0000021c        0x4 main.o
 .progmem.data.nyanMainExtBass
                0x00000220        0x3 main.o
 .progmem.data.nyanMainBass
                0x00000223       0x11 main.o
 .progmem.data.nyanIntroExtBass
                0x00000234        0x1 main.o
 .progmem.data.nyanIntroBass
                0x00000235        0x2 main.o
 .progmem.data.nyanMainExtTreble
                0x00000237       0x1b main.o
 .progmem.data.nyanMainTreble
                0x00000252       0xd4 main.o
 .progmem.data.nyanIntroExtTreble
                0x00000326        0x4 main.o
 .progmem.data.nyanIntroTreble
                0x0000032a       0x1f main.o
                0x0000034a                . = ALIGN (0x2)
 *fill*         0x00000349        0x1 
 *(.jumptables)
 *(.jumptables*)
 *(.lowtext)
 *(.lowtext*)
                0x0000034a                __ctors_start = .
 *(.ctors)
                0x0000034a                __ctors_end = .
                0x0000034a                __dtors_start = .
 *(.dtors)
                0x0000034a                __dtors_end = .
 SORT(*)(.ctors)
 SORT(*)(.dtors)
 *(.init0)
 .init0         0x0000034a        0x0 C:/Program Files (x86)/Atmel/Studio/7.0/Packs/atmel/XMEGAE_DFP/1.3.114/gcc/dev/atxmega16e5/avrxmega2/crtatxmega16e5.o
                0x0000034a                __init
 *(.init0)
 *(.init1)
 *(.init1)
 *(.init2)
 .init2         0x0000034a        0xc C:/Program Files (x86)/Atmel/Studio/7.0/Packs/atmel/XMEGAE_DFP/1.3.114/gcc/dev/atxmega16e5/avrxmega2/crtatxmega16e5.o
 *(.init2)
 *(.init3)
 *(.init3)
 *(.init4)
 .init4         0x00000356       0x16 c:/program files (x86)/atmel/studio/7.0/toolchain/avr8/avr8-gnu-toolchain/bin/../lib/gcc/avr/5.4.0/avrxmega2\libgcc.a(_copy_data.o)
                0x00000356                __do_copy_data
 .init4         0x0000036c       0x10 c:/program files (x86)/atmel/studio/7.0/toolchain/avr8/avr8-gnu-toolchain/bin/../lib/gcc/avr/5.4.0/avrxmega2\libgcc.a(_clear_bss.o)
                0x0000036c                __do_clear_bss
 *(.init4)
 *(.init5)
 *(.init5)
 *(.init6)
 *(.init6)
 *(.init7)
 *(.init7)
 *(.init8)
 *(.init8)
 *(.init9)
 .init9         0x0000037c        0x8 C:/Program Files (x86)/Atmel/Studio/7.0/Packs/atmel/XMEGAE_DFP/1.3.114/gcc/dev/atxmega16e5/avrxmega2/crtatxmega16e5.o
 *(.init9)
 *(.text)
 .text          0x00000384        0x4 C:/Program Files (x86)/Atmel/Studio/7.0/Packs/atmel/XMEGAE_DFP/1.3.114/gcc/dev/atxmega16e5/avrxmega2/crtatxmega16e5.o
                0x00000384                __vector_22
                0x00000384                __vector_28
                0x00000384                __vector_1
                0x00000384                __vector_32
                0x00000384                __vector_34
                0x00000384                __vector_24
                0x00000384                __bad_interrupt
                0x00000384                __vector_6
                0x00000384                __vector_31
                0x00000384                __vector_35
                0x00000384                __vector_39
                0x00000384                __vector_23
                0x00000384                __vector_30
                0x00000384                __vector_25
                0x00000384                __vector_13
                0x00000384                __vector_17
                0x00000384                __vector_19
                0x00000384                __vector_7
                0x00000384                __vector_41
                0x00000384                __vector_27
                0x00000384                __vector_5
                0x00000384                __vector_33
                0x00000384                __vector_37
                0x00000384                __vector_4
                0x00000384                __vector_9
                0x00000384                __vector_2
                0x00000384                __vector_21
                0x00000384                __vector_15
                0x00000384                __vector_36
                0x00000384                __vector_29
                0x00000384                __vector_40
                0x00000384                __vector_8
                0x00000384                __vector_26
                0x00000384                __vector_14
                0x00000384                __vector_10
                0x00000384                __vector_16
                0x00000384                __vector_18
                0x00000384                __vector_20
                0x00000384                __vector_42
                0x00000388                . = ALIGN (0x2)
 *(.text.*)
 .text.step_easy
                0x00000388      0x124 games.o
                0x00000388                step_easy
 .text.get_seed
                0x000004ac       0x44 games.o
                0x000004ac                get_seed
 .text.easy_sequence_init
                0x000004f0       0x5e games.o
                0x000004f0                easy_sequence_init
 .text.hard_sequence_init
                0x0000054e       0x4e games.o
                0x0000054e                hard_sequence_init
 .text.games_init
                0x0000059c       0x10 games.o
                0x0000059c                games_init
 .text.games_step
                0x000005ac        0x6 games.o
                0x000005ac                games_step
 .text.twi_init
                0x000005b2       0x28 i2c.o
                0x000005b2                twi_init
 .text.twi_read
                0x000005da       0x34 i2c.o
                0x000005da                twi_read
 .text.twi_write
                0x0000060e       0x32 i2c.o
                0x0000060e                twi_write
 .text.__vector_11
                0x00000640      0x168 i2c.o
                0x00000640                __vector_11
 .text.expander_read_port
                0x000007a8       0x38 io_expander.o
                0x000007a8                expander_read_port
 .text.expander_read_ports
                0x000007e0       0x1e io_expander.o
                0x000007e0                expander_read_ports
 .text.expander_init
                0x000007fe       0x42 io_expander.o
                0x000007fe                expander_init
 .text.expander_get_last_value
                0x00000840        0xa io_expander.o
                0x00000840                expander_get_last_value
 .text.expander_get_val_changed
                0x0000084a       0x3c io_expander.o
                0x0000084a                expander_get_val_changed
 .text.play_lights_overlay_note_button_leds
                0x00000886      0x13a light_player.o
                0x00000886                play_lights_overlay_note_button_leds
 .text.overlay_dingle_pos
                0x000009c0       0x9a light_player.o
                0x000009c0                overlay_dingle_pos
 .text.play_lights_free_play
                0x00000a5a       0xb0 light_player.o
                0x00000a5a                play_lights_free_play
 .text.play_lights_nyan
                0x00000b0a      0x206 light_player.o
                0x00000b0a                play_lights_nyan
 .text.play_lights_portal
                0x00000d10      0x156 light_player.o
                0x00000d10                play_lights_portal
 .text.play_lights_game
                0x00000e66       0xfe light_player.o
                0x00000e66                play_lights_game
 .text.update_display_song_play_cb
                0x00000f64       0x14 main.o
                0x00000f64                update_display_song_play_cb
 .text.clk_init
                0x00000f78       0x24 main.o
                0x00000f78                clk_init
 .text.interrupt_init
                0x00000f9c        0x8 main.o
                0x00000f9c                interrupt_init
 .text.io_init  0x00000fa4       0x32 main.o
                0x00000fa4                io_init
 .text.note_buttons_init
                0x00000fd6       0x1a main.o
                0x00000fd6                note_buttons_init
 .text.dingle_input_init
                0x00000ff0        0x6 main.o
                0x00000ff0                dingle_input_init
 .text.song_out_init
                0x00000ff6       0x12 main.o
                0x00000ff6                song_out_init
 .text.start_up
                0x00001008      0x1fc main.o
                0x00001008                start_up
 .text.check_start_mode_pin
                0x00001204       0x30 main.o
                0x00001204                check_start_mode_pin
 .text.set_startup_mode_lights
                0x00001234       0x28 main.o
                0x00001234                set_startup_mode_lights
 .text.get_note_buttons
                0x0000125c       0x20 main.o
                0x0000125c                get_note_buttons
 .text.check_play_note
                0x0000127c       0x2e main.o
                0x0000127c                check_play_note
 .text.main     0x000012aa       0x86 main.o
                0x000012aa                main
 .text.__vector_12
                0x00001330       0x48 main.o
                0x00001330                __vector_12
 .text.__vector_3
                0x00001378       0x48 main.o
                0x00001378                __vector_3
 .text.__vector_38
                0x000013c0       0x2e main.o
                0x000013c0                __vector_38
 .text.note_timer_C5_init
                0x000013ee       0x10 note_player.o
                0x000013ee                note_timer_C5_init
 .text.sys_timer_D5_init
                0x000013fe       0x1a note_player.o
                0x000013fe                sys_timer_D5_init
 .text.note_decay_init
                0x00001418       0x42 note_player.o
                0x00001418                note_decay_init
 .text.run_note_decay
                0x0000145a       0x1c note_player.o
                0x0000145a                run_note_decay
 .text.note_play
                0x00001476       0x32 note_player.o
                0x00001476                note_play
 .text.reset_play
                0x000014a8       0x1a note_player.o
                0x000014a8                reset_play
 .text.note_player_init
                0x000014c2        0xe note_player.o
                0x000014c2                note_player_init
 .text.note_interrupt_handler
                0x000014d0        0x6 note_player.o
                0x000014d0                note_interrupt_handler
 .text.note_player_playing
                0x000014d6        0x6 note_player.o
                0x000014d6                note_player_playing
 .text.beat_timer_C4_init
                0x000014dc       0x14 song_player.o
                0x000014dc                beat_timer_C4_init
 .text.note_0_timer_C5_init
                0x000014f0       0x10 song_player.o
                0x000014f0                note_0_timer_C5_init
 .text.note_1_timer_D5_init
                0x00001500       0x10 song_player.o
                0x00001500                note_1_timer_D5_init
 .text.set_note_and_beat
                0x00001510       0xc0 song_player.o
                0x00001510                set_note_and_beat
 .text.set_ch0_note_and_beat
                0x000015d0       0x46 song_player.o
                0x000015d0                set_ch0_note_and_beat
 .text.set_ch1_note_and_beat
                0x00001616       0x46 song_player.o
                0x00001616                set_ch1_note_and_beat
 .text.song_init
                0x0000165c      0x10e song_player.o
                0x0000165c                song_init
 .text.load_track_into_mem
                0x0000176a       0x62 song_player.o
                0x0000176a                load_track_into_mem
 .text.song_player_init
                0x000017cc      0x126 song_player.o
                0x000017cc                song_player_init
 .text.song_start
                0x000018f2        0x8 song_player.o
                0x000018f2                song_start
 .text.song_interrupt_handler
                0x000018fa      0x146 song_player.o
                0x000018fa                song_interrupt_handler
 .text.get_allow_portal
                0x00001a40        0x6 start_mode.o
                0x00001a40                get_allow_portal
 .text.get_allow_easter_egg
                0x00001a46        0x6 start_mode.o
                0x00001a46                get_allow_easter_egg
 .text.get_start_mode
                0x00001a4c        0x6 start_mode.o
                0x00001a4c                get_start_mode
 .text.reset_start_mode_in_eeprom
                0x00001a52        0xc start_mode.o
                0x00001a52                reset_start_mode_in_eeprom
 .text.enable_wdt
                0x00001a5e        0xc start_mode.o
                0x00001a5e                enable_wdt
 .text.start_mode_init
                0x00001a6a       0x3c start_mode.o
                0x00001a6a                start_mode_init
 .text.next_start_mode
                0x00001aa6       0x78 start_mode.o
                0x00001aa6                next_start_mode
 .text.ws2812drv_init
                0x00001b1e       0xa0 ws2812drv.o
                0x00001b1e                ws2812drv_init
 .text.ws2812drv_start_transfer
                0x00001bbe       0x1c ws2812drv.o
                0x00001bbe                ws2812drv_start_transfer
 .text.libgcc.div
                0x00001bda       0x28 c:/program files (x86)/atmel/studio/7.0/toolchain/avr8/avr8-gnu-toolchain/bin/../lib/gcc/avr/5.4.0/avrxmega2\libgcc.a(_divmodhi4.o)
                0x00001bda                _div
                0x00001bda                __divmodhi4
 .text.libgcc   0x00001c02        0xc c:/program files (x86)/atmel/studio/7.0/toolchain/avr8/avr8-gnu-toolchain/bin/../lib/gcc/avr/5.4.0/avrxmega2\libgcc.a(_tablejump2.o)
                0x00001c02                __tablejump2__
 .text.libgcc.div
                0x00001c0e       0x28 c:/program files (x86)/atmel/studio/7.0/toolchain/avr8/avr8-gnu-toolchain/bin/../lib/gcc/avr/5.4.0/avrxmega2\libgcc.a(_udivmodhi4.o)
                0x00001c0e                __udivmodhi4
 .text.avr-libc
                0x00001c36      0x242 c:/program files (x86)/atmel/studio/7.0/toolchain/avr8/avr8-gnu-toolchain/bin/../lib/gcc/avr/5.4.0/../../../../avr/lib/avrxmega2\libc.a(malloc.o)
                0x00001c36                malloc
                0x00001d66                free
 .text.avr-libc
                0x00001e78       0xb8 c:/program files (x86)/atmel/studio/7.0/toolchain/avr8/avr8-gnu-toolchain/bin/../lib/gcc/avr/5.4.0/../../../../avr/lib/avrxmega2\libc.a(rand.o)
                0x00001f0a                rand_r
                0x00001f10                rand
                0x00001f1a                srand
 .text.avr-libc
                0x00001f30       0x10 C:/Program Files (x86)/Atmel/Studio/7.0/Packs/atmel/XMEGAE_DFP/1.3.114/gcc/dev/atxmega16e5/avrxmega2\libatxmega16e5.a(eerd_byte.o)
                0x00001f30                eeprom_read_byte
                0x00001f38                eeprom_mapen
 .text.avr-libc
                0x00001f40       0x2c C:/Program Files (x86)/Atmel/Studio/7.0/Packs/atmel/XMEGAE_DFP/1.3.114/gcc/dev/atxmega16e5/avrxmega2\libatxmega16e5.a(eewr_byte.o)
                0x00001f40                eeprom_write_byte
                0x00001f42                eeprom_write_r18
 .text.libgcc.div
                0x00001f6c       0x2e c:/program files (x86)/atmel/studio/7.0/toolchain/avr8/avr8-gnu-toolchain/bin/../lib/gcc/avr/5.4.0/avrxmega2\libgcc.a(_divmodsi4.o)
                0x00001f6c                __divmodsi4
 .text.libgcc.div
                0x00001f9a       0x10 c:/program files (x86)/atmel/studio/7.0/toolchain/avr8/avr8-gnu-toolchain/bin/../lib/gcc/avr/5.4.0/avrxmega2\libgcc.a(_negsi2.o)
                0x00001f9a                __negsi2
 .text.libgcc.mul
                0x00001faa       0x16 c:/program files (x86)/atmel/studio/7.0/toolchain/avr8/avr8-gnu-toolchain/bin/../lib/gcc/avr/5.4.0/avrxmega2\libgcc.a(_muluhisi3.o)
                0x00001faa                __muluhisi3
 .text.libgcc.mul
                0x00001fc0       0x10 c:/program files (x86)/atmel/studio/7.0/toolchain/avr8/avr8-gnu-toolchain/bin/../lib/gcc/avr/5.4.0/avrxmega2\libgcc.a(_mulshisi3.o)
                0x00001fc0                __mulshisi3
                0x00001fc6                __mulohisi3
 .text.libgcc.div
                0x00001fd0       0x44 c:/program files (x86)/atmel/studio/7.0/toolchain/avr8/avr8-gnu-toolchain/bin/../lib/gcc/avr/5.4.0/avrxmega2\libgcc.a(_udivmodsi4.o)
                0x00001fd0                __udivmodsi4
 .text.libgcc.mul
                0x00002014       0x1e c:/program files (x86)/atmel/studio/7.0/toolchain/avr8/avr8-gnu-toolchain/bin/../lib/gcc/avr/5.4.0/avrxmega2\libgcc.a(_umulhisi3.o)
                0x00002014                __umulhisi3
                0x00002032                . = ALIGN (0x2)
 *(.fini9)
 .fini9         0x00002032        0x0 c:/program files (x86)/atmel/studio/7.0/toolchain/avr8/avr8-gnu-toolchain/bin/../lib/gcc/avr/5.4.0/avrxmega2\libgcc.a(_exit.o)
                0x00002032                _exit
                0x00002032                exit
 *(.fini9)
 *(.fini8)
 *(.fini8)
 *(.fini7)
 *(.fini7)
 *(.fini6)
 *(.fini6)
 *(.fini5)
 *(.fini5)
 *(.fini4)
 *(.fini4)
 *(.fini3)
 *(.fini3)
 *(.fini2)
 *(.fini2)
 *(.fini1)
 *(.fini1)
 *(.fini0)
 .fini0         0x00002032        0x4 c:/program files (x86)/atmel/studio/7.0/toolchain/avr8/avr8-gnu-toolchain/bin/../lib/gcc/avr/5.4.0/avrxmega2\libgcc.a(_exit.o)
 *(.fini0)
                0x00002036                _etext = .

.data           0x00802000      0x17a load address 0x00002036
                0x00802000                PROVIDE (__data_start, .)
 *(.data)
 .data          0x00802000        0x6 c:/program files (x86)/atmel/studio/7.0/toolchain/avr8/avr8-gnu-toolchain/bin/../lib/gcc/avr/5.4.0/../../../../avr/lib/avrxmega2\libc.a(malloc.o)
                0x00802000                __malloc_heap_end
                0x00802002                __malloc_heap_start
                0x00802004                __malloc_margin
 .data          0x00802006        0x4 c:/program files (x86)/atmel/studio/7.0/toolchain/avr8/avr8-gnu-toolchain/bin/../lib/gcc/avr/5.4.0/../../../../avr/lib/avrxmega2\libc.a(rand.o)
 *(.data*)
 .data.game_start_notes
                0x0080200a        0x8 games.o
                0x0080200a                game_start_notes
 .data.bump     0x00802012        0x1 light_player.o
 .data.decay_table_len
                0x00802013        0x1 note_player.o
                0x00802013                decay_table_len
 *(.gnu.linkonce.d*)
 *(.rodata)
 *(.rodata*)
 .rodata.rainbow_leds
                0x00802014       0x24 light_player.o
 .rodata.pos_leds
                0x00802038       0x15 light_player.o
 .rodata.LED_MAX_ON
                0x0080204d        0x3 light_player.o
 .rodata.LED_OFF
                0x00802050        0x3 light_player.o
 .rodata.BUTTON_3
                0x00802053        0x3 light_player.o
 .rodata.BUTTON_2
                0x00802056        0x3 light_player.o
 .rodata.BUTTON_1
                0x00802059        0x3 light_player.o
 .rodata.BUTTON_0
                0x0080205c        0x3 light_player.o
 .rodata.expDecayVals
                0x0080205f       0x1a note_player.o
 .rodata.noteClocks
                0x00802079       0x80 note_player.o
 .rodata.noteClocks
                0x008020f9       0x80 song_player.o
 *(.gnu.linkonce.r*)
                0x0080217a                . = ALIGN (0x2)
 *fill*         0x00802179        0x1 
                0x0080217a                _edata = .
                0x0080217a                PROVIDE (__data_end, .)

.bss            0x0080217a      0x101
                0x0080217a                PROVIDE (__bss_start, .)
 *(.bss)
 *(.bss*)
 .bss.game_state
                0x0080217a        0x1 games.o
                0x0080217a                game_state
 .bss.timer_counter
                0x0080217b        0x2 games.o
                0x0080217b                timer_counter
 .bss.progress_index
                0x0080217d        0x1 games.o
                0x0080217d                progress_index
 .bss.play_index
                0x0080217e        0x1 games.o
                0x0080217e                play_index
 .bss.last_val  0x0080217f        0x2 io_expander.o
                0x0080217f                last_val
 .bss.offset    0x00802181        0x1 light_player.o
 .bss.display_ctr
                0x00802182        0x2 main.o
                0x00802182                display_ctr
 .bss.playing   0x00802184        0x1 note_player.o
                0x00802184                playing
 .bss.isCh1Intro
                0x00802185        0x1 song_player.o
                0x00802185                isCh1Intro
 .bss.ch1NoteCount
                0x00802186        0x2 song_player.o
                0x00802186                ch1NoteCount
 .bss.ch1MainNoteCount
                0x00802188        0x2 song_player.o
                0x00802188                ch1MainNoteCount
 .bss.ch1IntroNoteCount
                0x0080218a        0x2 song_player.o
                0x0080218a                ch1IntroNoteCount
 .bss.noteCh1BeatCount
                0x0080218c        0x1 song_player.o
                0x0080218c                noteCh1BeatCount
 .bss.noteCh1ExtBitPos
                0x0080218d        0x1 song_player.o
                0x0080218d                noteCh1ExtBitPos
 .bss.noteCh1ExtIndex
                0x0080218e        0x2 song_player.o
                0x0080218e                noteCh1ExtIndex
 .bss.noteCh1Index
                0x00802190        0x2 song_player.o
                0x00802190                noteCh1Index
 .bss.hasCh1Main
                0x00802192        0x1 song_player.o
                0x00802192                hasCh1Main
 .bss.hasCh1Intro
                0x00802193        0x1 song_player.o
                0x00802193                hasCh1Intro
 .bss.isCh0Intro
                0x00802194        0x1 song_player.o
                0x00802194                isCh0Intro
 .bss.ch0NoteCount
                0x00802195        0x2 song_player.o
                0x00802195                ch0NoteCount
 .bss.ch0MainNoteCount
                0x00802197        0x2 song_player.o
                0x00802197                ch0MainNoteCount
 .bss.ch0IntroNoteCount
                0x00802199        0x2 song_player.o
                0x00802199                ch0IntroNoteCount
 .bss.noteCh0BeatCount
                0x0080219b        0x1 song_player.o
                0x0080219b                noteCh0BeatCount
 .bss.noteCh0ExtBitPos
                0x0080219c        0x1 song_player.o
                0x0080219c                noteCh0ExtBitPos
 .bss.noteCh0ExtIndex
                0x0080219d        0x2 song_player.o
                0x0080219d                noteCh0ExtIndex
 .bss.noteCh0Index
                0x0080219f        0x2 song_player.o
                0x0080219f                noteCh0Index
 .bss.hasCh0Main
                0x008021a1        0x1 song_player.o
                0x008021a1                hasCh0Main
 .bss.hasCh0Intro
                0x008021a2        0x1 song_player.o
                0x008021a2                hasCh0Intro
 .bss.allow_easter_egg
                0x008021a3        0x1 start_mode.o
                0x008021a3                allow_easter_egg
 .bss.allow_portal
                0x008021a4        0x1 start_mode.o
                0x008021a4                allow_portal
 .bss.start_mode
                0x008021a5        0x1 start_mode.o
                0x008021a5                start_mode
 *(COMMON)
 COMMON         0x008021a6        0x4 games.o
                0x008021a6                sequence
                0x008021a8                step
 COMMON         0x008021aa        0xb i2c.o
                0x008021aa                twi_repeat_cmd_sent
                0x008021ab                twi_no_of_bytes
                0x008021ad                twi_repeat_mode
                0x008021ae                twi_data_count
                0x008021b0                twi_transfer_complete
                0x008021b1                twi_repeat_data
                0x008021b2                twi_data
                0x008021b4                twi_repeat_cmd
 COMMON         0x008021b5       0xa8 light_player.o
                0x008021b5                leds
 COMMON         0x0080225d       0x1a song_player.o
                0x0080225d                ch1IntroExt
                0x0080225f                ch0MainExt
                0x00802261                ch0Ext
                0x00802263                ch0MainTrack
                0x00802265                ch0IntroTrack
                0x00802267                ch1MainExt
                0x00802269                update_display_callback_ptr
                0x0080226b                ch0IntroExt
                0x0080226d                ch1MainTrack
                0x0080226f                ch1IntroTrack
                0x00802271                ch1Track
                0x00802273                ch0Track
                0x00802275                ch1Ext
 COMMON         0x00802277        0x4 c:/program files (x86)/atmel/studio/7.0/toolchain/avr8/avr8-gnu-toolchain/bin/../lib/gcc/avr/5.4.0/../../../../avr/lib/avrxmega2\libc.a(malloc.o)
                0x00802277                __brkval
                0x00802279                __flp
                0x0080227b                PROVIDE (__bss_end, .)
                0x00002036                __data_load_start = LOADADDR (.data)
                0x000021b0                __data_load_end = (__data_load_start + SIZEOF (.data))

.noinit         0x0080227b        0x0
                [!provide]                PROVIDE (__noinit_start, .)
 *(.noinit*)
                [!provide]                PROVIDE (__noinit_end, .)
                0x0080227b                _end = .
                0x0080227b                PROVIDE (__heap_start, .)

.eeprom         0x00810000        0x0
 *(.eeprom*)
                0x00810000                __eeprom_end = .

.fuse
 *(.fuse)
 *(.lfuse)
 *(.hfuse)
 *(.efuse)

.lock
 *(.lock*)

.signature
 *(.signature*)

.user_signatures
 *(.user_signatures*)

.stab
 *(.stab)

.stabstr
 *(.stabstr)

.stab.excl
 *(.stab.excl)

.stab.exclstr
 *(.stab.exclstr)

.stab.index
 *(.stab.index)

.stab.indexstr
 *(.stab.indexstr)

.comment        0x00000000       0x30
 *(.comment)
 .comment       0x00000000       0x30 games.o
                                 0x31 (size before relaxing)
 .comment       0x00000030       0x31 i2c.o
 .comment       0x00000030       0x31 io_expander.o
 .comment       0x00000030       0x31 light_player.o
 .comment       0x00000030       0x31 main.o
 .comment       0x00000030       0x31 note_player.o
 .comment       0x00000030       0x31 song_player.o
 .comment       0x00000030       0x31 start_mode.o
 .comment       0x00000030       0x31 ws2812drv.o
 .comment       0x00000030       0x31 c:/program files (x86)/atmel/studio/7.0/toolchain/avr8/avr8-gnu-toolchain/bin/../lib/gcc/avr/5.4.0/../../../../avr/lib/avrxmega2\libc.a(malloc.o)
 .comment       0x00000030       0x31 c:/program files (x86)/atmel/studio/7.0/toolchain/avr8/avr8-gnu-toolchain/bin/../lib/gcc/avr/5.4.0/../../../../avr/lib/avrxmega2\libc.a(rand.o)

.note.gnu.avr.deviceinfo
                0x00000000       0x40
 .note.gnu.avr.deviceinfo
                0x00000000       0x40 C:/Program Files (x86)/Atmel/Studio/7.0/Packs/atmel/XMEGAE_DFP/1.3.114/gcc/dev/atxmega16e5/avrxmega2/crtatxmega16e5.o

.note.gnu.build-id
 *(.note.gnu.build-id)

.debug
 *(.debug)

.line
 *(.line)

.debug_srcinfo
 *(.debug_srcinfo)

.debug_sfnames
 *(.debug_sfnames)

.debug_aranges  0x00000000      0x358
 *(.debug_aranges)
 .debug_aranges
                0x00000000       0x50 games.o
 .debug_aranges
                0x00000050       0x40 i2c.o
 .debug_aranges
                0x00000090       0x40 io_expander.o
 .debug_aranges
                0x000000d0       0x50 light_player.o
 .debug_aranges
                0x00000120       0x98 main.o
 .debug_aranges
                0x000001b8       0x60 note_player.o
 .debug_aranges
                0x00000218       0x70 song_player.o
 .debug_aranges
                0x00000288       0x60 start_mode.o
 .debug_aranges
                0x000002e8       0x30 ws2812drv.o
 .debug_aranges
                0x00000318       0x20 C:/Program Files (x86)/Atmel/Studio/7.0/Packs/atmel/XMEGAE_DFP/1.3.114/gcc/dev/atxmega16e5/avrxmega2\libatxmega16e5.a(eerd_byte.o)
 .debug_aranges
                0x00000338       0x20 C:/Program Files (x86)/Atmel/Studio/7.0/Packs/atmel/XMEGAE_DFP/1.3.114/gcc/dev/atxmega16e5/avrxmega2\libatxmega16e5.a(eewr_byte.o)

.debug_pubnames
 *(.debug_pubnames)

.debug_info     0x00000000     0x7caf
 *(.debug_info .gnu.linkonce.wi.*)
 .debug_info    0x00000000     0x1bea C:/Program Files (x86)/Atmel/Studio/7.0/Packs/atmel/XMEGAE_DFP/1.3.114/gcc/dev/atxmega16e5/avrxmega2/crtatxmega16e5.o
 .debug_info    0x00001bea      0x75b games.o
 .debug_info    0x00002345      0x2a2 i2c.o
 .debug_info    0x000025e7      0x28e io_expander.o
 .debug_info    0x00002875      0x4de light_player.o
 .debug_info    0x00002d53      0xc89 main.o
 .debug_info    0x000039dc     0x18ad note_player.o
 .debug_info    0x00005289     0x17a2 song_player.o
 .debug_info    0x00006a2b      0x299 start_mode.o
 .debug_info    0x00006cc4      0xeab ws2812drv.o
 .debug_info    0x00007b6f       0xa0 C:/Program Files (x86)/Atmel/Studio/7.0/Packs/atmel/XMEGAE_DFP/1.3.114/gcc/dev/atxmega16e5/avrxmega2\libatxmega16e5.a(eerd_byte.o)
 .debug_info    0x00007c0f       0xa0 C:/Program Files (x86)/Atmel/Studio/7.0/Packs/atmel/XMEGAE_DFP/1.3.114/gcc/dev/atxmega16e5/avrxmega2\libatxmega16e5.a(eewr_byte.o)

.debug_abbrev   0x00000000     0x2b3c
 *(.debug_abbrev)
 .debug_abbrev  0x00000000     0x1a6e C:/Program Files (x86)/Atmel/Studio/7.0/Packs/atmel/XMEGAE_DFP/1.3.114/gcc/dev/atxmega16e5/avrxmega2/crtatxmega16e5.o
 .debug_abbrev  0x00001a6e      0x217 games.o
 .debug_abbrev  0x00001c85       0xeb i2c.o
 .debug_abbrev  0x00001d70      0x17e io_expander.o
 .debug_abbrev  0x00001eee      0x1de light_player.o
 .debug_abbrev  0x000020cc      0x2e7 main.o
 .debug_abbrev  0x000023b3      0x1a9 note_player.o
 .debug_abbrev  0x0000255c      0x325 song_player.o
 .debug_abbrev  0x00002881      0x136 start_mode.o
 .debug_abbrev  0x000029b7      0x15d ws2812drv.o
 .debug_abbrev  0x00002b14       0x14 C:/Program Files (x86)/Atmel/Studio/7.0/Packs/atmel/XMEGAE_DFP/1.3.114/gcc/dev/atxmega16e5/avrxmega2\libatxmega16e5.a(eerd_byte.o)
 .debug_abbrev  0x00002b28       0x14 C:/Program Files (x86)/Atmel/Studio/7.0/Packs/atmel/XMEGAE_DFP/1.3.114/gcc/dev/atxmega16e5/avrxmega2\libatxmega16e5.a(eewr_byte.o)

.debug_line     0x00000000     0x2298
 *(.debug_line .debug_line.* .debug_line_end)
 .debug_line    0x00000000      0x199 C:/Program Files (x86)/Atmel/Studio/7.0/Packs/atmel/XMEGAE_DFP/1.3.114/gcc/dev/atxmega16e5/avrxmega2/crtatxmega16e5.o
 .debug_line    0x00000199      0x341 games.o
 .debug_line    0x000004da      0x2b6 i2c.o
 .debug_line    0x00000790      0x16f io_expander.o
 .debug_line    0x000008ff      0x4b3 light_player.o
 .debug_line    0x00000db2      0x62c main.o
 .debug_line    0x000013de      0x276 note_player.o
 .debug_line    0x00001654      0x625 song_player.o
 .debug_line    0x00001c79      0x2dc start_mode.o
 .debug_line    0x00001f55      0x1fd ws2812drv.o
 .debug_line    0x00002152       0x79 C:/Program Files (x86)/Atmel/Studio/7.0/Packs/atmel/XMEGAE_DFP/1.3.114/gcc/dev/atxmega16e5/avrxmega2\libatxmega16e5.a(eerd_byte.o)
 .debug_line    0x000021cb       0xcd C:/Program Files (x86)/Atmel/Studio/7.0/Packs/atmel/XMEGAE_DFP/1.3.114/gcc/dev/atxmega16e5/avrxmega2\libatxmega16e5.a(eewr_byte.o)

.debug_frame    0x00000000      0x7cc
 *(.debug_frame)
 .debug_frame   0x00000000       0xac games.o
 .debug_frame   0x000000ac       0x98 i2c.o
 .debug_frame   0x00000144       0x8c io_expander.o
 .debug_frame   0x000001d0      0x134 light_player.o
 .debug_frame   0x00000304      0x1d4 main.o
 .debug_frame   0x000004d8       0xb0 note_player.o
 .debug_frame   0x00000588      0x15c song_player.o
 .debug_frame   0x000006e4       0xa4 start_mode.o
 .debug_frame   0x00000788       0x44 ws2812drv.o

.debug_str      0x00000000     0x3fe7
 *(.debug_str)
 .debug_str     0x00000000     0x1277 C:/Program Files (x86)/Atmel/Studio/7.0/Packs/atmel/XMEGAE_DFP/1.3.114/gcc/dev/atxmega16e5/avrxmega2/crtatxmega16e5.o
 .debug_str     0x00001277      0x3cf games.o
                                0x447 (size before relaxing)
 .debug_str     0x00001646      0x1d9 i2c.o
                                0x359 (size before relaxing)
 .debug_str     0x0000181f       0x8a io_expander.o
                                0x234 (size before relaxing)
 .debug_str     0x000018a9      0x13e light_player.o
                                0x2e3 (size before relaxing)
 .debug_str     0x000019e7      0x5eb main.o
                                0x889 (size before relaxing)
 .debug_str     0x00001fd2     0x12e8 note_player.o
                               0x1690 (size before relaxing)
 .debug_str     0x000032ba      0x30e song_player.o
                                0xb8e (size before relaxing)
 .debug_str     0x000035c8       0x6c start_mode.o
                                0x292 (size before relaxing)
 .debug_str     0x00003634      0x9b3 ws2812drv.o
                               0x1966 (size before relaxing)

.debug_loc      0x00000000     0x1301
 *(.debug_loc)
 .debug_loc     0x00000000      0x112 games.o
 .debug_loc     0x00000112       0xfa i2c.o
 .debug_loc     0x0000020c      0x160 io_expander.o
 .debug_loc     0x0000036c      0x575 light_player.o
 .debug_loc     0x000008e1      0x408 main.o
 .debug_loc     0x00000ce9       0x50 note_player.o
 .debug_loc     0x00000d39      0x510 song_player.o
 .debug_loc     0x00001249       0x60 start_mode.o
 .debug_loc     0x000012a9       0x58 ws2812drv.o

.debug_macinfo
 *(.debug_macinfo)

.debug_weaknames
 *(.debug_weaknames)

.debug_funcnames
 *(.debug_funcnames)

.debug_typenames
 *(.debug_typenames)

.debug_varnames
 *(.debug_varnames)

.debug_pubtypes
 *(.debug_pubtypes)

.debug_ranges   0x00000000      0x288
 *(.debug_ranges)
 .debug_ranges  0x00000000       0x40 games.o
 .debug_ranges  0x00000040       0x30 i2c.o
 .debug_ranges  0x00000070       0x30 io_expander.o
 .debug_ranges  0x000000a0       0x40 light_player.o
 .debug_ranges  0x000000e0       0x88 main.o
 .debug_ranges  0x00000168       0x50 note_player.o
 .debug_ranges  0x000001b8       0x60 song_player.o
 .debug_ranges  0x00000218       0x50 start_mode.o
 .debug_ranges  0x00000268       0x20 ws2812drv.o

.debug_macro
 *(.debug_macro)
OUTPUT(xmega16e5-plumbus-full.elf elf32-avr)
LOAD linker stubs
